Archive member included to satisfy reference by file (symbol)

C:/ST/STM32CubeIDE_1.16.0/STM32CubeIDE/plugins/com.st.stm32cube.ide.mcu.externaltools.gnu-tools-for-stm32.12.3.rel1.win32_1.0.200.202406191623/tools/bin/../lib/gcc/arm-none-eabi/12.3.1/../../../../arm-none-eabi/lib/thumb/v7e-m+fp/hard\libc_nano.a(libc_a-exit.o)
                              C:/ST/STM32CubeIDE_1.16.0/STM32CubeIDE/plugins/com.st.stm32cube.ide.mcu.externaltools.gnu-tools-for-stm32.12.3.rel1.win32_1.0.200.202406191623/tools/bin/../lib/gcc/arm-none-eabi/12.3.1/../../../../arm-none-eabi/lib/thumb/v7e-m+fp/hard/crt0.o (exit)
C:/ST/STM32CubeIDE_1.16.0/STM32CubeIDE/plugins/com.st.stm32cube.ide.mcu.externaltools.gnu-tools-for-stm32.12.3.rel1.win32_1.0.200.202406191623/tools/bin/../lib/gcc/arm-none-eabi/12.3.1/../../../../arm-none-eabi/lib/thumb/v7e-m+fp/hard\libc_nano.a(libc_a-findfp.o)
                              C:/ST/STM32CubeIDE_1.16.0/STM32CubeIDE/plugins/com.st.stm32cube.ide.mcu.externaltools.gnu-tools-for-stm32.12.3.rel1.win32_1.0.200.202406191623/tools/bin/../lib/gcc/arm-none-eabi/12.3.1/../../../../arm-none-eabi/lib/thumb/v7e-m+fp/hard\libc_nano.a(libc_a-exit.o) (__stdio_exit_handler)
C:/ST/STM32CubeIDE_1.16.0/STM32CubeIDE/plugins/com.st.stm32cube.ide.mcu.externaltools.gnu-tools-for-stm32.12.3.rel1.win32_1.0.200.202406191623/tools/bin/../lib/gcc/arm-none-eabi/12.3.1/../../../../arm-none-eabi/lib/thumb/v7e-m+fp/hard\libc_nano.a(libc_a-fwalk.o)
                              C:/ST/STM32CubeIDE_1.16.0/STM32CubeIDE/plugins/com.st.stm32cube.ide.mcu.externaltools.gnu-tools-for-stm32.12.3.rel1.win32_1.0.200.202406191623/tools/bin/../lib/gcc/arm-none-eabi/12.3.1/../../../../arm-none-eabi/lib/thumb/v7e-m+fp/hard\libc_nano.a(libc_a-findfp.o) (_fwalk_sglue)
C:/ST/STM32CubeIDE_1.16.0/STM32CubeIDE/plugins/com.st.stm32cube.ide.mcu.externaltools.gnu-tools-for-stm32.12.3.rel1.win32_1.0.200.202406191623/tools/bin/../lib/gcc/arm-none-eabi/12.3.1/../../../../arm-none-eabi/lib/thumb/v7e-m+fp/hard\libc_nano.a(libc_a-sprintf.o)
                              ./Core/Src/main.o (sprintf)
C:/ST/STM32CubeIDE_1.16.0/STM32CubeIDE/plugins/com.st.stm32cube.ide.mcu.externaltools.gnu-tools-for-stm32.12.3.rel1.win32_1.0.200.202406191623/tools/bin/../lib/gcc/arm-none-eabi/12.3.1/../../../../arm-none-eabi/lib/thumb/v7e-m+fp/hard\libc_nano.a(libc_a-stdio.o)
                              C:/ST/STM32CubeIDE_1.16.0/STM32CubeIDE/plugins/com.st.stm32cube.ide.mcu.externaltools.gnu-tools-for-stm32.12.3.rel1.win32_1.0.200.202406191623/tools/bin/../lib/gcc/arm-none-eabi/12.3.1/../../../../arm-none-eabi/lib/thumb/v7e-m+fp/hard\libc_nano.a(libc_a-findfp.o) (__sread)
C:/ST/STM32CubeIDE_1.16.0/STM32CubeIDE/plugins/com.st.stm32cube.ide.mcu.externaltools.gnu-tools-for-stm32.12.3.rel1.win32_1.0.200.202406191623/tools/bin/../lib/gcc/arm-none-eabi/12.3.1/../../../../arm-none-eabi/lib/thumb/v7e-m+fp/hard\libc_nano.a(libc_a-memset.o)
                              C:/ST/STM32CubeIDE_1.16.0/STM32CubeIDE/plugins/com.st.stm32cube.ide.mcu.externaltools.gnu-tools-for-stm32.12.3.rel1.win32_1.0.200.202406191623/tools/bin/../lib/gcc/arm-none-eabi/12.3.1/../../../../arm-none-eabi/lib/thumb/v7e-m+fp/hard/crt0.o (memset)
C:/ST/STM32CubeIDE_1.16.0/STM32CubeIDE/plugins/com.st.stm32cube.ide.mcu.externaltools.gnu-tools-for-stm32.12.3.rel1.win32_1.0.200.202406191623/tools/bin/../lib/gcc/arm-none-eabi/12.3.1/../../../../arm-none-eabi/lib/thumb/v7e-m+fp/hard\libc_nano.a(libc_a-closer.o)
                              C:/ST/STM32CubeIDE_1.16.0/STM32CubeIDE/plugins/com.st.stm32cube.ide.mcu.externaltools.gnu-tools-for-stm32.12.3.rel1.win32_1.0.200.202406191623/tools/bin/../lib/gcc/arm-none-eabi/12.3.1/../../../../arm-none-eabi/lib/thumb/v7e-m+fp/hard\libc_nano.a(libc_a-stdio.o) (_close_r)
C:/ST/STM32CubeIDE_1.16.0/STM32CubeIDE/plugins/com.st.stm32cube.ide.mcu.externaltools.gnu-tools-for-stm32.12.3.rel1.win32_1.0.200.202406191623/tools/bin/../lib/gcc/arm-none-eabi/12.3.1/../../../../arm-none-eabi/lib/thumb/v7e-m+fp/hard\libc_nano.a(libc_a-reent.o)
                              C:/ST/STM32CubeIDE_1.16.0/STM32CubeIDE/plugins/com.st.stm32cube.ide.mcu.externaltools.gnu-tools-for-stm32.12.3.rel1.win32_1.0.200.202406191623/tools/bin/../lib/gcc/arm-none-eabi/12.3.1/../../../../arm-none-eabi/lib/thumb/v7e-m+fp/hard\libc_nano.a(libc_a-closer.o) (errno)
C:/ST/STM32CubeIDE_1.16.0/STM32CubeIDE/plugins/com.st.stm32cube.ide.mcu.externaltools.gnu-tools-for-stm32.12.3.rel1.win32_1.0.200.202406191623/tools/bin/../lib/gcc/arm-none-eabi/12.3.1/../../../../arm-none-eabi/lib/thumb/v7e-m+fp/hard\libc_nano.a(libc_a-impure.o)
                              C:/ST/STM32CubeIDE_1.16.0/STM32CubeIDE/plugins/com.st.stm32cube.ide.mcu.externaltools.gnu-tools-for-stm32.12.3.rel1.win32_1.0.200.202406191623/tools/bin/../lib/gcc/arm-none-eabi/12.3.1/../../../../arm-none-eabi/lib/thumb/v7e-m+fp/hard\libc_nano.a(libc_a-sprintf.o) (_impure_ptr)
[...]
Memory Configuration

Name             Origin             Length             Attributes
RAM              0x20000000         0x00020000         xrw
FLASH            0x08000000         0x00080000         xr
*default*        0x00000000         0xffffffff

Linker script and memory map

LOAD C:/ST/STM32CubeIDE_1.16.0/STM32CubeIDE/plugins/com.st.stm32cube.ide.mcu.externaltools.gnu-tools-for-stm32.12.3.rel1.win32_1.0.200.202406191623/tools/bin/../lib/gcc/arm-none-eabi/12.3.1/thumb/v7e-m+fp/hard/crti.o
LOAD C:/ST/STM32CubeIDE_1.16.0/STM32CubeIDE/plugins/com.st.stm32cube.ide.mcu.externaltools.gnu-tools-for-stm32.12.3.rel1.win32_1.0.200.202406191623/tools/bin/../lib/gcc/arm-none-eabi/12.3.1/thumb/v7e-m+fp/hard/crtbegin.o
LOAD C:/ST/STM32CubeIDE_1.16.0/STM32CubeIDE/plugins/com.st.stm32cube.ide.mcu.externaltools.gnu-tools-for-stm32.12.3.rel1.win32_1.0.200.202406191623/tools/bin/../lib/gcc/arm-none-eabi/12.3.1/../../../../arm-none-eabi/lib/thumb/v7e-m+fp/hard/crt0.o
LOAD ./Core/Src/fatfs_sd.o
LOAD ./Core/Src/font.o
LOAD ./Core/Src/graficos.o
LOAD ./Core/Src/ili9341.o
LOAD ./Core/Src/main.o
LOAD ./Core/Src/stm32f4xx_hal_msp.o
LOAD ./Core/Src/stm32f4xx_it.o
LOAD ./Core/Src/syscalls.o
LOAD ./Core/Src/sysmem.o
LOAD ./Core/Src/system_stm32f4xx.o
LOAD ./Core/Startup/startup_stm32f446retx.o
LOAD ./Drivers/STM32F4xx_HAL_Driver/Src/stm32f4xx_hal.o
LOAD ./Drivers/STM32F4xx_HAL_Driver/Src/stm32f4xx_hal_cortex.o
LOAD ./Drivers/STM32F4xx_HAL_Driver/Src/stm32f4xx_hal_dma.o
LOAD ./Drivers/STM32F4xx_HAL_Driver/Src/stm32f4xx_hal_dma_ex.o
LOAD ./Drivers/STM32F4xx_HAL_Driver/Src/stm32f4xx_hal_exti.o
LOAD ./Drivers/STM32F4xx_HAL_Driver/Src/stm32f4xx_hal_flash.o
LOAD ./Drivers/STM32F4xx_HAL_Driver/Src/stm32f4xx_hal_flash_ex.o
LOAD ./Drivers/STM32F4xx_HAL_Driver/Src/stm32f4xx_hal_flash_ramfunc.o
LOAD ./Drivers/STM32F4xx_HAL_Driver/Src/stm32f4xx_hal_gpio.o
LOAD ./Drivers/STM32F4xx_HAL_Driver/Src/stm32f4xx_hal_pwr.o
LOAD ./Drivers/STM32F4xx_HAL_Driver/Src/stm32f4xx_hal_pwr_ex.o
LOAD ./Drivers/STM32F4xx_HAL_Driver/Src/stm32f4xx_hal_rcc.o
LOAD ./Drivers/STM32F4xx_HAL_Driver/Src/stm32f4xx_hal_rcc_ex.o
LOAD ./Drivers/STM32F4xx_HAL_Driver/Src/stm32f4xx_hal_spi.o
LOAD ./Drivers/STM32F4xx_HAL_Driver/Src/stm32f4xx_hal_tim.o
LOAD ./Drivers/STM32F4xx_HAL_Driver/Src/stm32f4xx_hal_tim_ex.o
LOAD ./Drivers/STM32F4xx_HAL_Driver/Src/stm32f4xx_hal_uart.o
LOAD ./FATFS/App/fatfs.o
LOAD ./FATFS/Target/user_diskio.o
LOAD ./Middlewares/Third_Party/FatFs/src/diskio.o
LOAD ./Middlewares/Third_Party/FatFs/src/ff.o
LOAD ./Middlewares/Third_Party/FatFs/src/ff_gen_drv.o
LOAD ./Middlewares/Third_Party/FatFs/src/option/ccsbcs.o
LOAD ./Middlewares/Third_Party/FatFs/src/option/syscall.o
START GROUP
LOAD C:/ST/STM32CubeIDE_1.16.0/STM32CubeIDE/plugins/com.st.stm32cube.ide.mcu.externaltools.gnu-tools-for-stm32.12.3.rel1.win32_1.0.200.202406191623/tools/bin/../lib/gcc/arm-none-eabi/12.3.1/../../../../arm-none-eabi/lib/thumb/v7e-m+fp/hard\libc_nano.a
LOAD C:/ST/STM32CubeIDE_1.16.0/STM32CubeIDE/plugins/com.st.stm32cube.ide.mcu.externaltools.gnu-tools-for-stm32.12.3.rel1.win32_1.0.200.202406191623/tools/bin/../lib/gcc/arm-none-eabi/12.3.1/../../../../arm-none-eabi/lib/thumb/v7e-m+fp/hard\libm.a
END GROUP
START GROUP
LOAD C:/ST/STM32CubeIDE_1.16.0/STM32CubeIDE/plugins/com.st.stm32cube.ide.mcu.externaltools.gnu-tools-for-stm32.12.3.rel1.win32_1.0.200.202406191623/tools/bin/../lib/gcc/arm-none-eabi/12.3.1/thumb/v7e-m+fp/hard\libgcc.a
LOAD C:/ST/STM32CubeIDE_1.16.0/STM32CubeIDE/plugins/com.st.stm32cube.ide.mcu.externaltools.gnu-tools-for-stm32.12.3.rel1.win32_1.0.200.202406191623/tools/bin/../lib/gcc/arm-none-eabi/12.3.1/../../../../arm-none-eabi/lib/thumb/v7e-m+fp/hard\libc_nano.a
END GROUP
START GROUP
LOAD C:/ST/STM32CubeIDE_1.16.0/STM32CubeIDE/plugins/com.st.stm32cube.ide.mcu.externaltools.gnu-tools-for-stm32.12.3.rel1.win32_1.0.200.202406191623/tools/bin/../lib/gcc/arm-none-eabi/12.3.1/thumb/v7e-m+fp/hard\libgcc.a
LOAD C:/ST/STM32CubeIDE_1.16.0/STM32CubeIDE/plugins/com.st.stm32cube.ide.mcu.externaltools.gnu-tools-for-stm32.12.3.rel1.win32_1.0.200.202406191623/tools/bin/../lib/gcc/arm-none-eabi/12.3.1/../../../../arm-none-eabi/lib/thumb/v7e-m+fp/hard\libc_nano.a
LOAD C:/ST/STM32CubeIDE_1.16.0/STM32CubeIDE/plugins/com.st.stm32cube.ide.mcu.externaltools.gnu-tools-for-stm32.12.3.rel1.win32_1.0.200.202406191623/tools/bin/../lib/gcc/arm-none-eabi/12.3.1/../../../../arm-none-eabi/lib/thumb/v7e-m+fp/hard\libnosys.a
END GROUP
START GROUP
LOAD C:/ST/STM32CubeIDE_1.16.0/STM32CubeIDE/plugins/com.st.stm32cube.ide.mcu.externaltools.gnu-tools-for-stm32.12.3.rel1.win32_1.0.200.202406191623/tools/bin/../lib/gcc/arm-none-eabi/12.3.1/thumb/v7e-m+fp/hard\libgcc.a
LOAD C:/ST/STM32CubeIDE_1.16.0/STM32CubeIDE/plugins/com.st.stm32cube.ide.mcu.externaltools.gnu-tools-for-stm32.12.3.rel1.win32_1.0.200.202406191623/tools/bin/../lib/gcc/arm-none-eabi/12.3.1/../../../../arm-none-eabi/lib/thumb/v7e-m+fp/hard\libc_nano.a
LOAD C:/ST/STM32CubeIDE_1.16.0/STM32CubeIDE/plugins/com.st.stm32cube.ide.mcu.externaltools.gnu-tools-for-stm32.12.3.rel1.win32_1.0.200.202406191623/tools/bin/../lib/gcc/arm-none-eabi/12.3.1/../../../../arm-none-eabi/lib/thumb/v7e-m+fp/hard\libnosys.a
END GROUP
LOAD C:/ST/STM32CubeIDE_1.16.0/STM32CubeIDE/plugins/com.st.stm32cube.ide.mcu.externaltools.gnu-tools-for-stm32.12.3.rel1.win32_1.0.200.202406191623/tools/bin/../lib/gcc/arm-none-eabi/12.3.1/thumb/v7e-m+fp/hard/crtend.o
LOAD C:/ST/STM32CubeIDE_1.16.0/STM32CubeIDE/plugins/com.st.stm32cube.ide.mcu.externaltools.gnu-tools-for-stm32.12.3.rel1.win32_1.0.200.202406191623/tools/bin/../lib/gcc/arm-none-eabi/12.3.1/thumb/v7e-m+fp/hard/crtn.o
                0x20020000                        _estack = (ORIGIN (RAM) + LENGTH (RAM))
                0x00000200                        _Min_Heap_Size = 0x200
                0x00000400                        _Min_Stack_Size = 0x400

.isr_vector     0x08000000      0x1c4
                0x08000000                        . = ALIGN (0x4)
 *(.isr_vector)
 .isr_vector    0x08000000      0x1c4 ./Core/Startup/startup_stm32f446retx.o
                0x08000000                g_pfnVectors
                0x080001c4                        . = ALIGN (0x4)

.text           0x080001d0     0xd4d8
                0x080001d0                        . = ALIGN (0x4)
 *(.text)
 .text          0x080001d0       0x40 C:/ST/STM32CubeIDE_1.16.0/STM32CubeIDE/plugins/com.st.stm32cube.ide.mcu.externaltools.gnu-tools-for-stm32.12.3.rel1.win32_1.0.200.202406191623/tools/bin/../lib/gcc/arm-none-eabi/12.3.1/thumb/v7e-m+fp/hard/crtbegin.o
 .text          0x08000210       0x10 C:/ST/STM32CubeIDE_1.16.0/STM32CubeIDE/plugins/com.st.stm32cube.ide.mcu.externaltools.gnu-tools-for-stm32.12.3.rel1.win32_1.0.200.202406191623/tools/bin/../lib/gcc/arm-none-eabi/12.3.1/../../../../arm-none-eabi/lib/thumb/v7e-m+fp/hard\libc_nano.a(libc_a-strlen.o)
                0x08000210                strlen
 .text          0x08000220       0xa0 C:/ST/STM32CubeIDE_1.16.0/STM32CubeIDE/plugins/com.st.stm32cube.ide.mcu.externaltools.gnu-tools-for-stm32.12.3.rel1.win32_1.0.200.202406191623/tools/bin/../lib/gcc/arm-none-eabi/12.3.1/../../../../arm-none-eabi/lib/thumb/v7e-m+fp/hard\libc_nano.a(libc_a-memchr.o)
                0x08000220                memchr
 .text          0x080002c0      0x378 C:/ST/STM32CubeIDE_1.16.0/STM32CubeIDE/plugins/com.st.stm32cube.ide.mcu.externaltools.gnu-tools-for-stm32.12.3.rel1.win32_1.0.200.202406191623/tools/bin/../lib/gcc/arm-none-eabi/12.3.1/thumb/v7e-m+fp/hard\libgcc.a(_arm_addsubdf3.o)
                0x080002c0                __aeabi_drsub
                0x080002c8                __aeabi_dsub
                0x080002c8                __subdf3
                0x080002cc                __aeabi_dadd
                0x080002cc                __adddf3
                0x08000544                __floatunsidf
                0x08000544                __aeabi_ui2d
                0x08000564                __floatsidf
                0x08000564                __aeabi_i2d
                0x08000588                __aeabi_f2d
                0x08000588                __extendsfdf2
                0x080005cc                __floatundidf
                0x080005cc                __aeabi_ul2d
                0x080005dc                __floatdidf
                0x080005dc                __aeabi_l2d
 .text          0x08000638       0xa0 C:/ST/STM32CubeIDE_1.16.0/STM32CubeIDE/plugins/com.st.stm32cube.ide.mcu.externaltools.gnu-tools-for-stm32.12.3.rel1.win32_1.0.200.202406191623/tools/bin/../lib/gcc/arm-none-eabi/12.3.1/thumb/v7e-m+fp/hard\libgcc.a(_arm_truncdfsf2.o)
                0x08000638                __truncdfsf2
                0x08000638                __aeabi_d2f
 .text          0x080006d8       0x30 C:/ST/STM32CubeIDE_1.16.0/STM32CubeIDE/plugins/com.st.stm32cube.ide.mcu.externaltools.gnu-tools-for-stm32.12.3.rel1.win32_1.0.200.202406191623/tools/bin/../lib/gcc/arm-none-eabi/12.3.1/thumb/v7e-m+fp/hard\libgcc.a(_aeabi_uldivmod.o)
                0x080006d8                __aeabi_uldivmod
 .text          0x08000708      0x2bc C:/ST/STM32CubeIDE_1.16.0/STM32CubeIDE/plugins/com.st.stm32cube.ide.mcu.externaltools.gnu-tools-for-stm32.12.3.rel1.win32_1.0.200.202406191623/tools/bin/../lib/gcc/arm-none-eabi/12.3.1/thumb/v7e-m+fp/hard\libgcc.a(_udivmoddi4.o)
                0x08000708                __udivmoddi4
 .text          0x080009c4        0x4 C:/ST/STM32CubeIDE_1.16.0/STM32CubeIDE/plugins/com.st.stm32cube.ide.mcu.externaltools.gnu-tools-for-stm32.12.3.rel1.win32_1.0.200.202406191623/tools/bin/../lib/gcc/arm-none-eabi/12.3.1/thumb/v7e-m+fp/hard\libgcc.a(_dvmd_tls.o)
                0x080009c4                __aeabi_idiv0
                0x080009c4                __aeabi_ldiv0
 *(.text*)
 .text.SELECT   0x080009c8       0x1c ./Core/Src/fatfs_sd.o
 .text.DESELECT
                0x080009e4       0x1c ./Core/Src/fatfs_sd.o
 .text.SPI_TxByte
                0x08000a00       0x34 ./Core/Src/fatfs_sd.o
 .text.SPI_TxBuffer
                0x08000a34       0x34 ./Core/Src/fatfs_sd.o
 .text.SPI_RxByte
                0x08000a68       0x38 ./Core/Src/fatfs_sd.o
 .text.SPI_RxBytePtr
                0x08000aa0       0x1c ./Core/Src/fatfs_sd.o
 .text.SD_ReadyWait
                0x08000abc       0x34 ./Core/Src/fatfs_sd.o
 .text.SD_PowerOn
                0x08000af0       0x84 ./Core/Src/fatfs_sd.o
 .text.SD_PowerOff
                0x08000b74       0x18 ./Core/Src/fatfs_sd.o
 .text.SD_CheckPower
                0x08000b8c       0x18 ./Core/Src/fatfs_sd.o
 .text.SD_RxDataBlock
                0x08000ba4       0x5c ./Core/Src/fatfs_sd.o
 .text.SD_TxDataBlock
                0x08000c00       0x86 ./Core/Src/fatfs_sd.o
 .text.SD_SendCmd
                0x08000c86       0xa8 ./Core/Src/fatfs_sd.o
 *fill*         0x08000d2e        0x2 
 .text.SD_disk_initialize
                0x08000d30      0x1cc ./Core/Src/fatfs_sd.o
                0x08000d30                SD_disk_initialize
 .text.SD_disk_status
                0x08000efc       0x2c ./Core/Src/fatfs_sd.o
                0x08000efc                SD_disk_status
 .text.SD_disk_read
                0x08000f28       0xd4 ./Core/Src/fatfs_sd.o
                0x08000f28                SD_disk_read
 .text.SD_disk_write
                0x08000ffc      0x108 ./Core/Src/fatfs_sd.o
                0x08000ffc                SD_disk_write
 .text.SD_disk_ioctl
                0x08001104      0x254 ./Core/Src/fatfs_sd.o
                0x08001104                SD_disk_ioctl
 .text.LCD_Init
                0x08001358      0x1f8 ./Core/Src/ili9341.o
                0x08001358                LCD_Init
 .text.LCD_CMD  0x08001550      0x14c ./Core/Src/ili9341.o
                0x08001550                LCD_CMD
 .text.LCD_DATA
                0x0800169c      0x14c ./Core/Src/ili9341.o
                0x0800169c                LCD_DATA
 .text.SetWindows
                0x080017e8       0x80 ./Core/Src/ili9341.o
                0x080017e8                SetWindows
 .text.H_line   0x08001868       0x80 ./Core/Src/ili9341.o
                0x08001868                H_line
 .text.V_line   0x080018e8       0x80 ./Core/Src/ili9341.o
                0x080018e8                V_line
 .text.Rect     0x08001968       0x4e ./Core/Src/ili9341.o
                0x08001968                Rect
 *fill*         0x080019b6        0x2 
 .text.FillRect
                0x080019b8       0xb4 ./Core/Src/ili9341.o
                0x080019b8                FillRect
 .text.LCD_Bitmap
                0x08001a6c       0xac ./Core/Src/ili9341.o
                0x08001a6c                LCD_Bitmap
 .text.LCD_Sprite
                0x08001b18      0x158 ./Core/Src/ili9341.o
                0x08001b18                LCD_Sprite
 .text.transmit_uart
                0x08001c70       0x2c ./Core/Src/main.o
                0x08001c70                transmit_uart
 .text.CargarBitmaps_SD
                0x08001c9c      0x10c ./Core/Src/main.o
                0x08001c9c                CargarBitmaps_SD
 .text.setPWM_Frequency
                0x08001da8       0x5c ./Core/Src/main.o
                0x08001da8                setPWM_Frequency
 .text.setPWM_DutyCycle
                0x08001e04       0x3c ./Core/Src/main.o
                0x08001e04                setPWM_DutyCycle
 .text.animation_e1_control
                0x08001e40       0xa8 ./Core/Src/main.o
                0x08001e40                animation_e1_control
 .text.animation_e1
                0x08001ee8      0x190 ./Core/Src/main.o
                0x08001ee8                animation_e1
 .text.animation_e1_die
                0x08002078       0xa4 ./Core/Src/main.o
                0x08002078                animation_e1_die
 .text.animation_e1_dieS
                0x0800211c       0xa0 ./Core/Src/main.o
                0x0800211c                animation_e1_dieS
 .text.initEnemy1
                0x080021bc      0x1e4 ./Core/Src/main.o
                0x080021bc                initEnemy1
 .text.ColisionPlayer_e1
                0x080023a0      0x4c8 ./Core/Src/main.o
                0x080023a0                ColisionPlayer_e1
 .text.Hitbox_e2
                0x08002868      0x19c ./Core/Src/main.o
                0x08002868                Hitbox_e2
 .text.initEnemy2
                0x08002a04       0x74 ./Core/Src/main.o
                0x08002a04                initEnemy2
 .text.moveE2   0x08002a78      0x230 ./Core/Src/main.o
                0x08002a78                moveE2
 .text.E2_Appear
                0x08002ca8       0x8c ./Core/Src/main.o
                0x08002ca8                E2_Appear
 *fill*         0x08002d34        0x4 
 .text.E2_Hurt  0x08002d38       0x9c ./Core/Src/main.o
                0x08002d38                E2_Hurt
 .text.E2_HurtS
                0x08002dd4       0x80 ./Core/Src/main.o
                0x08002dd4                E2_HurtS
 *fill*         0x08002e54        0x4 
 .text.E2_Die   0x08002e58       0xbc ./Core/Src/main.o
                0x08002e58                E2_Die
 .text.E2_DieS  0x08002f14       0xb4 ./Core/Src/main.o
                0x08002f14                E2_DieS
 .text.PlayerHit_E2
                0x08002fc8      0x200 ./Core/Src/main.o
                0x08002fc8                PlayerHit_E2
 .text.initEnemy3
                0x080031c8       0x92 ./Core/Src/main.o
                0x080031c8                initEnemy3
 *fill*         0x0800325a        0x6 
 .text.E3_Eye   0x08003260       0xf4 ./Core/Src/main.o
                0x08003260                E3_Eye
 .text.E3_EyeS  0x08003354       0xbc ./Core/Src/main.o
                0x08003354                E3_EyeS
 .text.E3_FireMove
                0x08003410      0x224 ./Core/Src/main.o
                0x08003410                E3_FireMove
 *fill*         0x08003634        0x4 
 .text.E3_FireAnimation
                0x08003638       0x70 ./Core/Src/main.o
                0x08003638                E3_FireAnimation
 .text.E3_Hitbox
                0x080036a8      0x16c ./Core/Src/main.o
                0x080036a8                E3_Hitbox
 .text.E3_MoveX
                0x08003814       0xec ./Core/Src/main.o
                0x08003814                E3_MoveX
 .text.initPlayer
                0x08003900      0x108 ./Core/Src/main.o
                0x08003900                initPlayer
 .text.playerCanMove
                0x08003a08      0x190 ./Core/Src/main.o
                0x08003a08                playerCanMove
 .text.HitboxPlayer
                0x08003b98      0x16c ./Core/Src/main.o
                0x08003b98                HitboxPlayer
 .text.PlayerHit
                0x08003d04      0x1c0 ./Core/Src/main.o
                0x08003d04                PlayerHit
 .text.PlayerAnimation
                0x08003ec4      0x104 ./Core/Src/main.o
                0x08003ec4                PlayerAnimation
 .text.PlayerAttackAnimation
                0x08003fc8      0x144 ./Core/Src/main.o
                0x08003fc8                PlayerAttackAnimation
 .text.PlayerAttackSound
                0x0800410c       0xb4 ./Core/Src/main.o
                0x0800410c                PlayerAttackSound
 .text.PlayerDamageAnimation
                0x080041c0      0x144 ./Core/Src/main.o
                0x080041c0                PlayerDamageAnimation
 .text.PlayerDamageSound
                0x08004304       0x78 ./Core/Src/main.o
                0x08004304                PlayerDamageSound
 *fill*         0x0800437c        0x4 
 .text.PlayerDieAnimation
                0x08004380       0xbc ./Core/Src/main.o
                0x08004380                PlayerDieAnimation
 .text.PlayerDieSound
                0x0800443c       0x8c ./Core/Src/main.o
                0x0800443c                PlayerDieSound
 .text.initLevelSolo
                0x080044c8      0x160 ./Core/Src/main.o
                0x080044c8                initLevelSolo
 .text.initLevelP1
                0x08004628      0x110 ./Core/Src/main.o
                0x08004628                initLevelP1
 .text.initLevelP2
                0x08004738      0x118 ./Core/Src/main.o
                0x08004738                initLevelP2
 .text.CargarMultiplesBitmaps
                0x08004850       0x68 ./Core/Src/main.o
                0x08004850                CargarMultiplesBitmaps
 .text.main     0x080048b8      0x86c ./Core/Src/main.o
                0x080048b8                main
 .text.SystemClock_Config
                0x08005124       0xd8 ./Core/Src/main.o
                0x08005124                SystemClock_Config
 .text.MX_SPI1_Init
                0x080051fc       0x6c ./Core/Src/main.o
 .text.MX_TIM1_Init
                0x08005268      0x13c ./Core/Src/main.o
 .text.MX_TIM2_Init
                0x080053a4       0xec ./Core/Src/main.o
 .text.MX_UART5_Init
                0x08005490       0x54 ./Core/Src/main.o
 .text.MX_USART2_UART_Init
                0x080054e4       0x54 ./Core/Src/main.o
 .text.MX_GPIO_Init
                0x08005538      0x15c ./Core/Src/main.o
 .text.HAL_UART_RxCpltCallback
                0x08005694      0x8d8 ./Core/Src/main.o
                0x08005694                HAL_UART_RxCpltCallback
 .text.Error_Handler
                0x08005f6c        0xc ./Core/Src/main.o
                0x08005f6c                Error_Handler
 .text.HAL_MspInit
                0x08005f78       0x50 ./Core/Src/stm32f4xx_hal_msp.o
                0x08005f78                HAL_MspInit
 .text.HAL_SPI_MspInit
                0x08005fc8       0x90 ./Core/Src/stm32f4xx_hal_msp.o
                0x08005fc8                HAL_SPI_MspInit
 .text.HAL_TIM_Base_MspInit
                0x08006058       0x6c ./Core/Src/stm32f4xx_hal_msp.o
                0x08006058                HAL_TIM_Base_MspInit
 .text.HAL_TIM_MspPostInit
                0x080060c4       0xc0 ./Core/Src/stm32f4xx_hal_msp.o
                0x080060c4                HAL_TIM_MspPostInit
 .text.HAL_UART_MspInit
                0x08006184      0x15c ./Core/Src/stm32f4xx_hal_msp.o
                0x08006184                HAL_UART_MspInit
 .text.NMI_Handler
                0x080062e0        0x8 ./Core/Src/stm32f4xx_it.o
                0x080062e0                NMI_Handler
 .text.HardFault_Handler
                0x080062e8        0x8 ./Core/Src/stm32f4xx_it.o
                0x080062e8                HardFault_Handler
 .text.MemManage_Handler
                0x080062f0        0x8 ./Core/Src/stm32f4xx_it.o
                0x080062f0                MemManage_Handler
 .text.BusFault_Handler
                0x080062f8        0x8 ./Core/Src/stm32f4xx_it.o
                0x080062f8                BusFault_Handler
 .text.UsageFault_Handler
                0x08006300        0x8 ./Core/Src/stm32f4xx_it.o
                0x08006300                UsageFault_Handler
 .text.SVC_Handler
                0x08006308        0xe ./Core/Src/stm32f4xx_it.o
                0x08006308                SVC_Handler
 .text.DebugMon_Handler
                0x08006316        0xe ./Core/Src/stm32f4xx_it.o
                0x08006316                DebugMon_Handler
 .text.PendSV_Handler
                0x08006324        0xe ./Core/Src/stm32f4xx_it.o
                0x08006324                PendSV_Handler
 *fill*         0x08006332        0x2 
 .text.SysTick_Handler
                0x08006334       0x40 ./Core/Src/stm32f4xx_it.o
                0x08006334                SysTick_Handler
 .text.USART2_IRQHandler
                0x08006374       0x14 ./Core/Src/stm32f4xx_it.o
                0x08006374                USART2_IRQHandler
 .text.UART5_IRQHandler
                0x08006388       0x14 ./Core/Src/stm32f4xx_it.o
                0x08006388                UART5_IRQHandler
 .text._sbrk    0x0800639c       0x6c ./Core/Src/sysmem.o
                0x0800639c                _sbrk
 .text.SystemInit
                0x08006408       0x24 ./Core/Src/system_stm32f4xx.o
                0x08006408                SystemInit
 .text.Reset_Handler
                0x0800642c       0x50 ./Core/Startup/startup_stm32f446retx.o
                0x0800642c                Reset_Handler
 .text.Default_Handler
                0x0800647c        0x2 ./Core/Startup/startup_stm32f446retx.o
                0x0800647c                RTC_Alarm_IRQHandler
                0x0800647c                EXTI2_IRQHandler
                0x0800647c                TIM8_CC_IRQHandler
                0x0800647c                FMPI2C1_EV_IRQHandler
                0x0800647c                SPI4_IRQHandler
                0x0800647c                TIM1_CC_IRQHandler
                0x0800647c                DMA2_Stream5_IRQHandler
                0x0800647c                DMA1_Stream5_IRQHandler
                0x0800647c                PVD_IRQHandler
                0x0800647c                SDIO_IRQHandler
                0x0800647c                TAMP_STAMP_IRQHandler
                0x0800647c                CAN2_RX1_IRQHandler
                0x0800647c                EXTI3_IRQHandler
                0x0800647c                TIM8_TRG_COM_TIM14_IRQHandler
                0x0800647c                TIM1_UP_TIM10_IRQHandler
                0x0800647c                TIM8_UP_TIM13_IRQHandler
                0x0800647c                I2C3_ER_IRQHandler
                0x0800647c                EXTI0_IRQHandler
                0x0800647c                I2C2_EV_IRQHandler
                0x0800647c                DMA1_Stream2_IRQHandler
                0x0800647c                CAN1_RX0_IRQHandler
                0x0800647c                FPU_IRQHandler
                0x0800647c                OTG_HS_WKUP_IRQHandler
                0x0800647c                CAN2_SCE_IRQHandler
                0x0800647c                DMA2_Stream2_IRQHandler
                0x0800647c                SPI1_IRQHandler
                0x0800647c                TIM6_DAC_IRQHandler
                0x0800647c                TIM1_BRK_TIM9_IRQHandler
                0x0800647c                DCMI_IRQHandler
                0x0800647c                CAN2_RX0_IRQHandler
                0x0800647c                DMA2_Stream3_IRQHandler
                0x0800647c                SAI2_IRQHandler
                0x0800647c                USART6_IRQHandler
                0x0800647c                USART3_IRQHandler
                0x0800647c                CAN1_RX1_IRQHandler
                0x0800647c                DMA2_Stream0_IRQHandler
                0x0800647c                TIM4_IRQHandler
                0x0800647c                QUADSPI_IRQHandler
                0x0800647c                I2C1_EV_IRQHandler
                0x0800647c                DMA1_Stream6_IRQHandler
                0x0800647c                DMA1_Stream1_IRQHandler
                0x0800647c                UART4_IRQHandler
                0x0800647c                TIM3_IRQHandler
                0x0800647c                RCC_IRQHandler
                0x0800647c                TIM8_BRK_TIM12_IRQHandler
                0x0800647c                Default_Handler
                0x0800647c                CEC_IRQHandler
                0x0800647c                EXTI15_10_IRQHandler
                0x0800647c                ADC_IRQHandler
                0x0800647c                DMA1_Stream7_IRQHandler
                0x0800647c                TIM7_IRQHandler
                0x0800647c                CAN2_TX_IRQHandler
                0x0800647c                TIM5_IRQHandler
                0x0800647c                DMA2_Stream7_IRQHandler
                0x0800647c                I2C3_EV_IRQHandler
                0x0800647c                EXTI9_5_IRQHandler
                0x0800647c                RTC_WKUP_IRQHandler
                0x0800647c                SPDIF_RX_IRQHandler
                0x0800647c                SPI2_IRQHandler
                0x0800647c                OTG_HS_EP1_IN_IRQHandler
                0x0800647c                DMA1_Stream0_IRQHandler
                0x0800647c                CAN1_TX_IRQHandler
                0x0800647c                FMPI2C1_ER_IRQHandler
                0x0800647c                EXTI4_IRQHandler
                0x0800647c                OTG_HS_EP1_OUT_IRQHandler
                0x0800647c                WWDG_IRQHandler
                0x0800647c                TIM2_IRQHandler
                0x0800647c                OTG_FS_WKUP_IRQHandler
                0x0800647c                TIM1_TRG_COM_TIM11_IRQHandler
                0x0800647c                OTG_HS_IRQHandler
                0x0800647c                EXTI1_IRQHandler
                0x0800647c                I2C2_ER_IRQHandler
                0x0800647c                DMA2_Stream1_IRQHandler
                0x0800647c                CAN1_SCE_IRQHandler
                0x0800647c                FLASH_IRQHandler
                0x0800647c                DMA2_Stream4_IRQHandler
                0x0800647c                USART1_IRQHandler
                0x0800647c                OTG_FS_IRQHandler
                0x0800647c                SPI3_IRQHandler
                0x0800647c                DMA1_Stream4_IRQHandler
                0x0800647c                I2C1_ER_IRQHandler
                0x0800647c                FMC_IRQHandler
                0x0800647c                DMA2_Stream6_IRQHandler
                0x0800647c                SAI1_IRQHandler
                0x0800647c                DMA1_Stream3_IRQHandler
 *fill*         0x0800647e        0x2 
 .text.HAL_Init
                0x08006480       0x44 ./Drivers/STM32F4xx_HAL_Driver/Src/stm32f4xx_hal.o
                0x08006480                HAL_Init
 .text.HAL_InitTick
                0x080064c4       0x60 ./Drivers/STM32F4xx_HAL_Driver/Src/stm32f4xx_hal.o
                0x080064c4                HAL_InitTick
 .text.HAL_IncTick
                0x08006524       0x28 ./Drivers/STM32F4xx_HAL_Driver/Src/stm32f4xx_hal.o
                0x08006524                HAL_IncTick
 .text.HAL_GetTick
                0x0800654c       0x18 ./Drivers/STM32F4xx_HAL_Driver/Src/stm32f4xx_hal.o
                0x0800654c                HAL_GetTick
 .text.HAL_Delay
                0x08006564       0x48 ./Drivers/STM32F4xx_HAL_Driver/Src/stm32f4xx_hal.o
                0x08006564                HAL_Delay
 .text.__NVIC_SetPriorityGrouping
                0x080065ac       0x48 ./Drivers/STM32F4xx_HAL_Driver/Src/stm32f4xx_hal_cortex.o
 .text.__NVIC_GetPriorityGrouping
                0x080065f4       0x1c ./Drivers/STM32F4xx_HAL_Driver/Src/stm32f4xx_hal_cortex.o
 .text.__NVIC_EnableIRQ
                0x08006610       0x3c ./Drivers/STM32F4xx_HAL_Driver/Src/stm32f4xx_hal_cortex.o
 .text.__NVIC_SetPriority
                0x0800664c       0x54 ./Drivers/STM32F4xx_HAL_Driver/Src/stm32f4xx_hal_cortex.o
 .text.NVIC_EncodePriority
                0x080066a0       0x66 ./Drivers/STM32F4xx_HAL_Driver/Src/stm32f4xx_hal_cortex.o
 *fill*         0x08006706        0x2 
 .text.SysTick_Config
                0x08006708       0x44 ./Drivers/STM32F4xx_HAL_Driver/Src/stm32f4xx_hal_cortex.o
 .text.HAL_NVIC_SetPriorityGrouping
                0x0800674c       0x16 ./Drivers/STM32F4xx_HAL_Driver/Src/stm32f4xx_hal_cortex.o
                0x0800674c                HAL_NVIC_SetPriorityGrouping
 .text.HAL_NVIC_SetPriority
                0x08006762       0x38 ./Drivers/STM32F4xx_HAL_Driver/Src/stm32f4xx_hal_cortex.o
                0x08006762                HAL_NVIC_SetPriority
 .text.HAL_NVIC_EnableIRQ
                0x0800679a       0x1c ./Drivers/STM32F4xx_HAL_Driver/Src/stm32f4xx_hal_cortex.o
                0x0800679a                HAL_NVIC_EnableIRQ
 .text.HAL_SYSTICK_Config
                0x080067b6       0x18 ./Drivers/STM32F4xx_HAL_Driver/Src/stm32f4xx_hal_cortex.o
                0x080067b6                HAL_SYSTICK_Config
 .text.HAL_SYSTICK_IRQHandler
                0x080067ce        0xc ./Drivers/STM32F4xx_HAL_Driver/Src/stm32f4xx_hal_cortex.o
                0x080067ce                HAL_SYSTICK_IRQHandler
 .text.HAL_SYSTICK_Callback
                0x080067da        0xe ./Drivers/STM32F4xx_HAL_Driver/Src/stm32f4xx_hal_cortex.o
                0x080067da                HAL_SYSTICK_Callback
 .text.HAL_DMA_Abort
                0x080067e8       0xe0 ./Drivers/STM32F4xx_HAL_Driver/Src/stm32f4xx_hal_dma.o
                0x080067e8                HAL_DMA_Abort
 .text.HAL_DMA_Abort_IT
                0x080068c8       0x44 ./Drivers/STM32F4xx_HAL_Driver/Src/stm32f4xx_hal_dma.o
                0x080068c8                HAL_DMA_Abort_IT
 .text.HAL_GPIO_Init
                0x0800690c      0x328 ./Drivers/STM32F4xx_HAL_Driver/Src/stm32f4xx_hal_gpio.o
                0x0800690c                HAL_GPIO_Init
 .text.HAL_GPIO_WritePin
                0x08006c34       0x32 ./Drivers/STM32F4xx_HAL_Driver/Src/stm32f4xx_hal_gpio.o
                0x08006c34                HAL_GPIO_WritePin
 *fill*         0x08006c66        0x2 
 .text.HAL_RCC_ClockConfig
                0x08006c68      0x1cc ./Drivers/STM32F4xx_HAL_Driver/Src/stm32f4xx_hal_rcc.o
                0x08006c68                HAL_RCC_ClockConfig
 .text.HAL_RCC_GetHCLKFreq
                0x08006e34       0x18 ./Drivers/STM32F4xx_HAL_Driver/Src/stm32f4xx_hal_rcc.o
                0x08006e34                HAL_RCC_GetHCLKFreq
 .text.HAL_RCC_GetPCLK1Freq
                0x08006e4c       0x28 ./Drivers/STM32F4xx_HAL_Driver/Src/stm32f4xx_hal_rcc.o
                0x08006e4c                HAL_RCC_GetPCLK1Freq
 .text.HAL_RCC_GetPCLK2Freq
                0x08006e74       0x28 ./Drivers/STM32F4xx_HAL_Driver/Src/stm32f4xx_hal_rcc.o
                0x08006e74                HAL_RCC_GetPCLK2Freq
 .text.HAL_RCC_GetSysClockFreq
                0x08006e9c      0x354 ./Drivers/STM32F4xx_HAL_Driver/Src/stm32f4xx_hal_rcc_ex.o
                0x08006e9c                HAL_RCC_GetSysClockFreq
 .text.HAL_RCC_OscConfig
                0x080071f0      0x53c ./Drivers/STM32F4xx_HAL_Driver/Src/stm32f4xx_hal_rcc_ex.o
                0x080071f0                HAL_RCC_OscConfig
 .text.HAL_SPI_Init
                0x0800772c      0x112 ./Drivers/STM32F4xx_HAL_Driver/Src/stm32f4xx_hal_spi.o
                0x0800772c                HAL_SPI_Init
 .text.HAL_SPI_Transmit
                0x0800783e      0x286 ./Drivers/STM32F4xx_HAL_Driver/Src/stm32f4xx_hal_spi.o
                0x0800783e                HAL_SPI_Transmit
 .text.HAL_SPI_TransmitReceive
                0x08007ac4      0x360 ./Drivers/STM32F4xx_HAL_Driver/Src/stm32f4xx_hal_spi.o
                0x08007ac4                HAL_SPI_TransmitReceive
 .text.SPI_WaitFlagStateUntilTimeout
                0x08007e24      0x110 ./Drivers/STM32F4xx_HAL_Driver/Src/stm32f4xx_hal_spi.o
 .text.SPI_EndRxTxTransaction
                0x08007f34       0xa8 ./Drivers/STM32F4xx_HAL_Driver/Src/stm32f4xx_hal_spi.o
 .text.HAL_TIM_Base_Init
                0x08007fdc       0x9e ./Drivers/STM32F4xx_HAL_Driver/Src/stm32f4xx_hal_tim.o
                0x08007fdc                HAL_TIM_Base_Init
 .text.HAL_TIM_PWM_Init
                0x0800807a       0x9e ./Drivers/STM32F4xx_HAL_Driver/Src/stm32f4xx_hal_tim.o
                0x0800807a                HAL_TIM_PWM_Init
 .text.HAL_TIM_PWM_MspInit
                0x08008118       0x14 ./Drivers/STM32F4xx_HAL_Driver/Src/stm32f4xx_hal_tim.o
                0x08008118                HAL_TIM_PWM_MspInit
 .text.HAL_TIM_PWM_Start
                0x0800812c      0x190 ./Drivers/STM32F4xx_HAL_Driver/Src/stm32f4xx_hal_tim.o
                0x0800812c                HAL_TIM_PWM_Start
 .text.HAL_TIM_PWM_ConfigChannel
                0x080082bc      0x184 ./Drivers/STM32F4xx_HAL_Driver/Src/stm32f4xx_hal_tim.o
                0x080082bc                HAL_TIM_PWM_ConfigChannel
 .text.HAL_TIM_ConfigClockSource
                0x08008440      0x18e ./Drivers/STM32F4xx_HAL_Driver/Src/stm32f4xx_hal_tim.o
                0x08008440                HAL_TIM_ConfigClockSource
 *fill*         0x080085ce        0x2 
 .text.TIM_Base_SetConfig
                0x080085d0      0x158 ./Drivers/STM32F4xx_HAL_Driver/Src/stm32f4xx_hal_tim.o
                0x080085d0                TIM_Base_SetConfig
 .text.TIM_OC1_SetConfig
                0x08008728       0xe0 ./Drivers/STM32F4xx_HAL_Driver/Src/stm32f4xx_hal_tim.o
 .text.TIM_OC2_SetConfig
                0x08008808       0xec ./Drivers/STM32F4xx_HAL_Driver/Src/stm32f4xx_hal_tim.o
                0x08008808                TIM_OC2_SetConfig
 .text.TIM_OC3_SetConfig
                0x080088f4       0xe8 ./Drivers/STM32F4xx_HAL_Driver/Src/stm32f4xx_hal_tim.o
 .text.TIM_OC4_SetConfig
                0x080089dc       0xac ./Drivers/STM32F4xx_HAL_Driver/Src/stm32f4xx_hal_tim.o
 .text.TIM_TI1_ConfigInputStage
                0x08008a88       0x5e ./Drivers/STM32F4xx_HAL_Driver/Src/stm32f4xx_hal_tim.o
 .text.TIM_TI2_ConfigInputStage
                0x08008ae6       0x60 ./Drivers/STM32F4xx_HAL_Driver/Src/stm32f4xx_hal_tim.o
 .text.TIM_ITRx_SetConfig
                0x08008b46       0x36 ./Drivers/STM32F4xx_HAL_Driver/Src/stm32f4xx_hal_tim.o
 .text.TIM_ETR_SetConfig
                0x08008b7c       0x40 ./Drivers/STM32F4xx_HAL_Driver/Src/stm32f4xx_hal_tim.o
                0x08008b7c                TIM_ETR_SetConfig
 .text.TIM_CCxChannelCmd
                0x08008bbc       0x4a ./Drivers/STM32F4xx_HAL_Driver/Src/stm32f4xx_hal_tim.o
                0x08008bbc                TIM_CCxChannelCmd
 *fill*         0x08008c06        0x2 
 .text.HAL_TIMEx_MasterConfigSynchronization
                0x08008c08       0xf8 ./Drivers/STM32F4xx_HAL_Driver/Src/stm32f4xx_hal_tim_ex.o
                0x08008c08                HAL_TIMEx_MasterConfigSynchronization
 .text.HAL_TIMEx_ConfigBreakDeadTime
                0x08008d00       0xa4 ./Drivers/STM32F4xx_HAL_Driver/Src/stm32f4xx_hal_tim_ex.o
                0x08008d00                HAL_TIMEx_ConfigBreakDeadTime
 .text.HAL_UART_Init
                0x08008da4       0xa0 ./Drivers/STM32F4xx_HAL_Driver/Src/stm32f4xx_hal_uart.o
                0x08008da4                HAL_UART_Init
 .text.HAL_UART_Transmit
                0x08008e44      0x116 ./Drivers/STM32F4xx_HAL_Driver/Src/stm32f4xx_hal_uart.o
                0x08008e44                HAL_UART_Transmit
 .text.HAL_UART_Receive_IT
                0x08008f5a       0x4a ./Drivers/STM32F4xx_HAL_Driver/Src/stm32f4xx_hal_uart.o
                0x08008f5a                HAL_UART_Receive_IT
 .text.HAL_UART_IRQHandler
                0x08008fa4      0x524 ./Drivers/STM32F4xx_HAL_Driver/Src/stm32f4xx_hal_uart.o
                0x08008fa4                HAL_UART_IRQHandler
 .text.HAL_UART_TxCpltCallback
                0x080094c8       0x14 ./Drivers/STM32F4xx_HAL_Driver/Src/stm32f4xx_hal_uart.o
                0x080094c8                HAL_UART_TxCpltCallback
 .text.HAL_UART_ErrorCallback
                0x080094dc       0x14 ./Drivers/STM32F4xx_HAL_Driver/Src/stm32f4xx_hal_uart.o
                0x080094dc                HAL_UART_ErrorCallback
 .text.HAL_UARTEx_RxEventCallback
                0x080094f0       0x18 ./Drivers/STM32F4xx_HAL_Driver/Src/stm32f4xx_hal_uart.o
                0x080094f0                HAL_UARTEx_RxEventCallback
 .text.UART_WaitOnFlagUntilTimeout
                0x08009508       0xb2 ./Drivers/STM32F4xx_HAL_Driver/Src/stm32f4xx_hal_uart.o
 .text.UART_Start_Receive_IT
                0x080095ba       0x74 ./Drivers/STM32F4xx_HAL_Driver/Src/stm32f4xx_hal_uart.o
                0x080095ba                UART_Start_Receive_IT
 .text.UART_EndRxTransfer
                0x0800962e       0xc6 ./Drivers/STM32F4xx_HAL_Driver/Src/stm32f4xx_hal_uart.o
 .text.UART_DMAAbortOnError
                0x080096f4       0x28 ./Drivers/STM32F4xx_HAL_Driver/Src/stm32f4xx_hal_uart.o
 .text.UART_Transmit_IT
                0x0800971c       0xa0 ./Drivers/STM32F4xx_HAL_Driver/Src/stm32f4xx_hal_uart.o
 .text.UART_EndTransmit_IT
                0x080097bc       0x30 ./Drivers/STM32F4xx_HAL_Driver/Src/stm32f4xx_hal_uart.o
 .text.UART_Receive_IT
                0x080097ec      0x17c ./Drivers/STM32F4xx_HAL_Driver/Src/stm32f4xx_hal_uart.o
 .text.UART_SetConfig
                0x08009968      0x4e8 ./Drivers/STM32F4xx_HAL_Driver/Src/stm32f4xx_hal_uart.o
 .text.MX_FATFS_Init
                0x08009e50       0x24 ./FATFS/App/fatfs.o
                0x08009e50                MX_FATFS_Init
 .text.get_fattime
                0x08009e74       0x10 ./FATFS/App/fatfs.o
                0x08009e74                get_fattime
 .text.USER_initialize
                0x08009e84       0x1c ./FATFS/Target/user_diskio.o
                0x08009e84                USER_initialize
 .text.USER_status
                0x08009ea0       0x1c ./FATFS/Target/user_diskio.o
                0x08009ea0                USER_status
 .text.USER_read
                0x08009ebc       0x26 ./FATFS/Target/user_diskio.o
                0x08009ebc                USER_read
 .text.USER_write
                0x08009ee2       0x26 ./FATFS/Target/user_diskio.o
                0x08009ee2                USER_write
 .text.USER_ioctl
                0x08009f08       0x26 ./FATFS/Target/user_diskio.o
                0x08009f08                USER_ioctl
 *fill*         0x08009f2e        0x2 
 .text.disk_status
                0x08009f30       0x34 ./Middlewares/Third_Party/FatFs/src/diskio.o
                0x08009f30                disk_status
 .text.disk_initialize
                0x08009f64       0x50 ./Middlewares/Third_Party/FatFs/src/diskio.o
                0x08009f64                disk_initialize
 .text.disk_read
                0x08009fb4       0x40 ./Middlewares/Third_Party/FatFs/src/diskio.o
                0x08009fb4                disk_read
 .text.disk_write
                0x08009ff4       0x40 ./Middlewares/Third_Party/FatFs/src/diskio.o
                0x08009ff4                disk_write
 .text.disk_ioctl
                0x0800a034       0x3c ./Middlewares/Third_Party/FatFs/src/diskio.o
                0x0800a034                disk_ioctl
 .text.ld_word  0x0800a070       0x30 ./Middlewares/Third_Party/FatFs/src/ff.o
 .text.ld_dword
                0x0800a0a0       0x46 ./Middlewares/Third_Party/FatFs/src/ff.o
 .text.st_word  0x0800a0e6       0x36 ./Middlewares/Third_Party/FatFs/src/ff.o
 .text.st_dword
                0x0800a11c       0x58 ./Middlewares/Third_Party/FatFs/src/ff.o
 .text.mem_cpy  0x0800a174       0x42 ./Middlewares/Third_Party/FatFs/src/ff.o
 .text.mem_set  0x0800a1b6       0x36 ./Middlewares/Third_Party/FatFs/src/ff.o
 .text.mem_cmp  0x0800a1ec       0x4e ./Middlewares/Third_Party/FatFs/src/ff.o
 .text.chk_chr  0x0800a23a       0x36 ./Middlewares/Third_Party/FatFs/src/ff.o
 .text.chk_lock
                0x0800a270       0xb8 ./Middlewares/Third_Party/FatFs/src/ff.o
 .text.enq_lock
                0x0800a328       0x44 ./Middlewares/Third_Party/FatFs/src/ff.o
 .text.inc_lock
                0x0800a36c      0x11c ./Middlewares/Third_Party/FatFs/src/ff.o
 .text.dec_lock
                0x0800a488       0x78 ./Middlewares/Third_Party/FatFs/src/ff.o
 .text.clear_lock
                0x0800a500       0x48 ./Middlewares/Third_Party/FatFs/src/ff.o
 .text.sync_window
                0x0800a548       0x88 ./Middlewares/Third_Party/FatFs/src/ff.o
 .text.move_window
                0x0800a5d0       0x5a ./Middlewares/Third_Party/FatFs/src/ff.o
 *fill*         0x0800a62a        0x2 
 .text.sync_fs  0x0800a62c       0xe0 ./Middlewares/Third_Party/FatFs/src/ff.o
 .text.clust2sect
                0x0800a70c       0x3e ./Middlewares/Third_Party/FatFs/src/ff.o
 .text.get_fat  0x0800a74a      0x1a6 ./Middlewares/Third_Party/FatFs/src/ff.o
 .text.put_fat  0x0800a8f0      0x234 ./Middlewares/Third_Party/FatFs/src/ff.o
 .text.remove_chain
                0x0800ab24       0xca ./Middlewares/Third_Party/FatFs/src/ff.o
 .text.create_chain
                0x0800abee      0x130 ./Middlewares/Third_Party/FatFs/src/ff.o
 .text.clmt_clust
                0x0800ad1e       0x70 ./Middlewares/Third_Party/FatFs/src/ff.o
 .text.dir_sdi  0x0800ad8e      0x112 ./Middlewares/Third_Party/FatFs/src/ff.o
 .text.dir_next
                0x0800aea0      0x1ac ./Middlewares/Third_Party/FatFs/src/ff.o
 .text.dir_alloc
                0x0800b04c       0x8e ./Middlewares/Third_Party/FatFs/src/ff.o
 .text.ld_clust
                0x0800b0da       0x3e ./Middlewares/Third_Party/FatFs/src/ff.o
 .text.st_clust
                0x0800b118       0x40 ./Middlewares/Third_Party/FatFs/src/ff.o
 .text.cmp_lfn  0x0800b158       0xe0 ./Middlewares/Third_Party/FatFs/src/ff.o
 .text.put_lfn  0x0800b238       0xd0 ./Middlewares/Third_Party/FatFs/src/ff.o
 .text.gen_numname
                0x0800b308      0x11c ./Middlewares/Third_Party/FatFs/src/ff.o
 .text.sum_sfn  0x0800b424       0x42 ./Middlewares/Third_Party/FatFs/src/ff.o
 .text.dir_find
                0x0800b466      0x180 ./Middlewares/Third_Party/FatFs/src/ff.o
 *fill*         0x0800b5e6        0x2 
 .text.dir_register
                0x0800b5e8      0x1f0 ./Middlewares/Third_Party/FatFs/src/ff.o
 .text.create_name
                0x0800b7d8      0x370 ./Middlewares/Third_Party/FatFs/src/ff.o
 .text.follow_path
                0x0800bb48       0xec ./Middlewares/Third_Party/FatFs/src/ff.o
 .text.get_ldnumber
                0x0800bc34       0x88 ./Middlewares/Third_Party/FatFs/src/ff.o
 .text.check_fs
                0x0800bcbc       0xac ./Middlewares/Third_Party/FatFs/src/ff.o
 .text.find_volume
                0x0800bd68      0x50c ./Middlewares/Third_Party/FatFs/src/ff.o
 .text.validate
                0x0800c274       0x6a ./Middlewares/Third_Party/FatFs/src/ff.o
 *fill*         0x0800c2de        0x2 
 .text.f_mount  0x0800c2e0       0x8c ./Middlewares/Third_Party/FatFs/src/ff.o
                0x0800c2e0                f_mount
 .text.f_open   0x0800c36c      0x390 ./Middlewares/Third_Party/FatFs/src/ff.o
                0x0800c36c                f_open
 .text.f_read   0x0800c6fc      0x2be ./Middlewares/Third_Party/FatFs/src/ff.o
                0x0800c6fc                f_read
 .text.f_sync   0x0800c9ba       0xfc ./Middlewares/Third_Party/FatFs/src/ff.o
                0x0800c9ba                f_sync
 .text.f_close  0x0800cab6       0x54 ./Middlewares/Third_Party/FatFs/src/ff.o
                0x0800cab6                f_close
 *fill*         0x0800cb0a        0x2 
 .text.FATFS_LinkDriverEx
                0x0800cb0c       0x98 ./Middlewares/Third_Party/FatFs/src/ff_gen_drv.o
                0x0800cb0c                FATFS_LinkDriverEx
 .text.FATFS_LinkDriver
                0x0800cba4       0x1e ./Middlewares/Third_Party/FatFs/src/ff_gen_drv.o
                0x0800cba4                FATFS_LinkDriver
 *fill*         0x0800cbc2        0x2 
 .text.ff_convert
                0x0800cbc4       0x78 ./Middlewares/Third_Party/FatFs/src/option/ccsbcs.o
                0x0800cbc4                ff_convert
 .text.ff_wtoupper
                0x0800cc3c      0x114 ./Middlewares/Third_Party/FatFs/src/option/ccsbcs.o
                0x0800cc3c                ff_wtoupper
 .text.sprintf  0x0800cd50       0x40 C:/ST/STM32CubeIDE_1.16.0/STM32CubeIDE/plugins/com.st.stm32cube.ide.mcu.externaltools.gnu-tools-for-stm32.12.3.rel1.win32_1.0.200.202406191623/tools/bin/../lib/gcc/arm-none-eabi/12.3.1/../../../../arm-none-eabi/lib/thumb/v7e-m+fp/hard\libc_nano.a(libc_a-sprintf.o)
                0x0800cd50                siprintf
                0x0800cd50                sprintf
 .text.memset   0x0800cd90       0x10 C:/ST/STM32CubeIDE_1.16.0/STM32CubeIDE/plugins/com.st.stm32cube.ide.mcu.externaltools.gnu-tools-for-stm32.12.3.rel1.win32_1.0.200.202406191623/tools/bin/../lib/gcc/arm-none-eabi/12.3.1/../../../../arm-none-eabi/lib/thumb/v7e-m+fp/hard\libc_nano.a(libc_a-memset.o)
                0x0800cd90                memset
 .text.__errno  0x0800cda0        0xc C:/ST/STM32CubeIDE_1.16.0/STM32CubeIDE/plugins/com.st.stm32cube.ide.mcu.externaltools.gnu-tools-for-stm32.12.3.rel1.win32_1.0.200.202406191623/tools/bin/../lib/gcc/arm-none-eabi/12.3.1/../../../../arm-none-eabi/lib/thumb/v7e-m+fp/hard\libc_nano.a(libc_a-errno.o)
                0x0800cda0                __errno
 .text.__libc_init_array
                0x0800cdac       0x48 C:/ST/STM32CubeIDE_1.16.0/STM32CubeIDE/plugins/com.st.stm32cube.ide.mcu.externaltools.gnu-tools-for-stm32.12.3.rel1.win32_1.0.200.202406191623/tools/bin/../lib/gcc/arm-none-eabi/12.3.1/../../../../arm-none-eabi/lib/thumb/v7e-m+fp/hard\libc_nano.a(libc_a-init.o)
                0x0800cdac                __libc_init_array
 .text.__retarget_lock_acquire_recursive
                0x0800cdf4        0x2 C:/ST/STM32CubeIDE_1.16.0/STM32CubeIDE/plugins/com.st.stm32cube.ide.mcu.externaltools.gnu-tools-for-stm32.12.3.rel1.win32_1.0.200.202406191623/tools/bin/../lib/gcc/arm-none-eabi/12.3.1/../../../../arm-none-eabi/lib/thumb/v7e-m+fp/hard\libc_nano.a(libc_a-lock.o)
                0x0800cdf4                __retarget_lock_acquire_recursive
 .text.__retarget_lock_release_recursive
                0x0800cdf6        0x2 C:/ST/STM32CubeIDE_1.16.0/STM32CubeIDE/plugins/com.st.stm32cube.ide.mcu.externaltools.gnu-tools-for-stm32.12.3.rel1.win32_1.0.200.202406191623/tools/bin/../lib/gcc/arm-none-eabi/12.3.1/../../../../arm-none-eabi/lib/thumb/v7e-m+fp/hard\libc_nano.a(libc_a-lock.o)
                0x0800cdf6                __retarget_lock_release_recursive
 .text._free_r  0x0800cdf8       0x94 C:/ST/STM32CubeIDE_1.16.0/STM32CubeIDE/plugins/com.st.stm32cube.ide.mcu.externaltools.gnu-tools-for-stm32.12.3.rel1.win32_1.0.200.202406191623/tools/bin/../lib/gcc/arm-none-eabi/12.3.1/../../../../arm-none-eabi/lib/thumb/v7e-m+fp/hard\libc_nano.a(libc_a-freer.o)
                0x0800cdf8                _free_r
 .text.sbrk_aligned
                0x0800ce8c       0x44 C:/ST/STM32CubeIDE_1.16.0/STM32CubeIDE/plugins/com.st.stm32cube.ide.mcu.externaltools.gnu-tools-for-stm32.12.3.rel1.win32_1.0.200.202406191623/tools/bin/../lib/gcc/arm-none-eabi/12.3.1/../../../../arm-none-eabi/lib/thumb/v7e-m+fp/hard\libc_nano.a(libc_a-mallocr.o)
 .text._malloc_r
                0x0800ced0      0x100 C:/ST/STM32CubeIDE_1.16.0/STM32CubeIDE/plugins/com.st.stm32cube.ide.mcu.externaltools.gnu-tools-for-stm32.12.3.rel1.win32_1.0.200.202406191623/tools/bin/../lib/gcc/arm-none-eabi/12.3.1/../../../../arm-none-eabi/lib/thumb/v7e-m+fp/hard\libc_nano.a(libc_a-mallocr.o)
                0x0800ced0                _malloc_r
 .text.__malloc_lock
                0x0800cfd0        0xc C:/ST/STM32CubeIDE_1.16.0/STM32CubeIDE/plugins/com.st.stm32cube.ide.mcu.externaltools.gnu-tools-for-stm32.12.3.rel1.win32_1.0.200.202406191623/tools/bin/../lib/gcc/arm-none-eabi/12.3.1/../../../../arm-none-eabi/lib/thumb/v7e-m+fp/hard\libc_nano.a(libc_a-mlock.o)
                0x0800cfd0                __malloc_lock
 .text.__malloc_unlock
                0x0800cfdc        0xc C:/ST/STM32CubeIDE_1.16.0/STM32CubeIDE/plugins/com.st.stm32cube.ide.mcu.externaltools.gnu-tools-for-stm32.12.3.rel1.win32_1.0.200.202406191623/tools/bin/../lib/gcc/arm-none-eabi/12.3.1/../../../../arm-none-eabi/lib/thumb/v7e-m+fp/hard\libc_nano.a(libc_a-mlock.o)
                0x0800cfdc                __malloc_unlock
 .text.__ssputs_r
                0x0800cfe8       0xb6 C:/ST/STM32CubeIDE_1.16.0/STM32CubeIDE/plugins/com.st.stm32cube.ide.mcu.externaltools.gnu-tools-for-stm32.12.3.rel1.win32_1.0.200.202406191623/tools/bin/../lib/gcc/arm-none-eabi/12.3.1/../../../../arm-none-eabi/lib/thumb/v7e-m+fp/hard\libc_nano.a(libc_a-nano-svfprintf.o)
                0x0800cfe8                __ssputs_r
 *fill*         0x0800d09e        0x2 
 .text._svfprintf_r
                0x0800d0a0      0x1f8 C:/ST/STM32CubeIDE_1.16.0/STM32CubeIDE/plugins/com.st.stm32cube.ide.mcu.externaltools.gnu-tools-for-stm32.12.3.rel1.win32_1.0.200.202406191623/tools/bin/../lib/gcc/arm-none-eabi/12.3.1/../../../../arm-none-eabi/lib/thumb/v7e-m+fp/hard\libc_nano.a(libc_a-nano-svfprintf.o)
                0x0800d0a0                _svfiprintf_r
                0x0800d0a0                _svfprintf_r
 .text._printf_common
                0x0800d298       0xda C:/ST/STM32CubeIDE_1.16.0/STM32CubeIDE/plugins/com.st.stm32cube.ide.mcu.externaltools.gnu-tools-for-stm32.12.3.rel1.win32_1.0.200.202406191623/tools/bin/../lib/gcc/arm-none-eabi/12.3.1/../../../../arm-none-eabi/lib/thumb/v7e-m+fp/hard\libc_nano.a(libc_a-nano-vfprintf_i.o)
                0x0800d298                _printf_common
 *fill*         0x0800d372        0x2 
 .text._printf_i
                0x0800d374      0x240 C:/ST/STM32CubeIDE_1.16.0/STM32CubeIDE/plugins/com.st.stm32cube.ide.mcu.externaltools.gnu-tools-for-stm32.12.3.rel1.win32_1.0.200.202406191623/tools/bin/../lib/gcc/arm-none-eabi/12.3.1/../../../../arm-none-eabi/lib/thumb/v7e-m+fp/hard\libc_nano.a(libc_a-nano-vfprintf_i.o)
                0x0800d374                _printf_i
 .text.memmove  0x0800d5b4       0x34 C:/ST/STM32CubeIDE_1.16.0/STM32CubeIDE/plugins/com.st.stm32cube.ide.mcu.externaltools.gnu-tools-for-stm32.12.3.rel1.win32_1.0.200.202406191623/tools/bin/../lib/gcc/arm-none-eabi/12.3.1/../../../../arm-none-eabi/lib/thumb/v7e-m+fp/hard\libc_nano.a(libc_a-memmove.o)
                0x0800d5b4                memmove
 .text._sbrk_r  0x0800d5e8       0x20 C:/ST/STM32CubeIDE_1.16.0/STM32CubeIDE/plugins/com.st.stm32cube.ide.mcu.externaltools.gnu-tools-for-stm32.12.3.rel1.win32_1.0.200.202406191623/tools/bin/../lib/gcc/arm-none-eabi/12.3.1/../../../../arm-none-eabi/lib/thumb/v7e-m+fp/hard\libc_nano.a(libc_a-sbrkr.o)
                0x0800d5e8                _sbrk_r
 .text.memcpy   0x0800d608       0x1c C:/ST/STM32CubeIDE_1.16.0/STM32CubeIDE/plugins/com.st.stm32cube.ide.mcu.externaltools.gnu-tools-for-stm32.12.3.rel1.win32_1.0.200.202406191623/tools/bin/../lib/gcc/arm-none-eabi/12.3.1/../../../../arm-none-eabi/lib/thumb/v7e-m+fp/hard\libc_nano.a(libc_a-memcpy-stub.o)
                0x0800d608                memcpy
 .text._realloc_r
                0x0800d624       0x5c C:/ST/STM32CubeIDE_1.16.0/STM32CubeIDE/plugins/com.st.stm32cube.ide.mcu.externaltools.gnu-tools-for-stm32.12.3.rel1.win32_1.0.200.202406191623/tools/bin/../lib/gcc/arm-none-eabi/12.3.1/../../../../arm-none-eabi/lib/thumb/v7e-m+fp/hard\libc_nano.a(libc_a-reallocr.o)
                0x0800d624                _realloc_r
 .text._malloc_usable_size_r
                0x0800d680       0x10 C:/ST/STM32CubeIDE_1.16.0/STM32CubeIDE/plugins/com.st.stm32cube.ide.mcu.externaltools.gnu-tools-for-stm32.12.3.rel1.win32_1.0.200.202406191623/tools/bin/../lib/gcc/arm-none-eabi/12.3.1/../../../../arm-none-eabi/lib/thumb/v7e-m+fp/hard\libc_nano.a(libc_a-msizer.o)
                0x0800d680                _malloc_usable_size_r
 *(.glue_7)
 .glue_7        0x0800d690        0x0 linker stubs
 *(.glue_7t)
 .glue_7t       0x0800d690        0x0 linker stubs
 *(.eh_frame)
 .eh_frame      0x0800d690        0x0 C:/ST/STM32CubeIDE_1.16.0/STM32CubeIDE/plugins/com.st.stm32cube.ide.mcu.externaltools.gnu-tools-for-stm32.12.3.rel1.win32_1.0.200.202406191623/tools/bin/../lib/gcc/arm-none-eabi/12.3.1/thumb/v7e-m+fp/hard/crtbegin.o
 *(.init)
 .init          0x0800d690        0x4 C:/ST/STM32CubeIDE_1.16.0/STM32CubeIDE/plugins/com.st.stm32cube.ide.mcu.externaltools.gnu-tools-for-stm32.12.3.rel1.win32_1.0.200.202406191623/tools/bin/../lib/gcc/arm-none-eabi/12.3.1/thumb/v7e-m+fp/hard/crti.o
                0x0800d690                _init
 .init          0x0800d694        0x8 C:/ST/STM32CubeIDE_1.16.0/STM32CubeIDE/plugins/com.st.stm32cube.ide.mcu.externaltools.gnu-tools-for-stm32.12.3.rel1.win32_1.0.200.202406191623/tools/bin/../lib/gcc/arm-none-eabi/12.3.1/thumb/v7e-m+fp/hard/crtn.o
 *(.fini)
 .fini          0x0800d69c        0x4 C:/ST/STM32CubeIDE_1.16.0/STM32CubeIDE/plugins/com.st.stm32cube.ide.mcu.externaltools.gnu-tools-for-stm32.12.3.rel1.win32_1.0.200.202406191623/tools/bin/../lib/gcc/arm-none-eabi/12.3.1/thumb/v7e-m+fp/hard/crti.o
                0x0800d69c                _fini
 .fini          0x0800d6a0        0x8 C:/ST/STM32CubeIDE_1.16.0/STM32CubeIDE/plugins/com.st.stm32cube.ide.mcu.externaltools.gnu-tools-for-stm32.12.3.rel1.win32_1.0.200.202406191623/tools/bin/../lib/gcc/arm-none-eabi/12.3.1/thumb/v7e-m+fp/hard/crtn.o
                0x0800d6a8                        . = ALIGN (0x4)
                0x0800d6a8                        _etext = .

.vfp11_veneer   0x0800d6a8        0x0
 .vfp11_veneer  0x0800d6a8        0x0 linker stubs

.v4_bx          0x0800d6a8        0x0
 .v4_bx         0x0800d6a8        0x0 linker stubs

.iplt           0x0800d6a8        0x0
 .iplt          0x0800d6a8        0x0 C:/ST/STM32CubeIDE_1.16.0/STM32CubeIDE/plugins/com.st.stm32cube.ide.mcu.externaltools.gnu-tools-for-stm32.12.3.rel1.win32_1.0.200.202406191623/tools/bin/../lib/gcc/arm-none-eabi/12.3.1/thumb/v7e-m+fp/hard/crtbegin.o

.rodata         0x0800d6a8      0x588
                0x0800d6a8                        . = ALIGN (0x4)
 *(.rodata)
 .rodata        0x0800d6a8       0xb4 ./Core/Src/main.o
 .rodata        0x0800d75c       0x48 ./Middlewares/Third_Party/FatFs/src/ff.o
 *(.rodata*)
 .rodata.AHBPrescTable
                0x0800d7a4       0x10 ./Core/Src/system_stm32f4xx.o
                0x0800d7a4                AHBPrescTable
 .rodata.APBPrescTable
                0x0800d7b4        0x8 ./Core/Src/system_stm32f4xx.o
                0x0800d7b4                APBPrescTable
 .rodata.ExCvt  0x0800d7bc       0x80 ./Middlewares/Third_Party/FatFs/src/ff.o
 .rodata.LfnOfs
                0x0800d83c        0xd ./Middlewares/Third_Party/FatFs/src/ff.o
 *fill*         0x0800d849        0x3 
 .rodata.Tbl    0x0800d84c      0x100 ./Middlewares/Third_Party/FatFs/src/option/ccsbcs.o
 .rodata.cvt1.1
                0x0800d94c      0x1f2 ./Middlewares/Third_Party/FatFs/src/option/ccsbcs.o
 *fill*         0x0800db3e        0x2 
 .rodata.cvt2.0
                0x0800db40       0xbc ./Middlewares/Third_Party/FatFs/src/option/ccsbcs.o
 .rodata._svfprintf_r.str1.1
                0x0800dbfc       0x11 C:/ST/STM32CubeIDE_1.16.0/STM32CubeIDE/plugins/com.st.stm32cube.ide.mcu.externaltools.gnu-tools-for-stm32.12.3.rel1.win32_1.0.200.202406191623/tools/bin/../lib/gcc/arm-none-eabi/12.3.1/../../../../arm-none-eabi/lib/thumb/v7e-m+fp/hard\libc_nano.a(libc_a-nano-svfprintf.o)
 .rodata._printf_i.str1.1
                0x0800dc0d       0x22 C:/ST/STM32CubeIDE_1.16.0/STM32CubeIDE/plugins/com.st.stm32cube.ide.mcu.externaltools.gnu-tools-for-stm32.12.3.rel1.win32_1.0.200.202406191623/tools/bin/../lib/gcc/arm-none-eabi/12.3.1/../../../../arm-none-eabi/lib/thumb/v7e-m+fp/hard\libc_nano.a(libc_a-nano-vfprintf_i.o)
                0x0800dc30                        . = ALIGN (0x4)
 *fill*         0x0800dc2f        0x1 

.ARM.extab      0x0800dc30        0x0
                0x0800dc30                        . = ALIGN (0x4)
 *(.ARM.extab* .gnu.linkonce.armextab.*)
                0x0800dc30                        . = ALIGN (0x4)

.ARM            0x0800dc30        0x8
                0x0800dc30                        . = ALIGN (0x4)
                0x0800dc30                        __exidx_start = .
 *(.ARM.exidx*)
 .ARM.exidx     0x0800dc30        0x8 C:/ST/STM32CubeIDE_1.16.0/STM32CubeIDE/plugins/com.st.stm32cube.ide.mcu.externaltools.gnu-tools-for-stm32.12.3.rel1.win32_1.0.200.202406191623/tools/bin/../lib/gcc/arm-none-eabi/12.3.1/../../../../arm-none-eabi/lib/thumb/v7e-m+fp/hard\libc_nano.a(libc_a-strlen.o)
 .ARM.exidx     0x0800dc38        0x0 C:/ST/STM32CubeIDE_1.16.0/STM32CubeIDE/plugins/com.st.stm32cube.ide.mcu.externaltools.gnu-tools-for-stm32.12.3.rel1.win32_1.0.200.202406191623/tools/bin/../lib/gcc/arm-none-eabi/12.3.1/../../../../arm-none-eabi/lib/thumb/v7e-m+fp/hard\libc_nano.a(libc_a-memchr.o)
                                  0x8 (size before relaxing)
 .ARM.exidx     0x0800dc38        0x0 C:/ST/STM32CubeIDE_1.16.0/STM32CubeIDE/plugins/com.st.stm32cube.ide.mcu.externaltools.gnu-tools-for-stm32.12.3.rel1.win32_1.0.200.202406191623/tools/bin/../lib/gcc/arm-none-eabi/12.3.1/thumb/v7e-m+fp/hard\libgcc.a(_udivmoddi4.o)
                                  0x8 (size before relaxing)
                0x0800dc38                        __exidx_end = .
                0x0800dc38                        . = ALIGN (0x4)

.preinit_array  0x0800dc38        0x0
                0x0800dc38                        . = ALIGN (0x4)
                0x0800dc38                        PROVIDE (__preinit_array_start = .)
 *(.preinit_array*)
                0x0800dc38                        PROVIDE (__preinit_array_end = .)
                0x0800dc38                        . = ALIGN (0x4)

.init_array     0x0800dc38        0x4
                0x0800dc38                        . = ALIGN (0x4)
                0x0800dc38                        PROVIDE (__init_array_start = .)
 *(SORT_BY_NAME(.init_array.*))
 *(.init_array*)
 .init_array    0x0800dc38        0x4 C:/ST/STM32CubeIDE_1.16.0/STM32CubeIDE/plugins/com.st.stm32cube.ide.mcu.externaltools.gnu-tools-for-stm32.12.3.rel1.win32_1.0.200.202406191623/tools/bin/../lib/gcc/arm-none-eabi/12.3.1/thumb/v7e-m+fp/hard/crtbegin.o
                0x0800dc3c                        PROVIDE (__init_array_end = .)
                0x0800dc3c                        . = ALIGN (0x4)

.fini_array     0x0800dc3c        0x4
                0x0800dc3c                        . = ALIGN (0x4)
                [!provide]                        PROVIDE (__fini_array_start = .)
 *(SORT_BY_NAME(.fini_array.*))
 *(.fini_array*)
 .fini_array    0x0800dc3c        0x4 C:/ST/STM32CubeIDE_1.16.0/STM32CubeIDE/plugins/com.st.stm32cube.ide.mcu.externaltools.gnu-tools-for-stm32.12.3.rel1.win32_1.0.200.202406191623/tools/bin/../lib/gcc/arm-none-eabi/12.3.1/thumb/v7e-m+fp/hard/crtbegin.o
                [!provide]                        PROVIDE (__fini_array_end = .)
                0x0800dc40                        . = ALIGN (0x4)
                0x0800dc40                        _sidata = LOADADDR (.data)

.rel.dyn        0x0800dc40        0x0
 .rel.iplt      0x0800dc40        0x0 C:/ST/STM32CubeIDE_1.16.0/STM32CubeIDE/plugins/com.st.stm32cube.ide.mcu.externaltools.gnu-tools-for-stm32.12.3.rel1.win32_1.0.200.202406191623/tools/bin/../lib/gcc/arm-none-eabi/12.3.1/thumb/v7e-m+fp/hard/crtbegin.o

.data           0x20000000    0x16aec load address 0x0800dc40
                0x20000000                        . = ALIGN (0x4)
                0x20000000                        _sdata = .
 *(.data)
 *(.data*)
 .data.Stat     0x20000000        0x1 ./Core/Src/fatfs_sd.o
 *fill*         0x20000001        0x3 
 .data.E3_Fire16x16_4
                0x20000004      0x800 ./Core/Src/main.o
                0x20000004                E3_Fire16x16_4
 .data.E3_Eye16x17_7
                0x20000804      0xee0 ./Core/Src/main.o
                0x20000804                E3_Eye16x17_7
 .data.E2_Ide16x20_5
                0x200016e4      0xc80 ./Core/Src/main.o
                0x200016e4                E2_Ide16x20_5
 .data.E2_Damage28x25
                0x20002364     0x1068 ./Core/Src/main.o
                0x20002364                E2_Damage28x25
 .data.E2_Die26x23
                0x200033cc     0x1c08 ./Core/Src/main.o
                0x200033cc                E2_Die26x23
 .data.LinkDamageUp_18x20_3
                0x20004fd4      0x870 ./Core/Src/main.o
                0x20004fd4                LinkDamageUp_18x20_3
 .data.LinkDamageSide_20x21_3
                0x20005844      0x9d8 ./Core/Src/main.o
                0x20005844                LinkDamageSide_20x21_3
 .data.LinkDamageDown_20x21_3
                0x2000621c      0x9d8 ./Core/Src/main.o
                0x2000621c                LinkDamageDown_20x21_3
 .data.LinkDie_24x24_4
                0x20006bf4     0x1200 ./Core/Src/main.o
                0x20006bf4                LinkDie_24x24_4
 .data.LinkAttackDown_18x23_6
                0x20007df4     0x1368 ./Core/Src/main.o
                0x20007df4                LinkAttackDown_18x23_6
 .data.LinkAttackSide_20x22_6
                0x2000915c     0x14a0 ./Core/Src/main.o
                0x2000915c                LinkAttackSide_20x22_6
 .data.LinkAttackUp_18x22_6
                0x2000a5fc     0x1290 ./Core/Src/main.o
                0x2000a5fc                LinkAttackUp_18x22_6
 .data.E1_Ide256x19_16
                0x2000b88c     0x2600 ./Core/Src/main.o
                0x2000b88c                E1_Ide256x19_16
 .data.E1_Die14x25_11
                0x2000de8c     0x1e14 ./Core/Src/main.o
                0x2000de8c                E1_Die14x25_11
 .data.LinkSideWalk220x23_10
                0x2000fca0     0x2788 ./Core/Src/main.o
                0x2000fca0                LinkSideWalk220x23_10
 .data.LinkUpWalk180x26_10
                0x20012428     0x2490 ./Core/Src/main.o
                0x20012428                LinkUpWalk180x26_10
 .data.LinkDownWalk180x24_10
                0x200148b8     0x21c0 ./Core/Src/main.o
                0x200148b8                LinkDownWalk180x24_10
 .data.estadoActual
                0x20016a78        0x1 ./Core/Src/main.o
                0x20016a78                estadoActual
 .data.estadoAnterior
                0x20016a79        0x1 ./Core/Src/main.o
                0x20016a79                estadoAnterior
 *fill*         0x20016a7a        0x2 
 .data.SystemCoreClock
                0x20016a7c        0x4 ./Core/Src/system_stm32f4xx.o
                0x20016a7c                SystemCoreClock
 .data.uwTickPrio
                0x20016a80        0x4 ./Drivers/STM32F4xx_HAL_Driver/Src/stm32f4xx_hal.o
                0x20016a80                uwTickPrio
 .data.uwTickFreq
                0x20016a84        0x1 ./Drivers/STM32F4xx_HAL_Driver/Src/stm32f4xx_hal.o
                0x20016a84                uwTickFreq
 *fill*         0x20016a85        0x3 
 .data.USER_Driver
                0x20016a88       0x14 ./FATFS/Target/user_diskio.o
                0x20016a88                USER_Driver
 .data._impure_ptr
                0x20016a9c        0x4 C:/ST/STM32CubeIDE_1.16.0/STM32CubeIDE/plugins/com.st.stm32cube.ide.mcu.externaltools.gnu-tools-for-stm32.12.3.rel1.win32_1.0.200.202406191623/tools/bin/../lib/gcc/arm-none-eabi/12.3.1/../../../../arm-none-eabi/lib/thumb/v7e-m+fp/hard\libc_nano.a(libc_a-impure.o)
                0x20016a9c                _impure_ptr
 .data._impure_data
                0x20016aa0       0x4c C:/ST/STM32CubeIDE_1.16.0/STM32CubeIDE/plugins/com.st.stm32cube.ide.mcu.externaltools.gnu-tools-for-stm32.12.3.rel1.win32_1.0.200.202406191623/tools/bin/../lib/gcc/arm-none-eabi/12.3.1/../../../../arm-none-eabi/lib/thumb/v7e-m+fp/hard\libc_nano.a(libc_a-impure.o)
                0x20016aa0                _impure_data
 *(.RamFunc)
 *(.RamFunc*)
                0x20016aec                        . = ALIGN (0x4)
                0x20016aec                        _edata = .

.igot.plt       0x20016aec        0x0 load address 0x0802472c
 .igot.plt      0x20016aec        0x0 C:/ST/STM32CubeIDE_1.16.0/STM32CubeIDE/plugins/com.st.stm32cube.ide.mcu.externaltools.gnu-tools-for-stm32.12.3.rel1.win32_1.0.200.202406191623/tools/bin/../lib/gcc/arm-none-eabi/12.3.1/thumb/v7e-m+fp/hard/crtbegin.o
                0x20016aec                        . = ALIGN (0x4)

.bss            0x20016aec     0x63d8 load address 0x0802472c
                0x20016aec                        _sbss = .
                0x20016aec                        __bss_start__ = _sbss
 *(.bss)
 .bss           0x20016aec       0x1c C:/ST/STM32CubeIDE_1.16.0/STM32CubeIDE/plugins/com.st.stm32cube.ide.mcu.externaltools.gnu-tools-for-stm32.12.3.rel1.win32_1.0.200.202406191623/tools/bin/../lib/gcc/arm-none-eabi/12.3.1/thumb/v7e-m+fp/hard/crtbegin.o
 *(.bss*)
 .bss.Timer1    0x20016b08        0x2 ./Core/Src/fatfs_sd.o
                0x20016b08                Timer1
 .bss.Timer2    0x20016b0a        0x2 ./Core/Src/fatfs_sd.o
                0x20016b0a                Timer2
 .bss.CardType  0x20016b0c        0x1 ./Core/Src/fatfs_sd.o
 .bss.PowerFlag
                0x20016b0d        0x1 ./Core/Src/fatfs_sd.o
 *fill*         0x20016b0e        0x2 
 .bss.hspi1     0x20016b10       0x58 ./Core/Src/main.o
                0x20016b10                hspi1
 .bss.fs        0x20016b68     0x1038 ./Core/Src/main.o
                0x20016b68                fs
 .bss.htim1     0x20017ba0       0x48 ./Core/Src/main.o
                0x20017ba0                htim1
 .bss.htim2     0x20017be8       0x48 ./Core/Src/main.o
                0x20017be8                htim2
 .bss.huart5    0x20017c30       0x48 ./Core/Src/main.o
                0x20017c30                huart5
 .bss.huart2    0x20017c78       0x48 ./Core/Src/main.o
                0x20017c78                huart2
 .bss.fragmento_imagen
                0x20017cc0     0x4b00 ./Core/Src/main.o
                0x20017cc0                fragmento_imagen
 .bss.buffer    0x2001c7c0        0xa ./Core/Src/main.o
                0x2001c7c0                buffer
 *fill*         0x2001c7ca        0x2 
 .bss.p1        0x2001c7cc       0x74 ./Core/Src/main.o
                0x2001c7cc                p1
 .bss.p2        0x2001c840       0x74 ./Core/Src/main.o
                0x2001c840                p2
 .bss.e1_1      0x2001c8b4       0x34 ./Core/Src/main.o
                0x2001c8b4                e1_1
 .bss.e1_2      0x2001c8e8       0x34 ./Core/Src/main.o
                0x2001c8e8                e1_2
 .bss.e1_3      0x2001c91c       0x34 ./Core/Src/main.o
                0x2001c91c                e1_3
 .bss.e1_4      0x2001c950       0x34 ./Core/Src/main.o
                0x2001c950                e1_4
 .bss.e1_5      0x2001c984       0x34 ./Core/Src/main.o
                0x2001c984                e1_5
 .bss.e1_6      0x2001c9b8       0x34 ./Core/Src/main.o
                0x2001c9b8                e1_6
 .bss.e2_1      0x2001c9ec       0x44 ./Core/Src/main.o
                0x2001c9ec                e2_1
 .bss.e2_2      0x2001ca30       0x44 ./Core/Src/main.o
                0x2001ca30                e2_2
 .bss.e3_1      0x2001ca74       0x58 ./Core/Src/main.o
                0x2001ca74                e3_1
 .bss.e3_2      0x2001cacc       0x58 ./Core/Src/main.o
                0x2001cacc                e3_2
 .bss.modo      0x2001cb24        0x1 ./Core/Src/main.o
                0x2001cb24                modo
 .bss.fase_p1   0x2001cb25        0x1 ./Core/Src/main.o
                0x2001cb25                fase_p1
 .bss.fase_p2   0x2001cb26        0x1 ./Core/Src/main.o
                0x2001cb26                fase_p2
 .bss.DrawHitbox
                0x2001cb27        0x1 ./Core/Src/main.o
                0x2001cb27                DrawHitbox
 .bss.estadoFuturo
                0x2001cb28        0x1 ./Core/Src/main.o
                0x2001cb28                estadoFuturo
 .bss.nivelActual1
                0x2001cb29        0x1 ./Core/Src/main.o
                0x2001cb29                nivelActual1
 .bss.nivelActual2
                0x2001cb2a        0x1 ./Core/Src/main.o
                0x2001cb2a                nivelActual2
 *fill*         0x2001cb2b        0x1 
 .bss.IniciarLevel
                0x2001cb2c        0x4 ./Core/Src/main.o
                0x2001cb2c                IniciarLevel
 .bss.IniciarLevel2
                0x2001cb30        0x4 ./Core/Src/main.o
                0x2001cb30                IniciarLevel2
 .bss.repintarFondo
                0x2001cb34        0x1 ./Core/Src/main.o
                0x2001cb34                repintarFondo
 .bss.pintarFondoPausa
                0x2001cb35        0x1 ./Core/Src/main.o
                0x2001cb35                pintarFondoPausa
 .bss.IniciarP1
                0x2001cb36        0x1 ./Core/Src/main.o
                0x2001cb36                IniciarP1
 .bss.IniciarP2
                0x2001cb37        0x1 ./Core/Src/main.o
                0x2001cb37                IniciarP2
 .bss.__sbrk_heap_end
                0x2001cb38        0x4 ./Core/Src/sysmem.o
 .bss.uwTick    0x2001cb3c        0x4 ./Drivers/STM32F4xx_HAL_Driver/Src/stm32f4xx_hal.o
                0x2001cb3c                uwTick
 .bss.retUSER   0x2001cb40        0x1 ./FATFS/App/fatfs.o
                0x2001cb40                retUSER
 *fill*         0x2001cb41        0x3 
 .bss.USERPath  0x2001cb44        0x4 ./FATFS/App/fatfs.o
                0x2001cb44                USERPath
 .bss.FatFs     0x2001cb48        0x4 ./Middlewares/Third_Party/FatFs/src/ff.o
 .bss.Fsid      0x2001cb4c        0x2 ./Middlewares/Third_Party/FatFs/src/ff.o
 *fill*         0x2001cb4e        0x2 
 .bss.Files     0x2001cb50       0x20 ./Middlewares/Third_Party/FatFs/src/ff.o
 .bss.LfnBuf    0x2001cb70      0x200 ./Middlewares/Third_Party/FatFs/src/ff.o
 .bss.disk      0x2001cd70        0xc ./Middlewares/Third_Party/FatFs/src/ff_gen_drv.o
                0x2001cd70                disk
 .bss.__sf      0x2001cd7c      0x138 C:/ST/STM32CubeIDE_1.16.0/STM32CubeIDE/plugins/com.st.stm32cube.ide.mcu.externaltools.gnu-tools-for-stm32.12.3.rel1.win32_1.0.200.202406191623/tools/bin/../lib/gcc/arm-none-eabi/12.3.1/../../../../arm-none-eabi/lib/thumb/v7e-m+fp/hard\libc_nano.a(libc_a-findfp.o)
                0x2001cd7c                __sf
 .bss.errno     0x2001ceb4        0x4 C:/ST/STM32CubeIDE_1.16.0/STM32CubeIDE/plugins/com.st.stm32cube.ide.mcu.externaltools.gnu-tools-for-stm32.12.3.rel1.win32_1.0.200.202406191623/tools/bin/../lib/gcc/arm-none-eabi/12.3.1/../../../../arm-none-eabi/lib/thumb/v7e-m+fp/hard\libc_nano.a(libc_a-reent.o)
                0x2001ceb4                errno
 .bss.__lock___malloc_recursive_mutex
                0x2001ceb8        0x1 C:/ST/STM32CubeIDE_1.16.0/STM32CubeIDE/plugins/com.st.stm32cube.ide.mcu.externaltools.gnu-tools-for-stm32.12.3.rel1.win32_1.0.200.202406191623/tools/bin/../lib/gcc/arm-none-eabi/12.3.1/../../../../arm-none-eabi/lib/thumb/v7e-m+fp/hard\libc_nano.a(libc_a-lock.o)
                0x2001ceb8                __lock___malloc_recursive_mutex
 *fill*         0x2001ceb9        0x3 
 .bss.__malloc_sbrk_start
                0x2001cebc        0x4 C:/ST/STM32CubeIDE_1.16.0/STM32CubeIDE/plugins/com.st.stm32cube.ide.mcu.externaltools.gnu-tools-for-stm32.12.3.rel1.win32_1.0.200.202406191623/tools/bin/../lib/gcc/arm-none-eabi/12.3.1/../../../../arm-none-eabi/lib/thumb/v7e-m+fp/hard\libc_nano.a(libc_a-mallocr.o)
                0x2001cebc                __malloc_sbrk_start
 .bss.__malloc_free_list
                0x2001cec0        0x4 C:/ST/STM32CubeIDE_1.16.0/STM32CubeIDE/plugins/com.st.stm32cube.ide.mcu.externaltools.gnu-tools-for-stm32.12.3.rel1.win32_1.0.200.202406191623/tools/bin/../lib/gcc/arm-none-eabi/12.3.1/../../../../arm-none-eabi/lib/thumb/v7e-m+fp/hard\libc_nano.a(libc_a-mallocr.o)
                0x2001cec0                __malloc_free_list
 *(COMMON)
                0x2001cec4                        . = ALIGN (0x4)
                0x2001cec4                        _ebss = .
                0x2001cec4                        __bss_end__ = _ebss

._user_heap_stack
                0x2001cec4      0x604 load address 0x0802472c
                0x2001cec8                        . = ALIGN (0x8)
 *fill*         0x2001cec4        0x4 
                [!provide]                        PROVIDE (end = .)
                0x2001cec8                        PROVIDE (_end = .)
                0x2001d0c8                        . = (. + _Min_Heap_Size)
 *fill*         0x2001cec8      0x200 
                0x2001d4c8                        . = (. + _Min_Stack_Size)
 *fill*         0x2001d0c8      0x400 
                0x2001d4c8                        . = ALIGN (0x8)

/DISCARD/
 libc.a(*)
 libm.a(*)
 libgcc.a(*)

.ARM.attributes
                0x00000000       0x30
 *(.ARM.attributes)
 .ARM.attributes
                0x00000000       0x22 C:/ST/STM32CubeIDE_1.16.0/STM32CubeIDE/plugins/com.st.stm32cube.ide.mcu.externaltools.gnu-tools-for-stm32.12.3.rel1.win32_1.0.200.202406191623/tools/bin/../lib/gcc/arm-none-eabi/12.3.1/thumb/v7e-m+fp/hard/crti.o
 .ARM.attributes
                0x00000022       0x34 C:/ST/STM32CubeIDE_1.16.0/STM32CubeIDE/plugins/com.st.stm32cube.ide.mcu.externaltools.gnu-tools-for-stm32.12.3.rel1.win32_1.0.200.202406191623/tools/bin/../lib/gcc/arm-none-eabi/12.3.1/thumb/v7e-m+fp/hard/crtbegin.o
 .ARM.attributes
                0x00000056       0x34 ./Core/Src/fatfs_sd.o
 .ARM.attributes
                0x0000008a       0x34 ./Core/Src/ili9341.o
 .ARM.attributes
                0x000000be       0x34 ./Core/Src/main.o
 .ARM.attributes
                0x000000f2       0x34 ./Core/Src/stm32f4xx_hal_msp.o
 .ARM.attributes
                0x00000126       0x34 ./Core/Src/stm32f4xx_it.o
 .ARM.attributes
                0x0000015a       0x34 ./Core/Src/sysmem.o
 .ARM.attributes
                0x0000018e       0x34 ./Core/Src/system_stm32f4xx.o
 .ARM.attributes
                0x000001c2       0x21 ./Core/Startup/startup_stm32f446retx.o
 .ARM.attributes
                0x000001e3       0x34 ./Drivers/STM32F4xx_HAL_Driver/Src/stm32f4xx_hal.o
 .ARM.attributes
                0x00000217       0x34 ./Drivers/STM32F4xx_HAL_Driver/Src/stm32f4xx_hal_cortex.o
 .ARM.attributes
                0x0000024b       0x34 ./Drivers/STM32F4xx_HAL_Driver/Src/stm32f4xx_hal_dma.o
 .ARM.attributes
                0x0000027f       0x34 ./Drivers/STM32F4xx_HAL_Driver/Src/stm32f4xx_hal_gpio.o
 .ARM.attributes
                0x000002b3       0x34 ./Drivers/STM32F4xx_HAL_Driver/Src/stm32f4xx_hal_rcc.o
 .ARM.attributes
                0x000002e7       0x34 ./Drivers/STM32F4xx_HAL_Driver/Src/stm32f4xx_hal_rcc_ex.o
 .ARM.attributes
                0x0000031b       0x34 ./Drivers/STM32F4xx_HAL_Driver/Src/stm32f4xx_hal_spi.o
 .ARM.attributes
                0x0000034f       0x34 ./Drivers/STM32F4xx_HAL_Driver/Src/stm32f4xx_hal_tim.o
 .ARM.attributes
                0x00000383       0x34 ./Drivers/STM32F4xx_HAL_Driver/Src/stm32f4xx_hal_tim_ex.o
 .ARM.attributes
                0x000003b7       0x34 ./Drivers/STM32F4xx_HAL_Driver/Src/stm32f4xx_hal_uart.o
 .ARM.attributes
                0x000003eb       0x34 ./FATFS/App/fatfs.o
 .ARM.attributes
                0x0000041f       0x34 ./FATFS/Target/user_diskio.o
 .ARM.attributes
                0x00000453       0x34 ./Middlewares/Third_Party/FatFs/src/diskio.o
 .ARM.attributes
                0x00000487       0x34 ./Middlewares/Third_Party/FatFs/src/ff.o
 .ARM.attributes
                0x000004bb       0x34 ./Middlewares/Third_Party/FatFs/src/ff_gen_drv.o
 .ARM.attributes
                0x000004ef       0x34 ./Middlewares/Third_Party/FatFs/src/option/ccsbcs.o
 .ARM.attributes
                0x00000523       0x34 C:/ST/STM32CubeIDE_1.16.0/STM32CubeIDE/plugins/com.st.stm32cube.ide.mcu.externaltools.gnu-tools-for-stm32.12.3.rel1.win32_1.0.200.202406191623/tools/bin/../lib/gcc/arm-none-eabi/12.3.1/../../../../arm-none-eabi/lib/thumb/v7e-m+fp/hard\libc_nano.a(libc_a-findfp.o)
 .ARM.attributes
                0x00000557       0x34 C:/ST/STM32CubeIDE_1.16.0/STM32CubeIDE/plugins/com.st.stm32cube.ide.mcu.externaltools.gnu-tools-for-stm32.12.3.rel1.win32_1.0.200.202406191623/tools/bin/../lib/gcc/arm-none-eabi/12.3.1/../../../../arm-none-eabi/lib/thumb/v7e-m+fp/hard\libc_nano.a(libc_a-sprintf.o)
 .ARM.attributes
                0x0000058b       0x34 C:/ST/STM32CubeIDE_1.16.0/STM32CubeIDE/plugins/com.st.stm32cube.ide.mcu.externaltools.gnu-tools-for-stm32.12.3.rel1.win32_1.0.200.202406191623/tools/bin/../lib/gcc/arm-none-eabi/12.3.1/../../../../arm-none-eabi/lib/thumb/v7e-m+fp/hard\libc_nano.a(libc_a-memset.o)
 .ARM.attributes
                0x000005bf       0x34 C:/ST/STM32CubeIDE_1.16.0/STM32CubeIDE/plugins/com.st.stm32cube.ide.mcu.externaltools.gnu-tools-for-stm32.12.3.rel1.win32_1.0.200.202406191623/tools/bin/../lib/gcc/arm-none-eabi/12.3.1/../../../../arm-none-eabi/lib/thumb/v7e-m+fp/hard\libc_nano.a(libc_a-reent.o)
 .ARM.attributes
                0x000005f3       0x34 C:/ST/STM32CubeIDE_1.16.0/STM32CubeIDE/plugins/com.st.stm32cube.ide.mcu.externaltools.gnu-tools-for-stm32.12.3.rel1.win32_1.0.200.202406191623/tools/bin/../lib/gcc/arm-none-eabi/12.3.1/../../../../arm-none-eabi/lib/thumb/v7e-m+fp/hard\libc_nano.a(libc_a-impure.o)
 .ARM.attributes
                0x00000627       0x34 C:/ST/STM32CubeIDE_1.16.0/STM32CubeIDE/plugins/com.st.stm32cube.ide.mcu.externaltools.gnu-tools-for-stm32.12.3.rel1.win32_1.0.200.202406191623/tools/bin/../lib/gcc/arm-none-eabi/12.3.1/../../../../arm-none-eabi/lib/thumb/v7e-m+fp/hard\libc_nano.a(libc_a-errno.o)
 .ARM.attributes
                0x0000065b       0x34 C:/ST/STM32CubeIDE_1.16.0/STM32CubeIDE/plugins/com.st.stm32cube.ide.mcu.externaltools.gnu-tools-for-stm32.12.3.rel1.win32_1.0.200.202406191623/tools/bin/../lib/gcc/arm-none-eabi/12.3.1/../../../../arm-none-eabi/lib/thumb/v7e-m+fp/hard\libc_nano.a(libc_a-init.o)
 .ARM.attributes
                0x0000068f       0x34 C:/ST/STM32CubeIDE_1.16.0/STM32CubeIDE/plugins/com.st.stm32cube.ide.mcu.externaltools.gnu-tools-for-stm32.12.3.rel1.win32_1.0.200.202406191623/tools/bin/../lib/gcc/arm-none-eabi/12.3.1/../../../../arm-none-eabi/lib/thumb/v7e-m+fp/hard\libc_nano.a(libc_a-lock.o)
 .ARM.attributes
                0x000006c3       0x17 C:/ST/STM32CubeIDE_1.16.0/STM32CubeIDE/plugins/com.st.stm32cube.ide.mcu.externaltools.gnu-tools-for-stm32.12.3.rel1.win32_1.0.200.202406191623/tools/bin/../lib/gcc/arm-none-eabi/12.3.1/../../../../arm-none-eabi/lib/thumb/v7e-m+fp/hard\libc_nano.a(libc_a-strlen.o)
 .ARM.attributes
                0x000006da       0x34 C:/ST/STM32CubeIDE_1.16.0/STM32CubeIDE/plugins/com.st.stm32cube.ide.mcu.externaltools.gnu-tools-for-stm32.12.3.rel1.win32_1.0.200.202406191623/tools/bin/../lib/gcc/arm-none-eabi/12.3.1/../../../../arm-none-eabi/lib/thumb/v7e-m+fp/hard\libc_nano.a(libc_a-freer.o)
 .ARM.attributes
                0x0000070e       0x34 C:/ST/STM32CubeIDE_1.16.0/STM32CubeIDE/plugins/com.st.stm32cube.ide.mcu.externaltools.gnu-tools-for-stm32.12.3.rel1.win32_1.0.200.202406191623/tools/bin/../lib/gcc/arm-none-eabi/12.3.1/../../../../arm-none-eabi/lib/thumb/v7e-m+fp/hard\libc_nano.a(libc_a-mallocr.o)
 .ARM.attributes
                0x00000742       0x34 C:/ST/STM32CubeIDE_1.16.0/STM32CubeIDE/plugins/com.st.stm32cube.ide.mcu.externaltools.gnu-tools-for-stm32.12.3.rel1.win32_1.0.200.202406191623/tools/bin/../lib/gcc/arm-none-eabi/12.3.1/../../../../arm-none-eabi/lib/thumb/v7e-m+fp/hard\libc_nano.a(libc_a-mlock.o)
 .ARM.attributes
                0x00000776       0x34 C:/ST/STM32CubeIDE_1.16.0/STM32CubeIDE/plugins/com.st.stm32cube.ide.mcu.externaltools.gnu-tools-for-stm32.12.3.rel1.win32_1.0.200.202406191623/tools/bin/../lib/gcc/arm-none-eabi/12.3.1/../../../../arm-none-eabi/lib/thumb/v7e-m+fp/hard\libc_nano.a(libc_a-nano-svfprintf.o)
 .ARM.attributes
                0x000007aa       0x34 C:/ST/STM32CubeIDE_1.16.0/STM32CubeIDE/plugins/com.st.stm32cube.ide.mcu.externaltools.gnu-tools-for-stm32.12.3.rel1.win32_1.0.200.202406191623/tools/bin/../lib/gcc/arm-none-eabi/12.3.1/../../../../arm-none-eabi/lib/thumb/v7e-m+fp/hard\libc_nano.a(libc_a-nano-vfprintf_i.o)
 .ARM.attributes
                0x000007de       0x34 C:/ST/STM32CubeIDE_1.16.0/STM32CubeIDE/plugins/com.st.stm32cube.ide.mcu.externaltools.gnu-tools-for-stm32.12.3.rel1.win32_1.0.200.202406191623/tools/bin/../lib/gcc/arm-none-eabi/12.3.1/../../../../arm-none-eabi/lib/thumb/v7e-m+fp/hard\libc_nano.a(libc_a-memmove.o)
 .ARM.attributes
                0x00000812       0x34 C:/ST/STM32CubeIDE_1.16.0/STM32CubeIDE/plugins/com.st.stm32cube.ide.mcu.externaltools.gnu-tools-for-stm32.12.3.rel1.win32_1.0.200.202406191623/tools/bin/../lib/gcc/arm-none-eabi/12.3.1/../../../../arm-none-eabi/lib/thumb/v7e-m+fp/hard\libc_nano.a(libc_a-sbrkr.o)
 .ARM.attributes
                0x00000846       0x1c C:/ST/STM32CubeIDE_1.16.0/STM32CubeIDE/plugins/com.st.stm32cube.ide.mcu.externaltools.gnu-tools-for-stm32.12.3.rel1.win32_1.0.200.202406191623/tools/bin/../lib/gcc/arm-none-eabi/12.3.1/../../../../arm-none-eabi/lib/thumb/v7e-m+fp/hard\libc_nano.a(libc_a-memchr.o)
 .ARM.attributes
                0x00000862       0x34 C:/ST/STM32CubeIDE_1.16.0/STM32CubeIDE/plugins/com.st.stm32cube.ide.mcu.externaltools.gnu-tools-for-stm32.12.3.rel1.win32_1.0.200.202406191623/tools/bin/../lib/gcc/arm-none-eabi/12.3.1/../../../../arm-none-eabi/lib/thumb/v7e-m+fp/hard\libc_nano.a(libc_a-memcpy-stub.o)
 .ARM.attributes
                0x00000896       0x34 C:/ST/STM32CubeIDE_1.16.0/STM32CubeIDE/plugins/com.st.stm32cube.ide.mcu.externaltools.gnu-tools-for-stm32.12.3.rel1.win32_1.0.200.202406191623/tools/bin/../lib/gcc/arm-none-eabi/12.3.1/../../../../arm-none-eabi/lib/thumb/v7e-m+fp/hard\libc_nano.a(libc_a-reallocr.o)
 .ARM.attributes
                0x000008ca       0x34 C:/ST/STM32CubeIDE_1.16.0/STM32CubeIDE/plugins/com.st.stm32cube.ide.mcu.externaltools.gnu-tools-for-stm32.12.3.rel1.win32_1.0.200.202406191623/tools/bin/../lib/gcc/arm-none-eabi/12.3.1/../../../../arm-none-eabi/lib/thumb/v7e-m+fp/hard\libc_nano.a(libc_a-msizer.o)
 .ARM.attributes
                0x000008fe       0x22 C:/ST/STM32CubeIDE_1.16.0/STM32CubeIDE/plugins/com.st.stm32cube.ide.mcu.externaltools.gnu-tools-for-stm32.12.3.rel1.win32_1.0.200.202406191623/tools/bin/../lib/gcc/arm-none-eabi/12.3.1/thumb/v7e-m+fp/hard\libgcc.a(_arm_addsubdf3.o)
 .ARM.attributes
                0x00000920       0x22 C:/ST/STM32CubeIDE_1.16.0/STM32CubeIDE/plugins/com.st.stm32cube.ide.mcu.externaltools.gnu-tools-for-stm32.12.3.rel1.win32_1.0.200.202406191623/tools/bin/../lib/gcc/arm-none-eabi/12.3.1/thumb/v7e-m+fp/hard\libgcc.a(_arm_truncdfsf2.o)
 .ARM.attributes
                0x00000942       0x22 C:/ST/STM32CubeIDE_1.16.0/STM32CubeIDE/plugins/com.st.stm32cube.ide.mcu.externaltools.gnu-tools-for-stm32.12.3.rel1.win32_1.0.200.202406191623/tools/bin/../lib/gcc/arm-none-eabi/12.3.1/thumb/v7e-m+fp/hard\libgcc.a(_aeabi_uldivmod.o)
 .ARM.attributes
                0x00000964       0x34 C:/ST/STM32CubeIDE_1.16.0/STM32CubeIDE/plugins/com.st.stm32cube.ide.mcu.externaltools.gnu-tools-for-stm32.12.3.rel1.win32_1.0.200.202406191623/tools/bin/../lib/gcc/arm-none-eabi/12.3.1/thumb/v7e-m+fp/hard\libgcc.a(_udivmoddi4.o)
 .ARM.attributes
                0x00000998       0x22 C:/ST/STM32CubeIDE_1.16.0/STM32CubeIDE/plugins/com.st.stm32cube.ide.mcu.externaltools.gnu-tools-for-stm32.12.3.rel1.win32_1.0.200.202406191623/tools/bin/../lib/gcc/arm-none-eabi/12.3.1/thumb/v7e-m+fp/hard\libgcc.a(_dvmd_tls.o)
 .ARM.attributes
                0x000009ba       0x22 C:/ST/STM32CubeIDE_1.16.0/STM32CubeIDE/plugins/com.st.stm32cube.ide.mcu.externaltools.gnu-tools-for-stm32.12.3.rel1.win32_1.0.200.202406191623/tools/bin/../lib/gcc/arm-none-eabi/12.3.1/thumb/v7e-m+fp/hard/crtn.o
OUTPUT(ILI9341.elf elf32-littlearm)
LOAD linker stubs
LOAD C:/ST/STM32CubeIDE_1.16.0/STM32CubeIDE/plugins/com.st.stm32cube.ide.mcu.externaltools.gnu-tools-for-stm32.12.3.rel1.win32_1.0.200.202406191623/tools/bin/../lib/gcc/arm-none-eabi/12.3.1/../../../../arm-none-eabi/lib/thumb/v7e-m+fp/hard\libc.a
LOAD C:/ST/STM32CubeIDE_1.16.0/STM32CubeIDE/plugins/com.st.stm32cube.ide.mcu.externaltools.gnu-tools-for-stm32.12.3.rel1.win32_1.0.200.202406191623/tools/bin/../lib/gcc/arm-none-eabi/12.3.1/../../../../arm-none-eabi/lib/thumb/v7e-m+fp/hard\libm.a
LOAD C:/ST/STM32CubeIDE_1.16.0/STM32CubeIDE/plugins/com.st.stm32cube.ide.mcu.externaltools.gnu-tools-for-stm32.12.3.rel1.win32_1.0.200.202406191623/tools/bin/../lib/gcc/arm-none-eabi/12.3.1/thumb/v7e-m+fp/hard\libgcc.a

.debug_info     0x00000000    0x15aa5
 .debug_info    0x00000000      0xc35 ./Core/Src/fatfs_sd.o
 .debug_info    0x00000c35      0x7ff ./Core/Src/ili9341.o
 .debug_info    0x00001434     0x310d ./Core/Src/main.o
 .debug_info    0x00004541     0x1357 ./Core/Src/stm32f4xx_hal_msp.o
 .debug_info    0x00005898      0x672 ./Core/Src/stm32f4xx_it.o
 .debug_info    0x00005f0a      0x168 ./Core/Src/sysmem.o
 .debug_info    0x00006072      0x54a ./Core/Src/system_stm32f4xx.o
 .debug_info    0x000065bc       0x30 ./Core/Startup/startup_stm32f446retx.o
 .debug_info    0x000065ec      0x99a ./Drivers/STM32F4xx_HAL_Driver/Src/stm32f4xx_hal.o
 .debug_info    0x00006f86      0xd75 ./Drivers/STM32F4xx_HAL_Driver/Src/stm32f4xx_hal_cortex.o
 .debug_info    0x00007cfb      0x8e7 ./Drivers/STM32F4xx_HAL_Driver/Src/stm32f4xx_hal_dma.o
 .debug_info    0x000085e2      0x70b ./Drivers/STM32F4xx_HAL_Driver/Src/stm32f4xx_hal_gpio.o
 .debug_info    0x00008ced      0x8ed ./Drivers/STM32F4xx_HAL_Driver/Src/stm32f4xx_hal_rcc.o
 .debug_info    0x000095da      0x956 ./Drivers/STM32F4xx_HAL_Driver/Src/stm32f4xx_hal_rcc_ex.o
 .debug_info    0x00009f30     0x15fb ./Drivers/STM32F4xx_HAL_Driver/Src/stm32f4xx_hal_spi.o
 .debug_info    0x0000b52b     0x299d ./Drivers/STM32F4xx_HAL_Driver/Src/stm32f4xx_hal_tim.o
 .debug_info    0x0000dec8     0x14db ./Drivers/STM32F4xx_HAL_Driver/Src/stm32f4xx_hal_tim_ex.o
 .debug_info    0x0000f3a3     0x2f4f ./Drivers/STM32F4xx_HAL_Driver/Src/stm32f4xx_hal_uart.o
 .debug_info    0x000122f2      0x508 ./FATFS/App/fatfs.o
 .debug_info    0x000127fa      0x3a5 ./FATFS/Target/user_diskio.o
 .debug_info    0x00012b9f      0x3df ./Middlewares/Third_Party/FatFs/src/diskio.o
 .debug_info    0x00012f7e     0x25ef ./Middlewares/Third_Party/FatFs/src/ff.o
 .debug_info    0x0001556d      0x37f ./Middlewares/Third_Party/FatFs/src/ff_gen_drv.o
 .debug_info    0x000158ec      0x1b9 ./Middlewares/Third_Party/FatFs/src/option/ccsbcs.o

.debug_abbrev   0x00000000     0x30e4
 .debug_abbrev  0x00000000      0x2ee ./Core/Src/fatfs_sd.o
 .debug_abbrev  0x000002ee      0x203 ./Core/Src/ili9341.o
 .debug_abbrev  0x000004f1      0x430 ./Core/Src/main.o
 .debug_abbrev  0x00000921      0x23d ./Core/Src/stm32f4xx_hal_msp.o
 .debug_abbrev  0x00000b5e      0x189 ./Core/Src/stm32f4xx_it.o
 .debug_abbrev  0x00000ce7       0xbc ./Core/Src/sysmem.o
 .debug_abbrev  0x00000da3      0x11a ./Core/Src/system_stm32f4xx.o
 .debug_abbrev  0x00000ebd       0x24 ./Core/Startup/startup_stm32f446retx.o
 .debug_abbrev  0x00000ee1      0x214 ./Drivers/STM32F4xx_HAL_Driver/Src/stm32f4xx_hal.o
 .debug_abbrev  0x000010f5      0x328 ./Drivers/STM32F4xx_HAL_Driver/Src/stm32f4xx_hal_cortex.o
 .debug_abbrev  0x0000141d      0x264 ./Drivers/STM32F4xx_HAL_Driver/Src/stm32f4xx_hal_dma.o
 .debug_abbrev  0x00001681      0x1d4 ./Drivers/STM32F4xx_HAL_Driver/Src/stm32f4xx_hal_gpio.o
 .debug_abbrev  0x00001855      0x2b6 ./Drivers/STM32F4xx_HAL_Driver/Src/stm32f4xx_hal_rcc.o
 .debug_abbrev  0x00001b0b      0x20a ./Drivers/STM32F4xx_HAL_Driver/Src/stm32f4xx_hal_rcc_ex.o
 .debug_abbrev  0x00001d15      0x284 ./Drivers/STM32F4xx_HAL_Driver/Src/stm32f4xx_hal_spi.o
 .debug_abbrev  0x00001f99      0x278 ./Drivers/STM32F4xx_HAL_Driver/Src/stm32f4xx_hal_tim.o
 .debug_abbrev  0x00002211      0x283 ./Drivers/STM32F4xx_HAL_Driver/Src/stm32f4xx_hal_tim_ex.o
 .debug_abbrev  0x00002494      0x30e ./Drivers/STM32F4xx_HAL_Driver/Src/stm32f4xx_hal_uart.o
 .debug_abbrev  0x000027a2      0x15e ./FATFS/App/fatfs.o
 .debug_abbrev  0x00002900      0x15c ./FATFS/Target/user_diskio.o
 .debug_abbrev  0x00002a5c      0x181 ./Middlewares/Third_Party/FatFs/src/diskio.o
 .debug_abbrev  0x00002bdd      0x28a ./Middlewares/Third_Party/FatFs/src/ff.o
 .debug_abbrev  0x00002e67      0x19f ./Middlewares/Third_Party/FatFs/src/ff_gen_drv.o
 .debug_abbrev  0x00003006       0xde ./Middlewares/Third_Party/FatFs/src/option/ccsbcs.o

.debug_aranges  0x00000000     0x1460
 .debug_aranges
                0x00000000       0xa8 ./Core/Src/fatfs_sd.o
 .debug_aranges
                0x000000a8       0x78 ./Core/Src/ili9341.o
 .debug_aranges
                0x00000120      0x1b8 ./Core/Src/main.o
 .debug_aranges
                0x000002d8       0x58 ./Core/Src/stm32f4xx_hal_msp.o
 .debug_aranges
                0x00000330       0x70 ./Core/Src/stm32f4xx_it.o
 .debug_aranges
                0x000003a0       0x20 ./Core/Src/sysmem.o
 .debug_aranges
                0x000003c0       0x28 ./Core/Src/system_stm32f4xx.o
 .debug_aranges
                0x000003e8       0x28 ./Core/Startup/startup_stm32f446retx.o
 .debug_aranges
                0x00000410       0xf0 ./Drivers/STM32F4xx_HAL_Driver/Src/stm32f4xx_hal.o
 .debug_aranges
                0x00000500      0x120 ./Drivers/STM32F4xx_HAL_Driver/Src/stm32f4xx_hal_cortex.o
 .debug_aranges
                0x00000620       0x90 ./Drivers/STM32F4xx_HAL_Driver/Src/stm32f4xx_hal_dma.o
 .debug_aranges
                0x000006b0       0x58 ./Drivers/STM32F4xx_HAL_Driver/Src/stm32f4xx_hal_gpio.o
 .debug_aranges
                0x00000708       0x88 ./Drivers/STM32F4xx_HAL_Driver/Src/stm32f4xx_hal_rcc.o
 .debug_aranges
                0x00000790       0x78 ./Drivers/STM32F4xx_HAL_Driver/Src/stm32f4xx_hal_rcc_ex.o
 .debug_aranges
                0x00000808      0x1d0 ./Drivers/STM32F4xx_HAL_Driver/Src/stm32f4xx_hal_spi.o
 .debug_aranges
                0x000009d8      0x3d0 ./Drivers/STM32F4xx_HAL_Driver/Src/stm32f4xx_hal_tim.o
 .debug_aranges
                0x00000da8      0x168 ./Drivers/STM32F4xx_HAL_Driver/Src/stm32f4xx_hal_tim_ex.o
 .debug_aranges
                0x00000f10      0x208 ./Drivers/STM32F4xx_HAL_Driver/Src/stm32f4xx_hal_uart.o
 .debug_aranges
                0x00001118       0x28 ./FATFS/App/fatfs.o
 .debug_aranges
                0x00001140       0x40 ./FATFS/Target/user_diskio.o
 .debug_aranges
                0x00001180       0x48 ./Middlewares/Third_Party/FatFs/src/diskio.o
 .debug_aranges
                0x000011c8      0x230 ./Middlewares/Third_Party/FatFs/src/ff.o
 .debug_aranges
                0x000013f8       0x40 ./Middlewares/Third_Party/FatFs/src/ff_gen_drv.o
 .debug_aranges
                0x00001438       0x28 ./Middlewares/Third_Party/FatFs/src/option/ccsbcs.o

.debug_rnglists
                0x00000000     0x10a2
 .debug_rnglists
                0x00000000       0x80 ./Core/Src/fatfs_sd.o
 .debug_rnglists
                0x00000080       0x60 ./Core/Src/ili9341.o
 .debug_rnglists
                0x000000e0      0x20c ./Core/Src/main.o
 .debug_rnglists
                0x000002ec       0x40 ./Core/Src/stm32f4xx_hal_msp.o
 .debug_rnglists
                0x0000032c       0x4f ./Core/Src/stm32f4xx_it.o
 .debug_rnglists
                0x0000037b       0x13 ./Core/Src/sysmem.o
 .debug_rnglists
                0x0000038e       0x1a ./Core/Src/system_stm32f4xx.o
 .debug_rnglists
                0x000003a8       0x19 ./Core/Startup/startup_stm32f446retx.o
 .debug_rnglists
                0x000003c1       0xaf ./Drivers/STM32F4xx_HAL_Driver/Src/stm32f4xx_hal.o
 .debug_rnglists
                0x00000470       0xd4 ./Drivers/STM32F4xx_HAL_Driver/Src/stm32f4xx_hal_cortex.o
 .debug_rnglists
                0x00000544       0x70 ./Drivers/STM32F4xx_HAL_Driver/Src/stm32f4xx_hal_dma.o
 .debug_rnglists
                0x000005b4       0x3f ./Drivers/STM32F4xx_HAL_Driver/Src/stm32f4xx_hal_gpio.o
 .debug_rnglists
                0x000005f3       0x66 ./Drivers/STM32F4xx_HAL_Driver/Src/stm32f4xx_hal_rcc.o
 .debug_rnglists
                0x00000659       0x5e ./Drivers/STM32F4xx_HAL_Driver/Src/stm32f4xx_hal_rcc_ex.o
 .debug_rnglists
                0x000006b7      0x16f ./Drivers/STM32F4xx_HAL_Driver/Src/stm32f4xx_hal_spi.o
 .debug_rnglists
                0x00000826      0x31a ./Drivers/STM32F4xx_HAL_Driver/Src/stm32f4xx_hal_tim.o
 .debug_rnglists
                0x00000b40      0x125 ./Drivers/STM32F4xx_HAL_Driver/Src/stm32f4xx_hal_tim_ex.o
 .debug_rnglists
                0x00000c65      0x1bc ./Drivers/STM32F4xx_HAL_Driver/Src/stm32f4xx_hal_uart.o
 .debug_rnglists
                0x00000e21       0x19 ./FATFS/App/fatfs.o
 .debug_rnglists
                0x00000e3a       0x2b ./FATFS/Target/user_diskio.o
 .debug_rnglists
                0x00000e65       0x31 ./Middlewares/Third_Party/FatFs/src/diskio.o
 .debug_rnglists
                0x00000e96      0x1c6 ./Middlewares/Third_Party/FatFs/src/ff.o
 .debug_rnglists
                0x0000105c       0x2c ./Middlewares/Third_Party/FatFs/src/ff_gen_drv.o
 .debug_rnglists
                0x00001088       0x1a ./Middlewares/Third_Party/FatFs/src/option/ccsbcs.o

.debug_macro    0x00000000    0x24807
 .debug_macro   0x00000000      0x20b ./Core/Src/fatfs_sd.o
 .debug_macro   0x0000020b      0xab4 ./Core/Src/fatfs_sd.o
 .debug_macro   0x00000cbf      0x2a1 ./Core/Src/fatfs_sd.o
 .debug_macro   0x00000f60       0x2e ./Core/Src/fatfs_sd.o
 .debug_macro   0x00000f8e       0x28 ./Core/Src/fatfs_sd.o
 .debug_macro   0x00000fb6       0x22 ./Core/Src/fatfs_sd.o
 .debug_macro   0x00000fd8       0x8e ./Core/Src/fatfs_sd.o
 .debug_macro   0x00001066       0x51 ./Core/Src/fatfs_sd.o
 .debug_macro   0x000010b7      0x103 ./Core/Src/fatfs_sd.o
 .debug_macro   0x000011ba       0x6a ./Core/Src/fatfs_sd.o
 .debug_macro   0x00001224      0x1df ./Core/Src/fatfs_sd.o
 .debug_macro   0x00001403       0x1c ./Core/Src/fatfs_sd.o
 .debug_macro   0x0000141f       0x22 ./Core/Src/fatfs_sd.o
 .debug_macro   0x00001441       0xfb ./Core/Src/fatfs_sd.o
 .debug_macro   0x0000153c     0x1011 ./Core/Src/fatfs_sd.o
 .debug_macro   0x0000254d      0x11f ./Core/Src/fatfs_sd.o