../Core/Src/main.c:125:6:transmit_uart	24	static
../Core/Src/main.c:130:6:read_file_and_send_uart	8448	static
../Core/Src/main.c:185:6:mostrar_imagen_sd	8352	static
../Core/Src/main.c:238:6:init_player	40	static
../Core/Src/main.c:250:6:P1_erasePath	16	static
../Core/Src/main.c:266:7:init_enemigo	24	static
../Core/Src/main.c:273:7:dibujar_enemigo	24	static
../Core/Src/main.c:278:7:verificar_vida	16	static
../Core/Src/main.c:286:7:verificar_golpe	16	static
../Core/Src/main.c:326:6:init_enemigo2	24	static
../Core/Src/main.c:343:5:main	8	static
../Core/Src/main.c:435:6:SystemClock_Config	88	static
../Core/Src/main.c:483:13:MX_SPI1_Init	8	static
../Core/Src/main.c:521:13:MX_USART2_UART_Init	8	static
../Core/Src/main.c:554:13:MX_GPIO_Init	48	static
../Core/Src/main.c:618:6:HAL_UART_RxCpltCallback	16	static
../Core/Src/main.c:675:6:Error_Handler	4	static,ignoring_inline_asm
