../Core/Src/main.c:135:8:verificarAP	24	static
../Core/Src/main.c:107:5:main	16	static
../Core/Src/main.c:156:11:contarSensoresDisponibles	24	static
../Core/Src/main.c:186:8:verificarEstadoLEDS	16	static
../Core/Src/main.c:242:6:SystemClock_Config	88	static
../Core/Src/main.c:290:13:MX_I2C1_Init	8	static
../Core/Src/main.c:324:13:MX_USART2_UART_Init	8	static
../Core/Src/main.c:357:13:MX_GPIO_Init	48	static
../Core/Src/main.c:516:6:HAL_GPIO_EXTI_Callback	16	static
../Core/Src/main.c:563:6:HAL_I2C_ListenCpltCallback	16	static
../Core/Src/main.c:568:6:HAL_I2C_AddrCallback	16	static
../Core/Src/main.c:578:6:HAL_I2C_SlaveRxCpltCallback	16	static
../Core/Src/main.c:585:6:HAL_I2C_SlaveTxCpltCallback	16	static
../Core/Src/main.c:590:6:HAL_I2C_ErrorCallback	16	static
../Core/Src/main.c:602:6:Error_Handler	4	static,ignoring_inline_asm
