../Core/Src/main.c:102:5:main	24	static
../Core/Src/main.c:151:11:contarSensoresDisponibles	24	static
../Core/Src/main.c:245:6:SystemClock_Config	88	static
../Core/Src/main.c:293:13:MX_I2C1_Init	8	static
../Core/Src/main.c:327:13:MX_USART2_UART_Init	8	static
../Core/Src/main.c:360:13:MX_GPIO_Init	48	static
../Core/Src/main.c:432:6:HAL_GPIO_EXTI_Callback	16	static
../Core/Src/main.c:512:6:HAL_I2C_ListenCpltCallback	16	static
../Core/Src/main.c:517:6:HAL_I2C_AddrCallback	16	static
../Core/Src/main.c:527:6:HAL_I2C_SlaveRxCpltCallback	16	static
../Core/Src/main.c:534:6:HAL_I2C_SlaveTxCpltCallback	16	static
../Core/Src/main.c:539:6:HAL_I2C_ErrorCallback	16	static
../Core/Src/main.c:551:6:Error_Handler	4	static,ignoring_inline_asm
