../Core/Src/main.c:99:6:initParqueo	32	static
../Core/Src/main.c:94:5:main	24	static
../Core/Src/main.c:110:6:FanimationOut	48	static
../Core/Src/main.c:122:6:FanimationEnter	48	static
../Core/Src/main.c:135:6:actualizarEstadoParqueos	24	static
../Core/Src/main.c:147:6:controlParqueo	24	static
../Core/Src/main.c:251:6:SystemClock_Config	88	static
../Core/Src/main.c:299:13:MX_I2C1_Init	8	static
../Core/Src/main.c:333:13:MX_SPI1_Init	8	static
../Core/Src/main.c:371:13:MX_USART2_UART_Init	8	static
../Core/Src/main.c:404:13:MX_GPIO_Init	48	static
../Core/Src/main.c:467:6:HAL_GPIO_EXTI_Callback	16	static
../Core/Src/main.c:515:6:HAL_UART_RxCpltCallback	16	static
../Core/Src/main.c:521:6:HAL_UART_TxCpltCallback	16	static
../Core/Src/main.c:527:6:HAL_I2C_ListenCpltCallback	16	static
../Core/Src/main.c:532:6:HAL_I2C_AddrCallback	16	static
../Core/Src/main.c:542:6:HAL_I2C_SlaveRxCpltCallback	16	static
../Core/Src/main.c:549:6:HAL_I2C_SlaveTxCpltCallback	16	static
../Core/Src/main.c:554:6:HAL_I2C_ErrorCallback	16	static
../Core/Src/main.c:565:6:Error_Handler	4	static,ignoring_inline_asm
