../Core/Src/main.c:216:6:transmit_uart	24	static
../Core/Src/main.c:222:5:CargarBitmaps_SD	4168	static
../Core/Src/main.c:257:6:setPWM_Frequency	24	static
../Core/Src/main.c:271:6:setPWM_DutyCycle	16	static
../Core/Src/main.c:278:6:animation_e1_control	24	static
../Core/Src/main.c:295:6:animation_e1	56	static
../Core/Src/main.c:322:6:animation_e1_die	48	static
../Core/Src/main.c:335:6:animation_e1_dieS	24	static
../Core/Src/main.c:365:6:initEnemy1	56	static
../Core/Src/main.c:408:5:ColisionPlayer_e1	40	static
../Core/Src/main.c:574:6:Hitbox_e2	48	static
../Core/Src/main.c:602:6:initEnemy2	24	static
../Core/Src/main.c:627:6:moveE2	48	static
../Core/Src/main.c:697:6:moveE2_2	48	static
../Core/Src/main.c:767:6:E2_Appear	48	static
../Core/Src/main.c:777:6:E2_Hurt	48	static
../Core/Src/main.c:791:6:E2_HurtS	24	static
../Core/Src/main.c:815:6:E2_Die	48	static
../Core/Src/main.c:829:6:E2_DieS	24	static
../Core/Src/main.c:863:6:PlayerHit_E2	32	static
../Core/Src/main.c:933:6:initEnemy3	24	static
../Core/Src/main.c:961:6:E3_Eye	48	static
../Core/Src/main.c:981:6:E3_EyeS	24	static
../Core/Src/main.c:1017:6:E3_FireMove	56	static
../Core/Src/main.c:1060:6:E3_FireAnimation	16	static
../Core/Src/main.c:1069:6:E3_Hitbox	32	static
../Core/Src/main.c:1095:6:E3_MoveX	24	static
../Core/Src/main.c:1144:7:initPlayer	48	static
../Core/Src/main.c:1178:5:playerCanMove	48	static
../Core/Src/main.c:1243:6:HitboxPlayer	32	static
../Core/Src/main.c:1270:6:PlayerHit	32	static
../Core/Src/main.c:1331:6:PlayerAnimation	40	static
../Core/Src/main.c:1350:6:PlayerAttackAnimation	48	static
../Core/Src/main.c:1376:6:PlayerAttackSound	24	static
../Core/Src/main.c:1411:6:PlayerDamageAnimation	48	static
../Core/Src/main.c:1439:6:PlayerDamageSound	24	static
../Core/Src/main.c:1461:6:PlayerDieAnimation	56	static
../Core/Src/main.c:1472:6:PlayerDieSound	24	static
../Core/Src/main.c:1499:6:initLevelSolo	40	static
../Core/Src/main.c:1529:6:initLevelP1	40	static
../Core/Src/main.c:1556:6:initLevelP2	40	static
../Core/Src/main.c:1585:6:CargarMultiplesBitmaps	56	static
../Core/Src/main.c:1610:5:main	32	static
../Core/Src/main.c:1997:6:SystemClock_Config	88	static
../Core/Src/main.c:2045:13:MX_SPI1_Init	8	static
../Core/Src/main.c:2083:13:MX_TIM1_Init	96	static
../Core/Src/main.c:2157:13:MX_TIM2_Init	64	static
../Core/Src/main.c:2216:13:MX_UART5_Init	8	static
../Core/Src/main.c:2249:13:MX_USART2_UART_Init	8	static
../Core/Src/main.c:2282:13:MX_GPIO_Init	48	static
../Core/Src/main.c:2347:6:HAL_UART_RxCpltCallback	48	static
../Core/Src/main.c:2588:6:Error_Handler	4	static,ignoring_inline_asm
