../Core/Src/main.c:127:6:animation_e1_control	24	static
../Core/Src/main.c:143:6:animation_e1	56	static
../Core/Src/main.c:171:6:initEnemy1	56	static
../Core/Src/main.c:216:5:ColisionPlayer_e1	40	static
../Core/Src/main.c:252:6:initPlayer	48	static
../Core/Src/main.c:287:5:playerCanMove	32	static
../Core/Src/main.c:335:6:HitboxPlayer	32	static
../Core/Src/main.c:362:6:PlayerHit	80	static
../Core/Src/main.c:436:6:PlayerAnimation	40	static
../Core/Src/main.c:458:6:PlayerAttackAnimation	48	static
../Core/Src/main.c:492:5:main	32	static
../Core/Src/main.c:575:6:SystemClock_Config	88	static
../Core/Src/main.c:623:13:MX_SPI1_Init	8	static
../Core/Src/main.c:661:13:MX_UART5_Init	8	static
../Core/Src/main.c:694:13:MX_USART2_UART_Init	8	static
../Core/Src/main.c:727:13:MX_GPIO_Init	48	static
../Core/Src/main.c:782:6:HAL_UART_RxCpltCallback	48	static
../Core/Src/main.c:885:6:Error_Handler	4	static,ignoring_inline_asm
