../Core/Src/main.c:160:6:animation_e1_control	24	static
../Core/Src/main.c:176:6:animation_e1	56	static
../Core/Src/main.c:203:6:animation_e1_die	48	static
../Core/Src/main.c:216:6:initEnemy1	56	static
../Core/Src/main.c:262:5:ColisionPlayer_e1	40	static
../Core/Src/main.c:428:6:Hitbox_e2	48	static
../Core/Src/main.c:456:6:initEnemy2	24	static
../Core/Src/main.c:481:6:moveE2	40	static
../Core/Src/main.c:550:6:E2_Appear	48	static
../Core/Src/main.c:560:6:E2_Hurt	48	static
../Core/Src/main.c:574:6:E2_Die	48	static
../Core/Src/main.c:589:6:PlayerHit_E2	32	static
../Core/Src/main.c:660:6:initPlayer	48	static
../Core/Src/main.c:701:5:playerCanMove	48	static
../Core/Src/main.c:766:6:HitboxPlayer	32	static
../Core/Src/main.c:793:6:PlayerHit	32	static
../Core/Src/main.c:854:6:PlayerAnimation	40	static
../Core/Src/main.c:876:6:PlayerAttackAnimation	48	static
../Core/Src/main.c:904:6:PlayerDamageAnimation	48	static
../Core/Src/main.c:932:6:PlayerDieAnimation	48	static
../Core/Src/main.c:947:5:main	40	static
../Core/Src/main.c:1152:6:SystemClock_Config	88	static
../Core/Src/main.c:1200:13:MX_SPI1_Init	8	static
../Core/Src/main.c:1238:13:MX_UART5_Init	8	static
../Core/Src/main.c:1271:13:MX_USART2_UART_Init	8	static
../Core/Src/main.c:1304:13:MX_GPIO_Init	48	static
../Core/Src/main.c:1359:6:HAL_UART_RxCpltCallback	48	static
../Core/Src/main.c:1555:6:Error_Handler	4	static,ignoring_inline_asm
