../Core/Src/main.c:202:6:transmit_uart	24	static
../Core/Src/main.c:208:5:CargarBitmaps_SD	4168	static
../Core/Src/main.c:242:6:animation_e1_control	24	static
../Core/Src/main.c:258:6:animation_e1	56	static
../Core/Src/main.c:285:6:animation_e1_die	48	static
../Core/Src/main.c:298:6:initEnemy1	56	static
../Core/Src/main.c:341:5:ColisionPlayer_e1	40	static
../Core/Src/main.c:507:6:Hitbox_e2	48	static
../Core/Src/main.c:535:6:initEnemy2	24	static
../Core/Src/main.c:560:6:moveE2	48	static
../Core/Src/main.c:630:6:moveE2_2	48	static
../Core/Src/main.c:700:6:E2_Appear	48	static
../Core/Src/main.c:710:6:E2_Hurt	48	static
../Core/Src/main.c:724:6:E2_Die	48	static
../Core/Src/main.c:738:6:PlayerHit_E2	32	static
../Core/Src/main.c:808:6:initEnemy3	24	static
../Core/Src/main.c:836:6:E3_Eye	48	static
../Core/Src/main.c:856:6:E3_FireMove	56	static
../Core/Src/main.c:899:6:E3_FireAnimation	16	static
../Core/Src/main.c:908:6:E3_Hitbox	32	static
../Core/Src/main.c:934:6:E3_MoveX	24	static
../Core/Src/main.c:983:7:initPlayer	48	static
../Core/Src/main.c:1017:5:playerCanMove	48	static
../Core/Src/main.c:1082:6:HitboxPlayer	32	static
../Core/Src/main.c:1109:6:PlayerHit	32	static
../Core/Src/main.c:1170:6:PlayerAnimation	40	static
../Core/Src/main.c:1189:6:PlayerAttackAnimation	48	static
../Core/Src/main.c:1217:6:PlayerDamageAnimation	48	static
../Core/Src/main.c:1245:6:PlayerDieAnimation	56	static
../Core/Src/main.c:1256:6:initLevelSolo	40	static
../Core/Src/main.c:1286:6:initLevelP1	40	static
../Core/Src/main.c:1313:6:initLevelP2	40	static
../Core/Src/main.c:1342:6:CargarMultiplesBitmaps	56	static
../Core/Src/main.c:1367:5:main	32	static
../Core/Src/main.c:1673:6:SystemClock_Config	88	static
../Core/Src/main.c:1721:13:MX_SPI1_Init	8	static
../Core/Src/main.c:1759:13:MX_UART5_Init	8	static
../Core/Src/main.c:1792:13:MX_USART2_UART_Init	8	static
../Core/Src/main.c:1825:13:MX_GPIO_Init	48	static
../Core/Src/main.c:1890:6:HAL_UART_RxCpltCallback	48	static
../Core/Src/main.c:2131:6:Error_Handler	4	static,ignoring_inline_asm
