../Core/Src/main.c:126:6:animation_e1_control	16	static
../Core/Src/main.c:140:6:animation_e1	48	static
../Core/Src/main.c:152:6:initEnemy1	56	static
../Core/Src/main.c:185:5:ColisionPlayer_e1	40	static
../Core/Src/main.c:221:6:initPlayer	40	static
../Core/Src/main.c:253:5:playerCanMove	32	static
../Core/Src/main.c:301:6:HitboxPlayer	32	static
../Core/Src/main.c:319:6:PlayerHit	80	static
../Core/Src/main.c:393:6:PlayerAnimation	40	static
../Core/Src/main.c:416:5:main	32	static
../Core/Src/main.c:498:6:SystemClock_Config	88	static
../Core/Src/main.c:546:13:MX_SPI1_Init	8	static
../Core/Src/main.c:584:13:MX_UART5_Init	8	static
../Core/Src/main.c:617:13:MX_USART2_UART_Init	8	static
../Core/Src/main.c:650:13:MX_GPIO_Init	48	static
../Core/Src/main.c:705:6:HAL_UART_RxCpltCallback	48	static
../Core/Src/main.c:800:6:Error_Handler	4	static,ignoring_inline_asm
