../Core/Src/main.c:191:6:animation_e1_control	24	static
../Core/Src/main.c:207:6:animation_e1	56	static
../Core/Src/main.c:234:6:animation_e1_die	48	static
../Core/Src/main.c:247:6:initEnemy1	56	static
../Core/Src/main.c:290:5:ColisionPlayer_e1	40	static
../Core/Src/main.c:456:6:Hitbox_e2	48	static
../Core/Src/main.c:484:6:initEnemy2	24	static
../Core/Src/main.c:509:6:moveE2	40	static
../Core/Src/main.c:578:6:E2_Appear	48	static
../Core/Src/main.c:588:6:E2_Hurt	48	static
../Core/Src/main.c:602:6:E2_Die	48	static
../Core/Src/main.c:616:6:PlayerHit_E2	32	static
../Core/Src/main.c:686:6:initEnemy3	24	static
../Core/Src/main.c:714:6:E3_Eye	48	static
../Core/Src/main.c:734:6:E3_FireMove	48	static
../Core/Src/main.c:774:6:E3_FireAnimation	16	static
../Core/Src/main.c:783:6:E3_Hitbox	32	static
../Core/Src/main.c:809:6:E3_MoveX	24	static
../Core/Src/main.c:858:7:initPlayer	48	static
../Core/Src/main.c:899:5:playerCanMove	48	static
../Core/Src/main.c:964:6:HitboxPlayer	32	static
../Core/Src/main.c:991:6:PlayerHit	32	static
../Core/Src/main.c:1052:6:PlayerAnimation	40	static
../Core/Src/main.c:1074:6:PlayerAttackAnimation	48	static
../Core/Src/main.c:1102:6:PlayerDamageAnimation	48	static
../Core/Src/main.c:1130:6:PlayerDieAnimation	48	static
../Core/Src/main.c:1145:5:main	40	static
../Core/Src/main.c:1383:6:SystemClock_Config	88	static
../Core/Src/main.c:1431:13:MX_SPI1_Init	8	static
../Core/Src/main.c:1469:13:MX_UART5_Init	8	static
../Core/Src/main.c:1502:13:MX_USART2_UART_Init	8	static
../Core/Src/main.c:1535:13:MX_GPIO_Init	48	static
../Core/Src/main.c:1590:6:HAL_UART_RxCpltCallback	48	static
../Core/Src/main.c:1786:6:Error_Handler	4	static,ignoring_inline_asm
