../Core/Src/main.c:127:6:animation_e1_control	24	static
../Core/Src/main.c:143:6:animation_e1	56	static
../Core/Src/main.c:171:6:initEnemy1	56	static
../Core/Src/main.c:216:5:ColisionPlayer_e1	40	static
../Core/Src/main.c:252:6:initPlayer	48	static
../Core/Src/main.c:287:5:playerCanMove	48	static
../Core/Src/main.c:326:6:HitboxPlayer	32	static
../Core/Src/main.c:353:6:PlayerHit	80	static
../Core/Src/main.c:427:6:PlayerAnimation	40	static
../Core/Src/main.c:449:6:PlayerAttackAnimation	48	static
../Core/Src/main.c:483:5:main	32	static
../Core/Src/main.c:568:6:SystemClock_Config	88	static
../Core/Src/main.c:616:13:MX_SPI1_Init	8	static
../Core/Src/main.c:654:13:MX_UART5_Init	8	static
../Core/Src/main.c:687:13:MX_USART2_UART_Init	8	static
../Core/Src/main.c:720:13:MX_GPIO_Init	48	static
../Core/Src/main.c:775:6:HAL_UART_RxCpltCallback	48	static
../Core/Src/main.c:878:6:Error_Handler	4	static,ignoring_inline_asm
