../Core/Src/main.c:84:6:P1_erasePath	16	static
../Core/Src/main.c:100:7:init_enemigo	24	static
../Core/Src/main.c:107:7:dibujar_enemigo	24	static
../Core/Src/main.c:112:7:verificar_vida	16	static
../Core/Src/main.c:120:7:verificar_golpe	16	static
../Core/Src/main.c:152:5:main	16	static
../Core/Src/main.c:236:6:SystemClock_Config	88	static
../Core/Src/main.c:284:13:MX_SPI1_Init	8	static
../Core/Src/main.c:322:13:MX_USART2_UART_Init	8	static
../Core/Src/main.c:355:13:MX_GPIO_Init	48	static
../Core/Src/main.c:409:6:HAL_UART_RxCpltCallback	16	static
../Core/Src/main.c:446:6:Error_Handler	4	static,ignoring_inline_asm
