../Core/Src/main.c:193:6:animation_e1_control	24	static
../Core/Src/main.c:209:6:animation_e1	56	static
../Core/Src/main.c:236:6:animation_e1_die	48	static
../Core/Src/main.c:249:6:initEnemy1	56	static
../Core/Src/main.c:292:5:ColisionPlayer_e1	40	static
../Core/Src/main.c:458:6:Hitbox_e2	48	static
../Core/Src/main.c:486:6:initEnemy2	24	static
../Core/Src/main.c:511:6:moveE2	40	static
../Core/Src/main.c:580:6:E2_Appear	48	static
../Core/Src/main.c:590:6:E2_Hurt	48	static
../Core/Src/main.c:604:6:E2_Die	48	static
../Core/Src/main.c:618:6:PlayerHit_E2	32	static
../Core/Src/main.c:688:6:initEnemy3	24	static
../Core/Src/main.c:716:6:E3_Eye	48	static
../Core/Src/main.c:736:6:E3_FireMove	48	static
../Core/Src/main.c:776:6:E3_FireAnimation	16	static
../Core/Src/main.c:785:6:E3_Hitbox	32	static
../Core/Src/main.c:811:6:E3_MoveX	24	static
../Core/Src/main.c:860:7:initPlayer	48	static
../Core/Src/main.c:901:5:playerCanMove	48	static
../Core/Src/main.c:966:6:HitboxPlayer	32	static
../Core/Src/main.c:993:6:PlayerHit	32	static
../Core/Src/main.c:1054:6:PlayerAnimation	40	static
../Core/Src/main.c:1076:6:PlayerAttackAnimation	48	static
../Core/Src/main.c:1104:6:PlayerDamageAnimation	48	static
../Core/Src/main.c:1132:6:PlayerDieAnimation	48	static
../Core/Src/main.c:1147:5:main	32	static
../Core/Src/main.c:1389:6:SystemClock_Config	88	static
../Core/Src/main.c:1437:13:MX_SPI1_Init	8	static
../Core/Src/main.c:1475:13:MX_UART5_Init	8	static
../Core/Src/main.c:1508:13:MX_USART2_UART_Init	8	static
../Core/Src/main.c:1541:13:MX_GPIO_Init	48	static
../Core/Src/main.c:1596:6:HAL_UART_RxCpltCallback	48	static
../Core/Src/main.c:1806:6:Error_Handler	4	static,ignoring_inline_asm
