../Core/Src/main.c:93:6:initPlayer	40	static
../Core/Src/main.c:112:5:playerCanMove	24	static
../Core/Src/main.c:181:6:initEnemy1	40	static
../Core/Src/main.c:219:5:main	32	static
../Core/Src/main.c:288:6:SystemClock_Config	88	static
../Core/Src/main.c:336:13:MX_SPI1_Init	8	static
../Core/Src/main.c:374:13:MX_USART2_UART_Init	8	static
../Core/Src/main.c:407:13:MX_GPIO_Init	48	static
../Core/Src/main.c:461:6:HAL_UART_RxCpltCallback	32	static
../Core/Src/main.c:524:6:Error_Handler	4	static,ignoring_inline_asm
