../Core/Src/main.c:214:6:transmit_uart	24	static
../Core/Src/main.c:220:5:CargarBitmaps_SD	4168	static
../Core/Src/main.c:255:6:setPWM_Frequency	24	static
../Core/Src/main.c:269:6:setPWM_DutyCycle	16	static
../Core/Src/main.c:276:6:animation_e1_control	24	static
../Core/Src/main.c:293:6:animation_e1	56	static
../Core/Src/main.c:320:6:animation_e1_die	48	static
../Core/Src/main.c:333:6:animation_e1_dieS	24	static
../Core/Src/main.c:363:6:initEnemy1	56	static
../Core/Src/main.c:406:5:ColisionPlayer_e1	40	static
../Core/Src/main.c:572:6:Hitbox_e2	48	static
../Core/Src/main.c:600:6:initEnemy2	24	static
../Core/Src/main.c:625:6:moveE2	48	static
../Core/Src/main.c:695:6:moveE2_2	48	static
../Core/Src/main.c:765:6:E2_Appear	48	static
../Core/Src/main.c:775:6:E2_Hurt	48	static
../Core/Src/main.c:789:6:E2_HurtS	24	static
../Core/Src/main.c:813:6:E2_Die	48	static
../Core/Src/main.c:827:6:E2_DieS	24	static
../Core/Src/main.c:861:6:PlayerHit_E2	32	static
../Core/Src/main.c:931:6:initEnemy3	24	static
../Core/Src/main.c:959:6:E3_Eye	48	static
../Core/Src/main.c:979:6:E3_EyeS	24	static
../Core/Src/main.c:1015:6:E3_FireMove	56	static
../Core/Src/main.c:1058:6:E3_FireAnimation	16	static
../Core/Src/main.c:1067:6:E3_Hitbox	32	static
../Core/Src/main.c:1093:6:E3_MoveX	24	static
../Core/Src/main.c:1142:7:initPlayer	48	static
../Core/Src/main.c:1176:5:playerCanMove	48	static
../Core/Src/main.c:1241:6:HitboxPlayer	32	static
../Core/Src/main.c:1268:6:PlayerHit	32	static
../Core/Src/main.c:1329:6:PlayerAnimation	40	static
../Core/Src/main.c:1348:6:PlayerAttackAnimation	48	static
../Core/Src/main.c:1374:6:PlayerAttackSound	24	static
../Core/Src/main.c:1409:6:PlayerDamageAnimation	48	static
../Core/Src/main.c:1437:6:PlayerDamageSound	24	static
../Core/Src/main.c:1459:6:PlayerDieAnimation	56	static
../Core/Src/main.c:1470:6:PlayerDieSound	24	static
../Core/Src/main.c:1497:6:initLevelSolo	40	static
../Core/Src/main.c:1527:6:initLevelP1	40	static
../Core/Src/main.c:1554:6:initLevelP2	40	static
../Core/Src/main.c:1583:6:CargarMultiplesBitmaps	56	static
../Core/Src/main.c:1608:5:main	32	static
../Core/Src/main.c:1973:6:SystemClock_Config	88	static
../Core/Src/main.c:2021:13:MX_SPI1_Init	8	static
../Core/Src/main.c:2059:13:MX_TIM1_Init	96	static
../Core/Src/main.c:2133:13:MX_TIM2_Init	64	static
../Core/Src/main.c:2192:13:MX_UART5_Init	8	static
../Core/Src/main.c:2225:13:MX_USART2_UART_Init	8	static
../Core/Src/main.c:2258:13:MX_GPIO_Init	48	static
../Core/Src/main.c:2323:6:HAL_UART_RxCpltCallback	48	static
../Core/Src/main.c:2560:6:Error_Handler	4	static,ignoring_inline_asm
