../Core/Src/main.c:211:6:transmit_uart	24	static
../Core/Src/main.c:217:5:CargarBitmaps_SD	4168	static
../Core/Src/main.c:252:6:setPWM_Frequency	24	static
../Core/Src/main.c:266:6:setPWM_DutyCycle	16	static
../Core/Src/main.c:273:6:animation_e1_control	24	static
../Core/Src/main.c:290:6:animation_e1	56	static
../Core/Src/main.c:317:6:animation_e1_die	48	static
../Core/Src/main.c:330:6:animation_e1_dieS	24	static
../Core/Src/main.c:360:6:initEnemy1	56	static
../Core/Src/main.c:403:5:ColisionPlayer_e1	40	static
../Core/Src/main.c:569:6:Hitbox_e2	48	static
../Core/Src/main.c:597:6:initEnemy2	24	static
../Core/Src/main.c:622:6:moveE2	48	static
../Core/Src/main.c:692:6:moveE2_2	48	static
../Core/Src/main.c:762:6:E2_Appear	48	static
../Core/Src/main.c:772:6:E2_Hurt	48	static
../Core/Src/main.c:786:6:E2_HurtS	24	static
../Core/Src/main.c:810:6:E2_Die	48	static
../Core/Src/main.c:824:6:E2_DieS	24	static
../Core/Src/main.c:858:6:PlayerHit_E2	32	static
../Core/Src/main.c:928:6:initEnemy3	24	static
../Core/Src/main.c:956:6:E3_Eye	48	static
../Core/Src/main.c:976:6:E3_EyeS	24	static
../Core/Src/main.c:1012:6:E3_FireMove	56	static
../Core/Src/main.c:1055:6:E3_FireAnimation	16	static
../Core/Src/main.c:1064:6:E3_Hitbox	32	static
../Core/Src/main.c:1090:6:E3_MoveX	24	static
../Core/Src/main.c:1139:7:initPlayer	48	static
../Core/Src/main.c:1173:5:playerCanMove	48	static
../Core/Src/main.c:1238:6:HitboxPlayer	32	static
../Core/Src/main.c:1265:6:PlayerHit	32	static
../Core/Src/main.c:1326:6:PlayerAnimation	40	static
../Core/Src/main.c:1345:6:PlayerAttackAnimation	48	static
../Core/Src/main.c:1371:6:PlayerAttackSound	24	static
../Core/Src/main.c:1406:6:PlayerDamageAnimation	48	static
../Core/Src/main.c:1434:6:PlayerDamageSound	24	static
../Core/Src/main.c:1456:6:PlayerDieAnimation	56	static
../Core/Src/main.c:1467:6:PlayerDieSound	24	static
../Core/Src/main.c:1494:6:initLevelSolo	40	static
../Core/Src/main.c:1524:6:initLevelP1	40	static
../Core/Src/main.c:1551:6:initLevelP2	40	static
../Core/Src/main.c:1580:6:CargarMultiplesBitmaps	56	static
../Core/Src/main.c:1605:5:main	32	static
../Core/Src/main.c:1978:6:SystemClock_Config	88	static
../Core/Src/main.c:2026:13:MX_SPI1_Init	8	static
../Core/Src/main.c:2064:13:MX_TIM1_Init	96	static
../Core/Src/main.c:2138:13:MX_TIM2_Init	64	static
../Core/Src/main.c:2197:13:MX_UART5_Init	8	static
../Core/Src/main.c:2230:13:MX_USART2_UART_Init	8	static
../Core/Src/main.c:2263:13:MX_GPIO_Init	48	static
../Core/Src/main.c:2328:6:HAL_UART_RxCpltCallback	48	static
../Core/Src/main.c:2560:6:Error_Handler	4	static,ignoring_inline_asm
