../Core/Src/main.c:207:6:transmit_uart	24	static
../Core/Src/main.c:213:5:CargarBitmaps_SD	4168	static
../Core/Src/main.c:248:6:setPWM_Frequency	24	static
../Core/Src/main.c:260:6:setPWM_DutyCycle	16	static
../Core/Src/main.c:267:6:animation_e1_control	24	static
../Core/Src/main.c:283:6:animation_e1	56	static
../Core/Src/main.c:310:6:animation_e1_die	48	static
../Core/Src/main.c:323:6:initEnemy1	56	static
../Core/Src/main.c:366:5:ColisionPlayer_e1	40	static
../Core/Src/main.c:532:6:Hitbox_e2	48	static
../Core/Src/main.c:560:6:initEnemy2	24	static
../Core/Src/main.c:585:6:moveE2	48	static
../Core/Src/main.c:655:6:moveE2_2	48	static
../Core/Src/main.c:725:6:E2_Appear	48	static
../Core/Src/main.c:735:6:E2_Hurt	48	static
../Core/Src/main.c:749:6:E2_Die	48	static
../Core/Src/main.c:763:6:PlayerHit_E2	32	static
../Core/Src/main.c:833:6:initEnemy3	24	static
../Core/Src/main.c:861:6:E3_Eye	48	static
../Core/Src/main.c:881:6:E3_FireMove	56	static
../Core/Src/main.c:924:6:E3_FireAnimation	16	static
../Core/Src/main.c:933:6:E3_Hitbox	32	static
../Core/Src/main.c:959:6:E3_MoveX	24	static
../Core/Src/main.c:1008:7:initPlayer	48	static
../Core/Src/main.c:1042:5:playerCanMove	48	static
../Core/Src/main.c:1107:6:HitboxPlayer	32	static
../Core/Src/main.c:1134:6:PlayerHit	32	static
../Core/Src/main.c:1195:6:PlayerAnimation	40	static
../Core/Src/main.c:1214:6:PlayerAttackAnimation	48	static
../Core/Src/main.c:1240:6:PlayerAttackSound	24	static
../Core/Src/main.c:1275:6:PlayerDamageAnimation	48	static
../Core/Src/main.c:1303:6:PlayerDamageSound	24	static
../Core/Src/main.c:1325:6:PlayerDieAnimation	56	static
../Core/Src/main.c:1336:6:PlayerDieSound	24	static
../Core/Src/main.c:1363:6:initLevelSolo	40	static
../Core/Src/main.c:1393:6:initLevelP1	40	static
../Core/Src/main.c:1420:6:initLevelP2	40	static
../Core/Src/main.c:1449:6:CargarMultiplesBitmaps	56	static
../Core/Src/main.c:1474:5:main	32	static
../Core/Src/main.c:1813:6:SystemClock_Config	88	static
../Core/Src/main.c:1861:13:MX_SPI1_Init	8	static
../Core/Src/main.c:1899:13:MX_TIM2_Init	64	static
../Core/Src/main.c:1958:13:MX_UART5_Init	8	static
../Core/Src/main.c:1991:13:MX_USART2_UART_Init	8	static
../Core/Src/main.c:2024:13:MX_GPIO_Init	48	static
../Core/Src/main.c:2089:6:HAL_UART_RxCpltCallback	48	static
../Core/Src/main.c:2330:6:Error_Handler	4	static,ignoring_inline_asm
