../Core/Src/main.c:209:6:transmit_uart	24	static
../Core/Src/main.c:215:5:CargarBitmaps_SD	4168	static
../Core/Src/main.c:250:6:setPWM_Frequency	24	static
../Core/Src/main.c:262:6:setPWM_DutyCycle	16	static
../Core/Src/main.c:269:6:animation_e1_control	24	static
../Core/Src/main.c:285:6:animation_e1	56	static
../Core/Src/main.c:312:6:animation_e1_die	48	static
../Core/Src/main.c:325:6:initEnemy1	56	static
../Core/Src/main.c:368:5:ColisionPlayer_e1	40	static
../Core/Src/main.c:534:6:Hitbox_e2	48	static
../Core/Src/main.c:562:6:initEnemy2	24	static
../Core/Src/main.c:587:6:moveE2	48	static
../Core/Src/main.c:657:6:moveE2_2	48	static
../Core/Src/main.c:727:6:E2_Appear	48	static
../Core/Src/main.c:737:6:E2_Hurt	48	static
../Core/Src/main.c:751:6:E2_Die	48	static
../Core/Src/main.c:765:6:PlayerHit_E2	32	static
../Core/Src/main.c:835:6:initEnemy3	24	static
../Core/Src/main.c:863:6:E3_Eye	48	static
../Core/Src/main.c:883:6:E3_FireMove	56	static
../Core/Src/main.c:926:6:E3_FireAnimation	16	static
../Core/Src/main.c:935:6:E3_Hitbox	32	static
../Core/Src/main.c:961:6:E3_MoveX	24	static
../Core/Src/main.c:1010:7:initPlayer	48	static
../Core/Src/main.c:1044:5:playerCanMove	48	static
../Core/Src/main.c:1109:6:HitboxPlayer	32	static
../Core/Src/main.c:1136:6:PlayerHit	32	static
../Core/Src/main.c:1197:6:PlayerAnimation	40	static
../Core/Src/main.c:1216:6:PlayerAttackAnimation	48	static
../Core/Src/main.c:1242:6:PlayerAttackSound	24	static
../Core/Src/main.c:1277:6:PlayerDamageAnimation	48	static
../Core/Src/main.c:1305:6:PlayerDamageSound	24	static
../Core/Src/main.c:1327:6:PlayerDieAnimation	56	static
../Core/Src/main.c:1338:6:PlayerDieSound	24	static
../Core/Src/main.c:1365:6:initLevelSolo	40	static
../Core/Src/main.c:1395:6:initLevelP1	40	static
../Core/Src/main.c:1422:6:initLevelP2	40	static
../Core/Src/main.c:1451:6:CargarMultiplesBitmaps	56	static
../Core/Src/main.c:1476:5:main	32	static
../Core/Src/main.c:1824:6:SystemClock_Config	88	static
../Core/Src/main.c:1872:13:MX_SPI1_Init	8	static
../Core/Src/main.c:1910:13:MX_TIM2_Init	64	static
../Core/Src/main.c:1969:13:MX_UART5_Init	8	static
../Core/Src/main.c:2002:13:MX_USART2_UART_Init	8	static
../Core/Src/main.c:2035:13:MX_GPIO_Init	48	static
../Core/Src/main.c:2100:6:HAL_UART_RxCpltCallback	48	static
../Core/Src/main.c:2332:6:Error_Handler	4	static,ignoring_inline_asm
