../Core/Src/main.c:207:6:transmit_uart	24	static
../Core/Src/main.c:213:5:load_image_from_sd_to_play	4168	static
../Core/Src/main.c:251:6:animation_e1_control	24	static
../Core/Src/main.c:267:6:animation_e1	56	static
../Core/Src/main.c:294:6:animation_e1_die	48	static
../Core/Src/main.c:307:6:initEnemy1	56	static
../Core/Src/main.c:350:5:ColisionPlayer_e1	40	static
../Core/Src/main.c:516:6:Hitbox_e2	48	static
../Core/Src/main.c:544:6:initEnemy2	24	static
../Core/Src/main.c:569:6:moveE2	40	static
../Core/Src/main.c:638:6:E2_Appear	48	static
../Core/Src/main.c:648:6:E2_Hurt	48	static
../Core/Src/main.c:662:6:E2_Die	48	static
../Core/Src/main.c:676:6:PlayerHit_E2	32	static
../Core/Src/main.c:746:6:initEnemy3	24	static
../Core/Src/main.c:774:6:E3_Eye	48	static
../Core/Src/main.c:794:6:E3_FireMove	56	static
../Core/Src/main.c:837:6:E3_FireAnimation	16	static
../Core/Src/main.c:846:6:E3_Hitbox	32	static
../Core/Src/main.c:872:6:E3_MoveX	24	static
../Core/Src/main.c:921:7:initPlayer	48	static
../Core/Src/main.c:955:5:playerCanMove	48	static
../Core/Src/main.c:1020:6:HitboxPlayer	32	static
../Core/Src/main.c:1047:6:PlayerHit	32	static
../Core/Src/main.c:1108:6:PlayerAnimation	40	static
../Core/Src/main.c:1127:6:PlayerAttackAnimation	48	static
../Core/Src/main.c:1155:6:PlayerDamageAnimation	48	static
../Core/Src/main.c:1183:6:PlayerDieAnimation	56	static
../Core/Src/main.c:1194:6:initLevelSolo	40	static
../Core/Src/main.c:1229:5:main	32	static
../Core/Src/main.c:1509:6:SystemClock_Config	88	static
../Core/Src/main.c:1557:13:MX_SPI1_Init	8	static
../Core/Src/main.c:1595:13:MX_UART5_Init	8	static
../Core/Src/main.c:1628:13:MX_USART2_UART_Init	8	static
../Core/Src/main.c:1661:13:MX_GPIO_Init	48	static
../Core/Src/main.c:1726:6:HAL_UART_RxCpltCallback	48	static
../Core/Src/main.c:1965:6:Error_Handler	4	static,ignoring_inline_asm
