../Core/Src/main.c:112:6:initEnemy1	40	static
../Core/Src/main.c:138:5:ColisionPlayer_e1	24	static
../Core/Src/main.c:216:6:initPlayer	40	static
../Core/Src/main.c:247:5:playerCanMove	32	static
../Core/Src/main.c:295:6:HitboxPlayer	24	static
../Core/Src/main.c:312:5:main	32	static
../Core/Src/main.c:390:6:SystemClock_Config	88	static
../Core/Src/main.c:438:13:MX_SPI1_Init	8	static
../Core/Src/main.c:476:13:MX_UART5_Init	8	static
../Core/Src/main.c:509:13:MX_USART2_UART_Init	8	static
../Core/Src/main.c:542:13:MX_GPIO_Init	48	static
../Core/Src/main.c:597:6:HAL_UART_RxCpltCallback	32	static
../Core/Src/main.c:661:6:Error_Handler	4	static,ignoring_inline_asm
