../Core/Src/main.c:208:6:transmit_uart	24	static
../Core/Src/main.c:214:5:CargarBitmaps_SD	4168	static
../Core/Src/main.c:249:6:setPWM_Frequency	24	static
../Core/Src/main.c:261:6:setPWM_DutyCycle	16	static
../Core/Src/main.c:268:6:animation_e1_control	24	static
../Core/Src/main.c:284:6:animation_e1	56	static
../Core/Src/main.c:311:6:animation_e1_die	48	static
../Core/Src/main.c:324:6:initEnemy1	56	static
../Core/Src/main.c:367:5:ColisionPlayer_e1	40	static
../Core/Src/main.c:533:6:Hitbox_e2	48	static
../Core/Src/main.c:561:6:initEnemy2	24	static
../Core/Src/main.c:586:6:moveE2	48	static
../Core/Src/main.c:656:6:moveE2_2	48	static
../Core/Src/main.c:726:6:E2_Appear	48	static
../Core/Src/main.c:736:6:E2_Hurt	48	static
../Core/Src/main.c:750:6:E2_Die	48	static
../Core/Src/main.c:764:6:PlayerHit_E2	32	static
../Core/Src/main.c:834:6:initEnemy3	24	static
../Core/Src/main.c:862:6:E3_Eye	48	static
../Core/Src/main.c:882:6:E3_FireMove	56	static
../Core/Src/main.c:925:6:E3_FireAnimation	16	static
../Core/Src/main.c:934:6:E3_Hitbox	32	static
../Core/Src/main.c:960:6:E3_MoveX	24	static
../Core/Src/main.c:1009:7:initPlayer	48	static
../Core/Src/main.c:1043:5:playerCanMove	48	static
../Core/Src/main.c:1108:6:HitboxPlayer	32	static
../Core/Src/main.c:1135:6:PlayerHit	32	static
../Core/Src/main.c:1196:6:PlayerAnimation	40	static
../Core/Src/main.c:1215:6:PlayerAttackAnimation	48	static
../Core/Src/main.c:1241:6:PlayerAttackSound	24	static
../Core/Src/main.c:1276:6:PlayerDamageAnimation	48	static
../Core/Src/main.c:1304:6:PlayerDamageSound	24	static
../Core/Src/main.c:1326:6:PlayerDieAnimation	56	static
../Core/Src/main.c:1337:6:PlayerDieSound	24	static
../Core/Src/main.c:1364:6:initLevelSolo	40	static
../Core/Src/main.c:1394:6:initLevelP1	40	static
../Core/Src/main.c:1421:6:initLevelP2	40	static
../Core/Src/main.c:1450:6:CargarMultiplesBitmaps	56	static
../Core/Src/main.c:1475:5:main	32	static
../Core/Src/main.c:1817:6:SystemClock_Config	88	static
../Core/Src/main.c:1865:13:MX_SPI1_Init	8	static
../Core/Src/main.c:1903:13:MX_TIM2_Init	64	static
../Core/Src/main.c:1962:13:MX_UART5_Init	8	static
../Core/Src/main.c:1995:13:MX_USART2_UART_Init	8	static
../Core/Src/main.c:2028:13:MX_GPIO_Init	48	static
../Core/Src/main.c:2093:6:HAL_UART_RxCpltCallback	48	static
../Core/Src/main.c:2325:6:Error_Handler	4	static,ignoring_inline_asm
