../Core/Src/main.c:114:6:initEnemy1	40	static
../Core/Src/main.c:140:5:ColisionPlayer_e1	40	static
../Core/Src/main.c:176:6:initPlayer	40	static
../Core/Src/main.c:208:5:playerCanMove	32	static
../Core/Src/main.c:256:6:HitboxPlayer	16	static
../Core/Src/main.c:269:6:PlayerHit	80	static
../Core/Src/main.c:343:6:player1WalkUp	48	static
../Core/Src/main.c:352:5:main	32	static
../Core/Src/main.c:431:6:SystemClock_Config	88	static
../Core/Src/main.c:479:13:MX_SPI1_Init	8	static
../Core/Src/main.c:517:13:MX_UART5_Init	8	static
../Core/Src/main.c:550:13:MX_USART2_UART_Init	8	static
../Core/Src/main.c:583:13:MX_GPIO_Init	48	static
../Core/Src/main.c:638:6:HAL_UART_RxCpltCallback	32	static
../Core/Src/main.c:712:6:Error_Handler	4	static,ignoring_inline_asm
