../Core/Src/main.c:206:6:transmit_uart	24	static
../Core/Src/main.c:212:5:CargarBitmaps_SD	4168	static
../Core/Src/main.c:246:6:animation_e1_control	24	static
../Core/Src/main.c:262:6:animation_e1	56	static
../Core/Src/main.c:289:6:animation_e1_die	48	static
../Core/Src/main.c:302:6:initEnemy1	56	static
../Core/Src/main.c:345:5:ColisionPlayer_e1	40	static
../Core/Src/main.c:511:6:Hitbox_e2	48	static
../Core/Src/main.c:539:6:initEnemy2	24	static
../Core/Src/main.c:564:6:moveE2	40	static
../Core/Src/main.c:633:6:E2_Appear	48	static
../Core/Src/main.c:643:6:E2_Hurt	48	static
../Core/Src/main.c:657:6:E2_Die	48	static
../Core/Src/main.c:671:6:PlayerHit_E2	32	static
../Core/Src/main.c:741:6:initEnemy3	24	static
../Core/Src/main.c:769:6:E3_Eye	48	static
../Core/Src/main.c:789:6:E3_FireMove	56	static
../Core/Src/main.c:832:6:E3_FireAnimation	16	static
../Core/Src/main.c:841:6:E3_Hitbox	32	static
../Core/Src/main.c:867:6:E3_MoveX	24	static
../Core/Src/main.c:916:7:initPlayer	48	static
../Core/Src/main.c:950:5:playerCanMove	48	static
../Core/Src/main.c:1015:6:HitboxPlayer	32	static
../Core/Src/main.c:1042:6:PlayerHit	32	static
../Core/Src/main.c:1103:6:PlayerAnimation	40	static
../Core/Src/main.c:1122:6:PlayerAttackAnimation	48	static
../Core/Src/main.c:1150:6:PlayerDamageAnimation	48	static
../Core/Src/main.c:1178:6:PlayerDieAnimation	56	static
../Core/Src/main.c:1189:6:initLevelSolo	40	static
../Core/Src/main.c:1219:6:CargarMultiplesBitmaps	56	static
../Core/Src/main.c:1244:5:main	32	static
../Core/Src/main.c:1525:6:SystemClock_Config	88	static
../Core/Src/main.c:1573:13:MX_SPI1_Init	8	static
../Core/Src/main.c:1611:13:MX_UART5_Init	8	static
../Core/Src/main.c:1644:13:MX_USART2_UART_Init	8	static
../Core/Src/main.c:1677:13:MX_GPIO_Init	48	static
../Core/Src/main.c:1742:6:HAL_UART_RxCpltCallback	48	static
../Core/Src/main.c:1983:6:Error_Handler	4	static,ignoring_inline_asm
