Archive member included to satisfy reference by file (symbol)

C:/ST/STM32CubeIDE_1.16.0/STM32CubeIDE/plugins/com.st.stm32cube.ide.mcu.externaltools.gnu-tools-for-stm32.12.3.rel1.win32_1.0.200.202406191623/tools/bin/../lib/gcc/arm-none-eabi/12.3.1/../../../../arm-none-eabi/lib/thumb/v7e-m+fp/hard\libc_nano.a(libc_a-exit.o)
                              C:/ST/STM32CubeIDE_1.16.0/STM32CubeIDE/plugins/com.st.stm32cube.ide.mcu.externaltools.gnu-tools-for-stm32.12.3.rel1.win32_1.0.200.202406191623/tools/bin/../lib/gcc/arm-none-eabi/12.3.1/../../../../arm-none-eabi/lib/thumb/v7e-m+fp/hard/crt0.o (exit)
C:/ST/STM32CubeIDE_1.16.0/STM32CubeIDE/plugins/com.st.stm32cube.ide.mcu.externaltools.gnu-tools-for-stm32.12.3.rel1.win32_1.0.200.202406191623/tools/bin/../lib/gcc/arm-none-eabi/12.3.1/../../../../arm-none-eabi/lib/thumb/v7e-m+fp/hard\libc_nano.a(libc_a-findfp.o)
                              C:/ST/STM32CubeIDE_1.16.0/STM32CubeIDE/plugins/com.st.stm32cube.ide.mcu.externaltools.gnu-tools-for-stm32.12.3.rel1.win32_1.0.200.202406191623/tools/bin/../lib/gcc/arm-none-eabi/12.3.1/../../../../arm-none-eabi/lib/thumb/v7e-m+fp/hard\libc_nano.a(libc_a-exit.o) (__stdio_exit_handler)
C:/ST/STM32CubeIDE_1.16.0/STM32CubeIDE/plugins/com.st.stm32cube.ide.mcu.externaltools.gnu-tools-for-stm32.12.3.rel1.win32_1.0.200.202406191623/tools/bin/../lib/gcc/arm-none-eabi/12.3.1/../../../../arm-none-eabi/lib/thumb/v7e-m+fp/hard\libc_nano.a(libc_a-fwalk.o)
                              C:/ST/STM32CubeIDE_1.16.0/STM32CubeIDE/plugins/com.st.stm32cube.ide.mcu.externaltools.gnu-tools-for-stm32.12.3.rel1.win32_1.0.200.202406191623/tools/bin/../lib/gcc/arm-none-eabi/12.3.1/../../../../arm-none-eabi/lib/thumb/v7e-m+fp/hard\libc_nano.a(libc_a-findfp.o) (_fwalk_sglue)
C:/ST/STM32CubeIDE_1.16.0/STM32CubeIDE/plugins/com.st.stm32cube.ide.mcu.externaltools.gnu-tools-for-stm32.12.3.rel1.win32_1.0.200.202406191623/tools/bin/../lib/gcc/arm-none-eabi/12.3.1/../../../../arm-none-eabi/lib/thumb/v7e-m+fp/hard\libc_nano.a(libc_a-stdio.o)
                              C:/ST/STM32CubeIDE_1.16.0/STM32CubeIDE/plugins/com.st.stm32cube.ide.mcu.externaltools.gnu-tools-for-stm32.12.3.rel1.win32_1.0.200.202406191623/tools/bin/../lib/gcc/arm-none-eabi/12.3.1/../../../../arm-none-eabi/lib/thumb/v7e-m+fp/hard\libc_nano.a(libc_a-findfp.o) (__sread)
C:/ST/STM32CubeIDE_1.16.0/STM32CubeIDE/plugins/com.st.stm32cube.ide.mcu.externaltools.gnu-tools-for-stm32.12.3.rel1.win32_1.0.200.202406191623/tools/bin/../lib/gcc/arm-none-eabi/12.3.1/../../../../arm-none-eabi/lib/thumb/v7e-m+fp/hard\libc_nano.a(libc_a-memset.o)
                              C:/ST/STM32CubeIDE_1.16.0/STM32CubeIDE/plugins/com.st.stm32cube.ide.mcu.externaltools.gnu-tools-for-stm32.12.3.rel1.win32_1.0.200.202406191623/tools/bin/../lib/gcc/arm-none-eabi/12.3.1/../../../../arm-none-eabi/lib/thumb/v7e-m+fp/hard/crt0.o (memset)
C:/ST/STM32CubeIDE_1.16.0/STM32CubeIDE/plugins/com.st.stm32cube.ide.mcu.externaltools.gnu-tools-for-stm32.12.3.rel1.win32_1.0.200.202406191623/tools/bin/../lib/gcc/arm-none-eabi/12.3.1/../../../../arm-none-eabi/lib/thumb/v7e-m+fp/hard\libc_nano.a(libc_a-closer.o)
                              C:/ST/STM32CubeIDE_1.16.0/STM32CubeIDE/plugins/com.st.stm32cube.ide.mcu.externaltools.gnu-tools-for-stm32.12.3.rel1.win32_1.0.200.202406191623/tools/bin/../lib/gcc/arm-none-eabi/12.3.1/../../../../arm-none-eabi/lib/thumb/v7e-m+fp/hard\libc_nano.a(libc_a-stdio.o) (_close_r)
C:/ST/STM32CubeIDE_1.16.0/STM32CubeIDE/plugins/com.st.stm32cube.ide.mcu.externaltools.gnu-tools-for-stm32.12.3.rel1.win32_1.0.200.202406191623/tools/bin/../lib/gcc/arm-none-eabi/12.3.1/../../../../arm-none-eabi/lib/thumb/v7e-m+fp/hard\libc_nano.a(libc_a-reent.o)
                              C:/ST/STM32CubeIDE_1.16.0/STM32CubeIDE/plugins/com.st.stm32cube.ide.mcu.externaltools.gnu-tools-for-stm32.12.3.rel1.win32_1.0.200.202406191623/tools/bin/../lib/gcc/arm-none-eabi/12.3.1/../../../../arm-none-eabi/lib/thumb/v7e-m+fp/hard\libc_nano.a(libc_a-closer.o) (errno)
C:/ST/STM32CubeIDE_1.16.0/STM32CubeIDE/plugins/com.st.stm32cube.ide.mcu.externaltools.gnu-tools-for-stm32.12.3.rel1.win32_1.0.200.202406191623/tools/bin/../lib/gcc/arm-none-eabi/12.3.1/../../../../arm-none-eabi/lib/thumb/v7e-m+fp/hard\libc_nano.a(libc_a-impure.o)
                              C:/ST/STM32CubeIDE_1.16.0/STM32CubeIDE/plugins/com.st.stm32cube.ide.mcu.externaltools.gnu-tools-for-stm32.12.3.rel1.win32_1.0.200.202406191623/tools/bin/../lib/gcc/arm-none-eabi/12.3.1/../../../../arm-none-eabi/lib/thumb/v7e-m+fp/hard\libc_nano.a(libc_a-reent.o) (_impure_ptr)
C:/ST/STM32CubeIDE_1.16.0/STM32CubeIDE/plugins/com.st.stm32cube.ide.mcu.externaltools.gnu-tools-for-stm32.12.3.rel1.win32_1.0.200.202406191623/tools/bin/../lib/gcc/arm-none-eabi/12.3.1/../../../../arm-none-eabi/lib/thumb/v7e-m+fp/hard\libc_nano.a(libc_a-lseekr.o)
[...]
Memory Configuration

Name             Origin             Length             Attributes
RAM              0x20000000         0x00020000         xrw
FLASH            0x08000000         0x00080000         xr
*default*        0x00000000         0xffffffff

Linker script and memory map

LOAD C:/ST/STM32CubeIDE_1.16.0/STM32CubeIDE/plugins/com.st.stm32cube.ide.mcu.externaltools.gnu-tools-for-stm32.12.3.rel1.win32_1.0.200.202406191623/tools/bin/../lib/gcc/arm-none-eabi/12.3.1/thumb/v7e-m+fp/hard/crti.o
LOAD C:/ST/STM32CubeIDE_1.16.0/STM32CubeIDE/plugins/com.st.stm32cube.ide.mcu.externaltools.gnu-tools-for-stm32.12.3.rel1.win32_1.0.200.202406191623/tools/bin/../lib/gcc/arm-none-eabi/12.3.1/thumb/v7e-m+fp/hard/crtbegin.o
LOAD C:/ST/STM32CubeIDE_1.16.0/STM32CubeIDE/plugins/com.st.stm32cube.ide.mcu.externaltools.gnu-tools-for-stm32.12.3.rel1.win32_1.0.200.202406191623/tools/bin/../lib/gcc/arm-none-eabi/12.3.1/../../../../arm-none-eabi/lib/thumb/v7e-m+fp/hard/crt0.o
LOAD ./Core/Src/fatfs_sd.o
LOAD ./Core/Src/main.o
LOAD ./Core/Src/stm32f4xx_hal_msp.o
LOAD ./Core/Src/stm32f4xx_it.o
LOAD ./Core/Src/syscalls.o
LOAD ./Core/Src/sysmem.o
LOAD ./Core/Src/system_stm32f4xx.o
LOAD ./Core/Startup/startup_stm32f446retx.o
LOAD ./Drivers/STM32F4xx_HAL_Driver/Src/stm32f4xx_hal.o
LOAD ./Drivers/STM32F4xx_HAL_Driver/Src/stm32f4xx_hal_cortex.o
LOAD ./Drivers/STM32F4xx_HAL_Driver/Src/stm32f4xx_hal_dma.o
LOAD ./Drivers/STM32F4xx_HAL_Driver/Src/stm32f4xx_hal_dma_ex.o
LOAD ./Drivers/STM32F4xx_HAL_Driver/Src/stm32f4xx_hal_exti.o
LOAD ./Drivers/STM32F4xx_HAL_Driver/Src/stm32f4xx_hal_flash.o
LOAD ./Drivers/STM32F4xx_HAL_Driver/Src/stm32f4xx_hal_flash_ex.o
LOAD ./Drivers/STM32F4xx_HAL_Driver/Src/stm32f4xx_hal_flash_ramfunc.o
LOAD ./Drivers/STM32F4xx_HAL_Driver/Src/stm32f4xx_hal_gpio.o
LOAD ./Drivers/STM32F4xx_HAL_Driver/Src/stm32f4xx_hal_pwr.o
LOAD ./Drivers/STM32F4xx_HAL_Driver/Src/stm32f4xx_hal_pwr_ex.o
LOAD ./Drivers/STM32F4xx_HAL_Driver/Src/stm32f4xx_hal_rcc.o
LOAD ./Drivers/STM32F4xx_HAL_Driver/Src/stm32f4xx_hal_rcc_ex.o
LOAD ./Drivers/STM32F4xx_HAL_Driver/Src/stm32f4xx_hal_spi.o
LOAD ./Drivers/STM32F4xx_HAL_Driver/Src/stm32f4xx_hal_tim.o
LOAD ./Drivers/STM32F4xx_HAL_Driver/Src/stm32f4xx_hal_tim_ex.o
LOAD ./Drivers/STM32F4xx_HAL_Driver/Src/stm32f4xx_hal_uart.o
LOAD ./FATFS/App/fatfs.o
LOAD ./FATFS/Target/user_diskio.o
LOAD ./Middlewares/Third_Party/FatFs/src/diskio.o
LOAD ./Middlewares/Third_Party/FatFs/src/ff.o
LOAD ./Middlewares/Third_Party/FatFs/src/ff_gen_drv.o
LOAD ./Middlewares/Third_Party/FatFs/src/option/ccsbcs.o
LOAD ./Middlewares/Third_Party/FatFs/src/option/syscall.o
START GROUP
LOAD C:/ST/STM32CubeIDE_1.16.0/STM32CubeIDE/plugins/com.st.stm32cube.ide.mcu.externaltools.gnu-tools-for-stm32.12.3.rel1.win32_1.0.200.202406191623/tools/bin/../lib/gcc/arm-none-eabi/12.3.1/../../../../arm-none-eabi/lib/thumb/v7e-m+fp/hard\libc_nano.a
LOAD C:/ST/STM32CubeIDE_1.16.0/STM32CubeIDE/plugins/com.st.stm32cube.ide.mcu.externaltools.gnu-tools-for-stm32.12.3.rel1.win32_1.0.200.202406191623/tools/bin/../lib/gcc/arm-none-eabi/12.3.1/../../../../arm-none-eabi/lib/thumb/v7e-m+fp/hard\libm.a
END GROUP
START GROUP
LOAD C:/ST/STM32CubeIDE_1.16.0/STM32CubeIDE/plugins/com.st.stm32cube.ide.mcu.externaltools.gnu-tools-for-stm32.12.3.rel1.win32_1.0.200.202406191623/tools/bin/../lib/gcc/arm-none-eabi/12.3.1/thumb/v7e-m+fp/hard\libgcc.a
LOAD C:/ST/STM32CubeIDE_1.16.0/STM32CubeIDE/plugins/com.st.stm32cube.ide.mcu.externaltools.gnu-tools-for-stm32.12.3.rel1.win32_1.0.200.202406191623/tools/bin/../lib/gcc/arm-none-eabi/12.3.1/../../../../arm-none-eabi/lib/thumb/v7e-m+fp/hard\libc_nano.a
END GROUP
START GROUP
LOAD C:/ST/STM32CubeIDE_1.16.0/STM32CubeIDE/plugins/com.st.stm32cube.ide.mcu.externaltools.gnu-tools-for-stm32.12.3.rel1.win32_1.0.200.202406191623/tools/bin/../lib/gcc/arm-none-eabi/12.3.1/thumb/v7e-m+fp/hard\libgcc.a
LOAD C:/ST/STM32CubeIDE_1.16.0/STM32CubeIDE/plugins/com.st.stm32cube.ide.mcu.externaltools.gnu-tools-for-stm32.12.3.rel1.win32_1.0.200.202406191623/tools/bin/../lib/gcc/arm-none-eabi/12.3.1/../../../../arm-none-eabi/lib/thumb/v7e-m+fp/hard\libc_nano.a
LOAD C:/ST/STM32CubeIDE_1.16.0/STM32CubeIDE/plugins/com.st.stm32cube.ide.mcu.externaltools.gnu-tools-for-stm32.12.3.rel1.win32_1.0.200.202406191623/tools/bin/../lib/gcc/arm-none-eabi/12.3.1/../../../../arm-none-eabi/lib/thumb/v7e-m+fp/hard\libnosys.a
END GROUP
START GROUP
LOAD C:/ST/STM32CubeIDE_1.16.0/STM32CubeIDE/plugins/com.st.stm32cube.ide.mcu.externaltools.gnu-tools-for-stm32.12.3.rel1.win32_1.0.200.202406191623/tools/bin/../lib/gcc/arm-none-eabi/12.3.1/thumb/v7e-m+fp/hard\libgcc.a
LOAD C:/ST/STM32CubeIDE_1.16.0/STM32CubeIDE/plugins/com.st.stm32cube.ide.mcu.externaltools.gnu-tools-for-stm32.12.3.rel1.win32_1.0.200.202406191623/tools/bin/../lib/gcc/arm-none-eabi/12.3.1/../../../../arm-none-eabi/lib/thumb/v7e-m+fp/hard\libc_nano.a
LOAD C:/ST/STM32CubeIDE_1.16.0/STM32CubeIDE/plugins/com.st.stm32cube.ide.mcu.externaltools.gnu-tools-for-stm32.12.3.rel1.win32_1.0.200.202406191623/tools/bin/../lib/gcc/arm-none-eabi/12.3.1/../../../../arm-none-eabi/lib/thumb/v7e-m+fp/hard\libnosys.a
END GROUP
LOAD C:/ST/STM32CubeIDE_1.16.0/STM32CubeIDE/plugins/com.st.stm32cube.ide.mcu.externaltools.gnu-tools-for-stm32.12.3.rel1.win32_1.0.200.202406191623/tools/bin/../lib/gcc/arm-none-eabi/12.3.1/thumb/v7e-m+fp/hard/crtend.o
LOAD C:/ST/STM32CubeIDE_1.16.0/STM32CubeIDE/plugins/com.st.stm32cube.ide.mcu.externaltools.gnu-tools-for-stm32.12.3.rel1.win32_1.0.200.202406191623/tools/bin/../lib/gcc/arm-none-eabi/12.3.1/thumb/v7e-m+fp/hard/crtn.o
                0x20020000                        _estack = (ORIGIN (RAM) + LENGTH (RAM))
                0x00000200                        _Min_Heap_Size = 0x200
                0x00000400                        _Min_Stack_Size = 0x400

.isr_vector     0x08000000      0x1c4
                0x08000000                        . = ALIGN (0x4)
 *(.isr_vector)
 .isr_vector    0x08000000      0x1c4 ./Core/Startup/startup_stm32f446retx.o
                0x08000000                g_pfnVectors
                0x080001c4                        . = ALIGN (0x4)

.text           0x080001c4     0x71c0
                0x080001c4                        . = ALIGN (0x4)
 *(.text)
 .text          0x080001c4       0x40 C:/ST/STM32CubeIDE_1.16.0/STM32CubeIDE/plugins/com.st.stm32cube.ide.mcu.externaltools.gnu-tools-for-stm32.12.3.rel1.win32_1.0.200.202406191623/tools/bin/../lib/gcc/arm-none-eabi/12.3.1/thumb/v7e-m+fp/hard/crtbegin.o
 .text          0x08000204       0x10 C:/ST/STM32CubeIDE_1.16.0/STM32CubeIDE/plugins/com.st.stm32cube.ide.mcu.externaltools.gnu-tools-for-stm32.12.3.rel1.win32_1.0.200.202406191623/tools/bin/../lib/gcc/arm-none-eabi/12.3.1/../../../../arm-none-eabi/lib/thumb/v7e-m+fp/hard\libc_nano.a(libc_a-strlen.o)
                0x08000204                strlen
 .text          0x08000214       0x30 C:/ST/STM32CubeIDE_1.16.0/STM32CubeIDE/plugins/com.st.stm32cube.ide.mcu.externaltools.gnu-tools-for-stm32.12.3.rel1.win32_1.0.200.202406191623/tools/bin/../lib/gcc/arm-none-eabi/12.3.1/thumb/v7e-m+fp/hard\libgcc.a(_aeabi_uldivmod.o)
                0x08000214                __aeabi_uldivmod
 .text          0x08000244      0x2bc C:/ST/STM32CubeIDE_1.16.0/STM32CubeIDE/plugins/com.st.stm32cube.ide.mcu.externaltools.gnu-tools-for-stm32.12.3.rel1.win32_1.0.200.202406191623/tools/bin/../lib/gcc/arm-none-eabi/12.3.1/thumb/v7e-m+fp/hard\libgcc.a(_udivmoddi4.o)
                0x08000244                __udivmoddi4
 .text          0x08000500        0x4 C:/ST/STM32CubeIDE_1.16.0/STM32CubeIDE/plugins/com.st.stm32cube.ide.mcu.externaltools.gnu-tools-for-stm32.12.3.rel1.win32_1.0.200.202406191623/tools/bin/../lib/gcc/arm-none-eabi/12.3.1/thumb/v7e-m+fp/hard\libgcc.a(_dvmd_tls.o)
                0x08000500                __aeabi_idiv0
                0x08000500                __aeabi_ldiv0
 *(.text*)
 .text.SELECT   0x08000504       0x1c ./Core/Src/fatfs_sd.o
 .text.DESELECT
                0x08000520       0x1c ./Core/Src/fatfs_sd.o
 .text.SPI_TxByte
                0x0800053c       0x34 ./Core/Src/fatfs_sd.o
 .text.SPI_TxBuffer
                0x08000570       0x34 ./Core/Src/fatfs_sd.o
 .text.SPI_RxByte
                0x080005a4       0x38 ./Core/Src/fatfs_sd.o
 .text.SPI_RxBytePtr
                0x080005dc       0x1c ./Core/Src/fatfs_sd.o
 .text.SD_ReadyWait
                0x080005f8       0x34 ./Core/Src/fatfs_sd.o
 .text.SD_PowerOn
                0x0800062c       0x84 ./Core/Src/fatfs_sd.o
 .text.SD_PowerOff
                0x080006b0       0x18 ./Core/Src/fatfs_sd.o
 .text.SD_CheckPower
                0x080006c8       0x18 ./Core/Src/fatfs_sd.o
 .text.SD_RxDataBlock
                0x080006e0       0x5c ./Core/Src/fatfs_sd.o
 .text.SD_TxDataBlock
                0x0800073c       0x86 ./Core/Src/fatfs_sd.o
 .text.SD_SendCmd
                0x080007c2       0xa8 ./Core/Src/fatfs_sd.o
 *fill*         0x0800086a        0x2 
 .text.SD_disk_initialize
                0x0800086c      0x1cc ./Core/Src/fatfs_sd.o
                0x0800086c                SD_disk_initialize
 .text.SD_disk_status
                0x08000a38       0x2c ./Core/Src/fatfs_sd.o
                0x08000a38                SD_disk_status
 .text.SD_disk_read
                0x08000a64       0xd4 ./Core/Src/fatfs_sd.o
                0x08000a64                SD_disk_read
 .text.SD_disk_write
                0x08000b38      0x108 ./Core/Src/fatfs_sd.o
                0x08000b38                SD_disk_write
 .text.SD_disk_ioctl
                0x08000c40      0x254 ./Core/Src/fatfs_sd.o
                0x08000c40                SD_disk_ioctl
 .text.transmit_uart.1
                0x08000e94       0x30 ./Core/Src/main.o
 .text.main     0x08000ec4       0xd8 ./Core/Src/main.o
                0x08000ec4                main
 .text.ReadFile.0
                0x08000f9c      0x1c4 ./Core/Src/main.o
 .text.SystemClock_Config
                0x08001160       0xdc ./Core/Src/main.o
                0x08001160                SystemClock_Config
 .text.MX_SPI1_Init
                0x0800123c       0x6c ./Core/Src/main.o
 .text.MX_USART2_UART_Init
                0x080012a8       0x54 ./Core/Src/main.o
 .text.MX_GPIO_Init
                0x080012fc       0xa0 ./Core/Src/main.o
 .text.Error_Handler
                0x0800139c        0xc ./Core/Src/main.o
                0x0800139c                Error_Handler
 .text.HAL_MspInit
                0x080013a8       0x50 ./Core/Src/stm32f4xx_hal_msp.o
                0x080013a8                HAL_MspInit
 .text.HAL_SPI_MspInit
                0x080013f8       0xd0 ./Core/Src/stm32f4xx_hal_msp.o
                0x080013f8                HAL_SPI_MspInit
 .text.HAL_UART_MspInit
                0x080014c8       0xa0 ./Core/Src/stm32f4xx_hal_msp.o
                0x080014c8                HAL_UART_MspInit
 .text.NMI_Handler
                0x08001568        0x8 ./Core/Src/stm32f4xx_it.o
                0x08001568                NMI_Handler
 .text.HardFault_Handler
                0x08001570        0x8 ./Core/Src/stm32f4xx_it.o
                0x08001570                HardFault_Handler
 .text.MemManage_Handler
                0x08001578        0x8 ./Core/Src/stm32f4xx_it.o
                0x08001578                MemManage_Handler
 .text.BusFault_Handler
                0x08001580        0x8 ./Core/Src/stm32f4xx_it.o
                0x08001580                BusFault_Handler
 .text.UsageFault_Handler
                0x08001588        0x8 ./Core/Src/stm32f4xx_it.o
                0x08001588                UsageFault_Handler
 .text.SVC_Handler
                0x08001590        0xe ./Core/Src/stm32f4xx_it.o
                0x08001590                SVC_Handler
 .text.DebugMon_Handler
                0x0800159e        0xe ./Core/Src/stm32f4xx_it.o
                0x0800159e                DebugMon_Handler
 .text.PendSV_Handler
                0x080015ac        0xe ./Core/Src/stm32f4xx_it.o
                0x080015ac                PendSV_Handler
 *fill*         0x080015ba        0x2 
 .text.SysTick_Handler
                0x080015bc       0x40 ./Core/Src/stm32f4xx_it.o
                0x080015bc                SysTick_Handler
 .text.USART2_IRQHandler
                0x080015fc       0x14 ./Core/Src/stm32f4xx_it.o
                0x080015fc                USART2_IRQHandler
 .text.SystemInit
                0x08001610       0x24 ./Core/Src/system_stm32f4xx.o
                0x08001610                SystemInit
 .text.Reset_Handler
                0x08001634       0x50 ./Core/Startup/startup_stm32f446retx.o
                0x08001634                Reset_Handler
 .text.Default_Handler
                0x08001684        0x2 ./Core/Startup/startup_stm32f446retx.o
                0x08001684                RTC_Alarm_IRQHandler
                0x08001684                EXTI2_IRQHandler
                0x08001684                TIM8_CC_IRQHandler
                0x08001684                FMPI2C1_EV_IRQHandler
                0x08001684                SPI4_IRQHandler
                0x08001684                TIM1_CC_IRQHandler
                0x08001684                DMA2_Stream5_IRQHandler
                0x08001684                DMA1_Stream5_IRQHandler
                0x08001684                PVD_IRQHandler
                0x08001684                SDIO_IRQHandler
                0x08001684                TAMP_STAMP_IRQHandler
                0x08001684                CAN2_RX1_IRQHandler
                0x08001684                EXTI3_IRQHandler
                0x08001684                TIM8_TRG_COM_TIM14_IRQHandler
                0x08001684                TIM1_UP_TIM10_IRQHandler
                0x08001684                TIM8_UP_TIM13_IRQHandler
                0x08001684                I2C3_ER_IRQHandler
                0x08001684                EXTI0_IRQHandler
                0x08001684                I2C2_EV_IRQHandler
                0x08001684                DMA1_Stream2_IRQHandler
                0x08001684                CAN1_RX0_IRQHandler
                0x08001684                FPU_IRQHandler
                0x08001684                OTG_HS_WKUP_IRQHandler
                0x08001684                CAN2_SCE_IRQHandler
                0x08001684                DMA2_Stream2_IRQHandler
                0x08001684                SPI1_IRQHandler
                0x08001684                TIM6_DAC_IRQHandler
                0x08001684                TIM1_BRK_TIM9_IRQHandler
                0x08001684                DCMI_IRQHandler
                0x08001684                CAN2_RX0_IRQHandler
                0x08001684                DMA2_Stream3_IRQHandler
                0x08001684                SAI2_IRQHandler
                0x08001684                USART6_IRQHandler
                0x08001684                USART3_IRQHandler
                0x08001684                CAN1_RX1_IRQHandler
                0x08001684                UART5_IRQHandler
                0x08001684                DMA2_Stream0_IRQHandler
                0x08001684                TIM4_IRQHandler
                0x08001684                QUADSPI_IRQHandler
                0x08001684                I2C1_EV_IRQHandler
                0x08001684                DMA1_Stream6_IRQHandler
                0x08001684                DMA1_Stream1_IRQHandler
                0x08001684                UART4_IRQHandler
                0x08001684                TIM3_IRQHandler
                0x08001684                RCC_IRQHandler
                0x08001684                TIM8_BRK_TIM12_IRQHandler
                0x08001684                Default_Handler
                0x08001684                CEC_IRQHandler
                0x08001684                EXTI15_10_IRQHandler
                0x08001684                ADC_IRQHandler
                0x08001684                DMA1_Stream7_IRQHandler
                0x08001684                TIM7_IRQHandler
                0x08001684                CAN2_TX_IRQHandler
                0x08001684                TIM5_IRQHandler
                0x08001684                DMA2_Stream7_IRQHandler
                0x08001684                I2C3_EV_IRQHandler
                0x08001684                EXTI9_5_IRQHandler
                0x08001684                RTC_WKUP_IRQHandler
                0x08001684                SPDIF_RX_IRQHandler
                0x08001684                SPI2_IRQHandler
                0x08001684                OTG_HS_EP1_IN_IRQHandler
                0x08001684                DMA1_Stream0_IRQHandler
                0x08001684                CAN1_TX_IRQHandler
                0x08001684                FMPI2C1_ER_IRQHandler
                0x08001684                EXTI4_IRQHandler
                0x08001684                OTG_HS_EP1_OUT_IRQHandler
                0x08001684                WWDG_IRQHandler
                0x08001684                TIM2_IRQHandler
                0x08001684                OTG_FS_WKUP_IRQHandler
                0x08001684                TIM1_TRG_COM_TIM11_IRQHandler
                0x08001684                OTG_HS_IRQHandler
                0x08001684                EXTI1_IRQHandler
                0x08001684                I2C2_ER_IRQHandler
                0x08001684                DMA2_Stream1_IRQHandler
                0x08001684                CAN1_SCE_IRQHandler
                0x08001684                FLASH_IRQHandler
                0x08001684                DMA2_Stream4_IRQHandler
                0x08001684                USART1_IRQHandler
                0x08001684                OTG_FS_IRQHandler
                0x08001684                SPI3_IRQHandler
                0x08001684                DMA1_Stream4_IRQHandler
                0x08001684                I2C1_ER_IRQHandler
                0x08001684                FMC_IRQHandler
                0x08001684                DMA2_Stream6_IRQHandler
                0x08001684                SAI1_IRQHandler
                0x08001684                DMA1_Stream3_IRQHandler
 *fill*         0x08001686        0x2 
 .text.HAL_Init
                0x08001688       0x44 ./Drivers/STM32F4xx_HAL_Driver/Src/stm32f4xx_hal.o
                0x08001688                HAL_Init
 .text.HAL_InitTick
                0x080016cc       0x60 ./Drivers/STM32F4xx_HAL_Driver/Src/stm32f4xx_hal.o
                0x080016cc                HAL_InitTick
 .text.HAL_IncTick
                0x0800172c       0x28 ./Drivers/STM32F4xx_HAL_Driver/Src/stm32f4xx_hal.o
                0x0800172c                HAL_IncTick
 .text.HAL_GetTick
                0x08001754       0x18 ./Drivers/STM32F4xx_HAL_Driver/Src/stm32f4xx_hal.o
                0x08001754                HAL_GetTick
 .text.HAL_Delay
                0x0800176c       0x48 ./Drivers/STM32F4xx_HAL_Driver/Src/stm32f4xx_hal.o
                0x0800176c                HAL_Delay
 .text.__NVIC_SetPriorityGrouping
                0x080017b4       0x48 ./Drivers/STM32F4xx_HAL_Driver/Src/stm32f4xx_hal_cortex.o
 .text.__NVIC_GetPriorityGrouping
                0x080017fc       0x1c ./Drivers/STM32F4xx_HAL_Driver/Src/stm32f4xx_hal_cortex.o
 .text.__NVIC_EnableIRQ
                0x08001818       0x3c ./Drivers/STM32F4xx_HAL_Driver/Src/stm32f4xx_hal_cortex.o
 .text.__NVIC_SetPriority
                0x08001854       0x54 ./Drivers/STM32F4xx_HAL_Driver/Src/stm32f4xx_hal_cortex.o
 .text.NVIC_EncodePriority
                0x080018a8       0x66 ./Drivers/STM32F4xx_HAL_Driver/Src/stm32f4xx_hal_cortex.o
 *fill*         0x0800190e        0x2 
 .text.SysTick_Config
                0x08001910       0x44 ./Drivers/STM32F4xx_HAL_Driver/Src/stm32f4xx_hal_cortex.o
 .text.HAL_NVIC_SetPriorityGrouping
                0x08001954       0x16 ./Drivers/STM32F4xx_HAL_Driver/Src/stm32f4xx_hal_cortex.o
                0x08001954                HAL_NVIC_SetPriorityGrouping
 .text.HAL_NVIC_SetPriority
                0x0800196a       0x38 ./Drivers/STM32F4xx_HAL_Driver/Src/stm32f4xx_hal_cortex.o
                0x0800196a                HAL_NVIC_SetPriority
 .text.HAL_NVIC_EnableIRQ
                0x080019a2       0x1c ./Drivers/STM32F4xx_HAL_Driver/Src/stm32f4xx_hal_cortex.o
                0x080019a2                HAL_NVIC_EnableIRQ
 .text.HAL_SYSTICK_Config
                0x080019be       0x18 ./Drivers/STM32F4xx_HAL_Driver/Src/stm32f4xx_hal_cortex.o
                0x080019be                HAL_SYSTICK_Config
 .text.HAL_SYSTICK_IRQHandler
                0x080019d6        0xc ./Drivers/STM32F4xx_HAL_Driver/Src/stm32f4xx_hal_cortex.o
                0x080019d6                HAL_SYSTICK_IRQHandler
 .text.HAL_SYSTICK_Callback
                0x080019e2        0xe ./Drivers/STM32F4xx_HAL_Driver/Src/stm32f4xx_hal_cortex.o
                0x080019e2                HAL_SYSTICK_Callback
 .text.HAL_DMA_Abort
                0x080019f0       0xe0 ./Drivers/STM32F4xx_HAL_Driver/Src/stm32f4xx_hal_dma.o
                0x080019f0                HAL_DMA_Abort
 .text.HAL_DMA_Abort_IT
                0x08001ad0       0x44 ./Drivers/STM32F4xx_HAL_Driver/Src/stm32f4xx_hal_dma.o
                0x08001ad0                HAL_DMA_Abort_IT
 .text.HAL_GPIO_Init
                0x08001b14      0x328 ./Drivers/STM32F4xx_HAL_Driver/Src/stm32f4xx_hal_gpio.o
                0x08001b14                HAL_GPIO_Init
 .text.HAL_GPIO_WritePin
                0x08001e3c       0x32 ./Drivers/STM32F4xx_HAL_Driver/Src/stm32f4xx_hal_gpio.o
                0x08001e3c                HAL_GPIO_WritePin
 *fill*         0x08001e6e        0x2 
 .text.HAL_RCC_ClockConfig
                0x08001e70      0x1cc ./Drivers/STM32F4xx_HAL_Driver/Src/stm32f4xx_hal_rcc.o
                0x08001e70                HAL_RCC_ClockConfig
 .text.HAL_RCC_GetHCLKFreq
                0x0800203c       0x18 ./Drivers/STM32F4xx_HAL_Driver/Src/stm32f4xx_hal_rcc.o
                0x0800203c                HAL_RCC_GetHCLKFreq
 .text.HAL_RCC_GetPCLK1Freq
                0x08002054       0x28 ./Drivers/STM32F4xx_HAL_Driver/Src/stm32f4xx_hal_rcc.o
                0x08002054                HAL_RCC_GetPCLK1Freq
 .text.HAL_RCC_GetPCLK2Freq
                0x0800207c       0x28 ./Drivers/STM32F4xx_HAL_Driver/Src/stm32f4xx_hal_rcc.o
                0x0800207c                HAL_RCC_GetPCLK2Freq
 .text.HAL_RCC_GetSysClockFreq
                0x080020a4      0x460 ./Drivers/STM32F4xx_HAL_Driver/Src/stm32f4xx_hal_rcc_ex.o
                0x080020a4                HAL_RCC_GetSysClockFreq
 .text.HAL_RCC_OscConfig
                0x08002504      0x53c ./Drivers/STM32F4xx_HAL_Driver/Src/stm32f4xx_hal_rcc_ex.o
                0x08002504                HAL_RCC_OscConfig
 .text.HAL_SPI_Init
                0x08002a40      0x112 ./Drivers/STM32F4xx_HAL_Driver/Src/stm32f4xx_hal_spi.o
                0x08002a40                HAL_SPI_Init
 .text.HAL_SPI_Transmit
                0x08002b52      0x288 ./Drivers/STM32F4xx_HAL_Driver/Src/stm32f4xx_hal_spi.o
                0x08002b52                HAL_SPI_Transmit
 .text.HAL_SPI_TransmitReceive
                0x08002dda      0x352 ./Drivers/STM32F4xx_HAL_Driver/Src/stm32f4xx_hal_spi.o
                0x08002dda                HAL_SPI_TransmitReceive
 .text.SPI_WaitFlagStateUntilTimeout
                0x0800312c      0x110 ./Drivers/STM32F4xx_HAL_Driver/Src/stm32f4xx_hal_spi.o
 .text.SPI_EndRxTxTransaction
                0x0800323c       0xa8 ./Drivers/STM32F4xx_HAL_Driver/Src/stm32f4xx_hal_spi.o
 .text.HAL_UART_Init
                0x080032e4       0xa0 ./Drivers/STM32F4xx_HAL_Driver/Src/stm32f4xx_hal_uart.o
                0x080032e4                HAL_UART_Init
 .text.HAL_UART_Transmit
                0x08003384      0x116 ./Drivers/STM32F4xx_HAL_Driver/Src/stm32f4xx_hal_uart.o
                0x08003384                HAL_UART_Transmit
 .text.HAL_UART_Receive
                0x0800349a      0x12e ./Drivers/STM32F4xx_HAL_Driver/Src/stm32f4xx_hal_uart.o
                0x0800349a                HAL_UART_Receive
 .text.HAL_UART_IRQHandler
                0x080035c8      0x524 ./Drivers/STM32F4xx_HAL_Driver/Src/stm32f4xx_hal_uart.o
                0x080035c8                HAL_UART_IRQHandler
 .text.HAL_UART_TxCpltCallback
                0x08003aec       0x14 ./Drivers/STM32F4xx_HAL_Driver/Src/stm32f4xx_hal_uart.o
                0x08003aec                HAL_UART_TxCpltCallback
 .text.HAL_UART_RxCpltCallback
                0x08003b00       0x14 ./Drivers/STM32F4xx_HAL_Driver/Src/stm32f4xx_hal_uart.o
                0x08003b00                HAL_UART_RxCpltCallback
 .text.HAL_UART_ErrorCallback
                0x08003b14       0x14 ./Drivers/STM32F4xx_HAL_Driver/Src/stm32f4xx_hal_uart.o
                0x08003b14                HAL_UART_ErrorCallback
 .text.HAL_UARTEx_RxEventCallback
                0x08003b28       0x18 ./Drivers/STM32F4xx_HAL_Driver/Src/stm32f4xx_hal_uart.o
                0x08003b28                HAL_UARTEx_RxEventCallback
 .text.UART_WaitOnFlagUntilTimeout
                0x08003b40       0xb2 ./Drivers/STM32F4xx_HAL_Driver/Src/stm32f4xx_hal_uart.o
 .text.UART_EndRxTransfer
                0x08003bf2       0xc6 ./Drivers/STM32F4xx_HAL_Driver/Src/stm32f4xx_hal_uart.o
 .text.UART_DMAAbortOnError
                0x08003cb8       0x28 ./Drivers/STM32F4xx_HAL_Driver/Src/stm32f4xx_hal_uart.o
 .text.UART_Transmit_IT
                0x08003ce0       0xa0 ./Drivers/STM32F4xx_HAL_Driver/Src/stm32f4xx_hal_uart.o
 .text.UART_EndTransmit_IT
                0x08003d80       0x30 ./Drivers/STM32F4xx_HAL_Driver/Src/stm32f4xx_hal_uart.o
 .text.UART_Receive_IT
                0x08003db0      0x17c ./Drivers/STM32F4xx_HAL_Driver/Src/stm32f4xx_hal_uart.o
 .text.UART_SetConfig
                0x08003f2c      0x4e8 ./Drivers/STM32F4xx_HAL_Driver/Src/stm32f4xx_hal_uart.o
 .text.MX_FATFS_Init
                0x08004414       0x24 ./FATFS/App/fatfs.o
                0x08004414                MX_FATFS_Init
 .text.get_fattime
                0x08004438       0x10 ./FATFS/App/fatfs.o
                0x08004438                get_fattime
 .text.USER_initialize
                0x08004448       0x1c ./FATFS/Target/user_diskio.o
                0x08004448                USER_initialize
 .text.USER_status
                0x08004464       0x1c ./FATFS/Target/user_diskio.o
                0x08004464                USER_status
 .text.USER_read
                0x08004480       0x26 ./FATFS/Target/user_diskio.o
                0x08004480                USER_read
 .text.USER_write
                0x080044a6       0x26 ./FATFS/Target/user_diskio.o
                0x080044a6                USER_write
 .text.USER_ioctl
                0x080044cc       0x26 ./FATFS/Target/user_diskio.o
                0x080044cc                USER_ioctl
 *fill*         0x080044f2        0x2 
 .text.disk_status
                0x080044f4       0x34 ./Middlewares/Third_Party/FatFs/src/diskio.o
                0x080044f4                disk_status
 .text.disk_initialize
                0x08004528       0x50 ./Middlewares/Third_Party/FatFs/src/diskio.o
                0x08004528                disk_initialize
 .text.disk_read
                0x08004578       0x40 ./Middlewares/Third_Party/FatFs/src/diskio.o
                0x08004578                disk_read
 .text.disk_write
                0x080045b8       0x40 ./Middlewares/Third_Party/FatFs/src/diskio.o
                0x080045b8                disk_write
 .text.disk_ioctl
                0x080045f8       0x3c ./Middlewares/Third_Party/FatFs/src/diskio.o
                0x080045f8                disk_ioctl
 .text.ld_word  0x08004634       0x30 ./Middlewares/Third_Party/FatFs/src/ff.o
 .text.ld_dword
                0x08004664       0x46 ./Middlewares/Third_Party/FatFs/src/ff.o
 .text.st_word  0x080046aa       0x36 ./Middlewares/Third_Party/FatFs/src/ff.o
 .text.st_dword
                0x080046e0       0x58 ./Middlewares/Third_Party/FatFs/src/ff.o
 .text.mem_cpy  0x08004738       0x42 ./Middlewares/Third_Party/FatFs/src/ff.o
 .text.mem_set  0x0800477a       0x36 ./Middlewares/Third_Party/FatFs/src/ff.o
 .text.mem_cmp  0x080047b0       0x4e ./Middlewares/Third_Party/FatFs/src/ff.o
 .text.chk_chr  0x080047fe       0x36 ./Middlewares/Third_Party/FatFs/src/ff.o
 .text.chk_lock
                0x08004834       0xb8 ./Middlewares/Third_Party/FatFs/src/ff.o
 .text.enq_lock
                0x080048ec       0x44 ./Middlewares/Third_Party/FatFs/src/ff.o
 .text.inc_lock
                0x08004930      0x11c ./Middlewares/Third_Party/FatFs/src/ff.o
 .text.dec_lock
                0x08004a4c       0x78 ./Middlewares/Third_Party/FatFs/src/ff.o
 .text.clear_lock
                0x08004ac4       0x48 ./Middlewares/Third_Party/FatFs/src/ff.o
 .text.sync_window
                0x08004b0c       0x88 ./Middlewares/Third_Party/FatFs/src/ff.o
 .text.move_window
                0x08004b94       0x5a ./Middlewares/Third_Party/FatFs/src/ff.o
 *fill*         0x08004bee        0x2 
 .text.sync_fs  0x08004bf0       0xe0 ./Middlewares/Third_Party/FatFs/src/ff.o
 .text.clust2sect
                0x08004cd0       0x3e ./Middlewares/Third_Party/FatFs/src/ff.o
 .text.get_fat  0x08004d0e      0x1a6 ./Middlewares/Third_Party/FatFs/src/ff.o
 .text.put_fat  0x08004eb4      0x234 ./Middlewares/Third_Party/FatFs/src/ff.o
 .text.remove_chain
                0x080050e8       0xca ./Middlewares/Third_Party/FatFs/src/ff.o
 .text.create_chain
                0x080051b2      0x130 ./Middlewares/Third_Party/FatFs/src/ff.o
 .text.clmt_clust
                0x080052e2       0x70 ./Middlewares/Third_Party/FatFs/src/ff.o
 .text.dir_sdi  0x08005352      0x112 ./Middlewares/Third_Party/FatFs/src/ff.o
 .text.dir_next
                0x08005464      0x1ac ./Middlewares/Third_Party/FatFs/src/ff.o
 .text.dir_alloc
                0x08005610       0x8e ./Middlewares/Third_Party/FatFs/src/ff.o
 .text.ld_clust
                0x0800569e       0x3e ./Middlewares/Third_Party/FatFs/src/ff.o
 .text.st_clust
                0x080056dc       0x40 ./Middlewares/Third_Party/FatFs/src/ff.o
 .text.cmp_lfn  0x0800571c       0xe0 ./Middlewares/Third_Party/FatFs/src/ff.o
 .text.put_lfn  0x080057fc       0xd0 ./Middlewares/Third_Party/FatFs/src/ff.o
 .text.gen_numname
                0x080058cc      0x11c ./Middlewares/Third_Party/FatFs/src/ff.o
 .text.sum_sfn  0x080059e8       0x42 ./Middlewares/Third_Party/FatFs/src/ff.o
 .text.dir_find
                0x08005a2a      0x180 ./Middlewares/Third_Party/FatFs/src/ff.o
 *fill*         0x08005baa        0x2 
 .text.dir_register
                0x08005bac      0x1f0 ./Middlewares/Third_Party/FatFs/src/ff.o
 .text.create_name
                0x08005d9c      0x370 ./Middlewares/Third_Party/FatFs/src/ff.o
 .text.follow_path
                0x0800610c       0xec ./Middlewares/Third_Party/FatFs/src/ff.o
 .text.get_ldnumber
                0x080061f8       0x88 ./Middlewares/Third_Party/FatFs/src/ff.o
 .text.check_fs
                0x08006280       0xac ./Middlewares/Third_Party/FatFs/src/ff.o
 .text.find_volume
                0x0800632c      0x50c ./Middlewares/Third_Party/FatFs/src/ff.o
 .text.validate
                0x08006838       0x6a ./Middlewares/Third_Party/FatFs/src/ff.o
 *fill*         0x080068a2        0x2 
 .text.f_mount  0x080068a4       0x8c ./Middlewares/Third_Party/FatFs/src/ff.o
                0x080068a4                f_mount
 .text.f_open   0x08006930      0x390 ./Middlewares/Third_Party/FatFs/src/ff.o
                0x08006930                f_open
 .text.f_read   0x08006cc0      0x2be ./Middlewares/Third_Party/FatFs/src/ff.o
                0x08006cc0                f_read
 .text.f_sync   0x08006f7e       0xfc ./Middlewares/Third_Party/FatFs/src/ff.o
                0x08006f7e                f_sync
 .text.f_close  0x0800707a       0x54 ./Middlewares/Third_Party/FatFs/src/ff.o
                0x0800707a                f_close
 *fill*         0x080070ce        0x2 
 .text.FATFS_LinkDriverEx
                0x080070d0       0x98 ./Middlewares/Third_Party/FatFs/src/ff_gen_drv.o
                0x080070d0                FATFS_LinkDriverEx
 .text.FATFS_LinkDriver
                0x08007168       0x1e ./Middlewares/Third_Party/FatFs/src/ff_gen_drv.o
                0x08007168                FATFS_LinkDriver
 *fill*         0x08007186        0x2 
 .text.ff_convert
                0x08007188       0x78 ./Middlewares/Third_Party/FatFs/src/option/ccsbcs.o
                0x08007188                ff_convert
 .text.ff_wtoupper
                0x08007200      0x114 ./Middlewares/Third_Party/FatFs/src/option/ccsbcs.o
                0x08007200                ff_wtoupper
 .text.memset   0x08007314       0x10 C:/ST/STM32CubeIDE_1.16.0/STM32CubeIDE/plugins/com.st.stm32cube.ide.mcu.externaltools.gnu-tools-for-stm32.12.3.rel1.win32_1.0.200.202406191623/tools/bin/../lib/gcc/arm-none-eabi/12.3.1/../../../../arm-none-eabi/lib/thumb/v7e-m+fp/hard\libc_nano.a(libc_a-memset.o)
                0x08007314                memset
 .text.__libc_init_array
                0x08007324       0x48 C:/ST/STM32CubeIDE_1.16.0/STM32CubeIDE/plugins/com.st.stm32cube.ide.mcu.externaltools.gnu-tools-for-stm32.12.3.rel1.win32_1.0.200.202406191623/tools/bin/../lib/gcc/arm-none-eabi/12.3.1/../../../../arm-none-eabi/lib/thumb/v7e-m+fp/hard\libc_nano.a(libc_a-init.o)
                0x08007324                __libc_init_array
 *(.glue_7)
 .glue_7        0x0800736c        0x0 linker stubs
 *(.glue_7t)
 .glue_7t       0x0800736c        0x0 linker stubs
 *(.eh_frame)
 .eh_frame      0x0800736c        0x0 C:/ST/STM32CubeIDE_1.16.0/STM32CubeIDE/plugins/com.st.stm32cube.ide.mcu.externaltools.gnu-tools-for-stm32.12.3.rel1.win32_1.0.200.202406191623/tools/bin/../lib/gcc/arm-none-eabi/12.3.1/thumb/v7e-m+fp/hard/crtbegin.o
 *(.init)
 .init          0x0800736c        0x4 C:/ST/STM32CubeIDE_1.16.0/STM32CubeIDE/plugins/com.st.stm32cube.ide.mcu.externaltools.gnu-tools-for-stm32.12.3.rel1.win32_1.0.200.202406191623/tools/bin/../lib/gcc/arm-none-eabi/12.3.1/thumb/v7e-m+fp/hard/crti.o
                0x0800736c                _init
 .init          0x08007370        0x8 C:/ST/STM32CubeIDE_1.16.0/STM32CubeIDE/plugins/com.st.stm32cube.ide.mcu.externaltools.gnu-tools-for-stm32.12.3.rel1.win32_1.0.200.202406191623/tools/bin/../lib/gcc/arm-none-eabi/12.3.1/thumb/v7e-m+fp/hard/crtn.o
 *(.fini)
 .fini          0x08007378        0x4 C:/ST/STM32CubeIDE_1.16.0/STM32CubeIDE/plugins/com.st.stm32cube.ide.mcu.externaltools.gnu-tools-for-stm32.12.3.rel1.win32_1.0.200.202406191623/tools/bin/../lib/gcc/arm-none-eabi/12.3.1/thumb/v7e-m+fp/hard/crti.o
                0x08007378                _fini
 .fini          0x0800737c        0x8 C:/ST/STM32CubeIDE_1.16.0/STM32CubeIDE/plugins/com.st.stm32cube.ide.mcu.externaltools.gnu-tools-for-stm32.12.3.rel1.win32_1.0.200.202406191623/tools/bin/../lib/gcc/arm-none-eabi/12.3.1/thumb/v7e-m+fp/hard/crtn.o
                0x08007384                        . = ALIGN (0x4)
                0x08007384                        _etext = .

.vfp11_veneer   0x08007384        0x0
 .vfp11_veneer  0x08007384        0x0 linker stubs

.v4_bx          0x08007384        0x0
 .v4_bx         0x08007384        0x0 linker stubs

.iplt           0x08007384        0x0
 .iplt          0x08007384        0x0 C:/ST/STM32CubeIDE_1.16.0/STM32CubeIDE/plugins/com.st.stm32cube.ide.mcu.externaltools.gnu-tools-for-stm32.12.3.rel1.win32_1.0.200.202406191623/tools/bin/../lib/gcc/arm-none-eabi/12.3.1/thumb/v7e-m+fp/hard/crtbegin.o

.rodata         0x08007384      0x640
                0x08007384                        . = ALIGN (0x4)
 *(.rodata)
 .rodata        0x08007384      0x1a0 ./Core/Src/main.o
 .rodata        0x08007524       0x48 ./Middlewares/Third_Party/FatFs/src/ff.o
 *(.rodata*)
 .rodata.AHBPrescTable
                0x0800756c       0x10 ./Core/Src/system_stm32f4xx.o
                0x0800756c                AHBPrescTable
 .rodata.APBPrescTable
                0x0800757c        0x8 ./Core/Src/system_stm32f4xx.o
                0x0800757c                APBPrescTable
 .rodata.ExCvt  0x08007584       0x80 ./Middlewares/Third_Party/FatFs/src/ff.o
 .rodata.LfnOfs
                0x08007604        0xd ./Middlewares/Third_Party/FatFs/src/ff.o
 *fill*         0x08007611        0x3 
 .rodata.Tbl    0x08007614      0x100 ./Middlewares/Third_Party/FatFs/src/option/ccsbcs.o
 .rodata.cvt1.1
                0x08007714      0x1f2 ./Middlewares/Third_Party/FatFs/src/option/ccsbcs.o
 *fill*         0x08007906        0x2 
 .rodata.cvt2.0
                0x08007908       0xbc ./Middlewares/Third_Party/FatFs/src/option/ccsbcs.o
                0x080079c4                        . = ALIGN (0x4)

.ARM.extab      0x080079c4        0x0
                0x080079c4                        . = ALIGN (0x4)
 *(.ARM.extab* .gnu.linkonce.armextab.*)
                0x080079c4                        . = ALIGN (0x4)

.ARM            0x080079c4        0x8
                0x080079c4                        . = ALIGN (0x4)
                0x080079c4                        __exidx_start = .
 *(.ARM.exidx*)
 .ARM.exidx     0x080079c4        0x8 C:/ST/STM32CubeIDE_1.16.0/STM32CubeIDE/plugins/com.st.stm32cube.ide.mcu.externaltools.gnu-tools-for-stm32.12.3.rel1.win32_1.0.200.202406191623/tools/bin/../lib/gcc/arm-none-eabi/12.3.1/../../../../arm-none-eabi/lib/thumb/v7e-m+fp/hard\libc_nano.a(libc_a-strlen.o)
 .ARM.exidx     0x080079cc        0x0 C:/ST/STM32CubeIDE_1.16.0/STM32CubeIDE/plugins/com.st.stm32cube.ide.mcu.externaltools.gnu-tools-for-stm32.12.3.rel1.win32_1.0.200.202406191623/tools/bin/../lib/gcc/arm-none-eabi/12.3.1/thumb/v7e-m+fp/hard\libgcc.a(_udivmoddi4.o)
                                  0x8 (size before relaxing)
                0x080079cc                        __exidx_end = .
                0x080079cc                        . = ALIGN (0x4)

.preinit_array  0x080079cc        0x0
                0x080079cc                        . = ALIGN (0x4)
                0x080079cc                        PROVIDE (__preinit_array_start = .)
 *(.preinit_array*)
                0x080079cc                        PROVIDE (__preinit_array_end = .)
                0x080079cc                        . = ALIGN (0x4)

.init_array     0x080079cc        0x4
                0x080079cc                        . = ALIGN (0x4)
                0x080079cc                        PROVIDE (__init_array_start = .)
 *(SORT_BY_NAME(.init_array.*))
 *(.init_array*)
 .init_array    0x080079cc        0x4 C:/ST/STM32CubeIDE_1.16.0/STM32CubeIDE/plugins/com.st.stm32cube.ide.mcu.externaltools.gnu-tools-for-stm32.12.3.rel1.win32_1.0.200.202406191623/tools/bin/../lib/gcc/arm-none-eabi/12.3.1/thumb/v7e-m+fp/hard/crtbegin.o
                0x080079d0                        PROVIDE (__init_array_end = .)
                0x080079d0                        . = ALIGN (0x4)

.fini_array     0x080079d0        0x4
                0x080079d0                        . = ALIGN (0x4)
                [!provide]                        PROVIDE (__fini_array_start = .)
 *(SORT_BY_NAME(.fini_array.*))
 *(.fini_array*)
 .fini_array    0x080079d0        0x4 C:/ST/STM32CubeIDE_1.16.0/STM32CubeIDE/plugins/com.st.stm32cube.ide.mcu.externaltools.gnu-tools-for-stm32.12.3.rel1.win32_1.0.200.202406191623/tools/bin/../lib/gcc/arm-none-eabi/12.3.1/thumb/v7e-m+fp/hard/crtbegin.o
                [!provide]                        PROVIDE (__fini_array_end = .)
                0x080079d4                        . = ALIGN (0x4)
                0x080079d4                        _sidata = LOADADDR (.data)

.rel.dyn        0x080079d4        0x0
 .rel.iplt      0x080079d4        0x0 C:/ST/STM32CubeIDE_1.16.0/STM32CubeIDE/plugins/com.st.stm32cube.ide.mcu.externaltools.gnu-tools-for-stm32.12.3.rel1.win32_1.0.200.202406191623/tools/bin/../lib/gcc/arm-none-eabi/12.3.1/thumb/v7e-m+fp/hard/crtbegin.o

.data           0x20000000       0x24 load address 0x080079d4
                0x20000000                        . = ALIGN (0x4)
                0x20000000                        _sdata = .
 *(.data)
 *(.data*)
 .data.Stat     0x20000000        0x1 ./Core/Src/fatfs_sd.o
 *fill*         0x20000001        0x3 
 .data.SystemCoreClock
                0x20000004        0x4 ./Core/Src/system_stm32f4xx.o
                0x20000004                SystemCoreClock
 .data.uwTickPrio
                0x20000008        0x4 ./Drivers/STM32F4xx_HAL_Driver/Src/stm32f4xx_hal.o
                0x20000008                uwTickPrio
 .data.uwTickFreq
                0x2000000c        0x1 ./Drivers/STM32F4xx_HAL_Driver/Src/stm32f4xx_hal.o
                0x2000000c                uwTickFreq
 *fill*         0x2000000d        0x3 
 .data.USER_Driver
                0x20000010       0x14 ./FATFS/Target/user_diskio.o
                0x20000010                USER_Driver
 *(.RamFunc)
 *(.RamFunc*)
                0x20000024                        . = ALIGN (0x4)
                0x20000024                        _edata = .

.igot.plt       0x20000024        0x0 load address 0x080079f8
 .igot.plt      0x20000024        0x0 C:/ST/STM32CubeIDE_1.16.0/STM32CubeIDE/plugins/com.st.stm32cube.ide.mcu.externaltools.gnu-tools-for-stm32.12.3.rel1.win32_1.0.200.202406191623/tools/bin/../lib/gcc/arm-none-eabi/12.3.1/thumb/v7e-m+fp/hard/crtbegin.o
                0x20000024                        . = ALIGN (0x4)

.bss            0x20000024      0x308 load address 0x080079f8
                0x20000024                        _sbss = .
                0x20000024                        __bss_start__ = _sbss
 *(.bss)
 .bss           0x20000024       0x1c C:/ST/STM32CubeIDE_1.16.0/STM32CubeIDE/plugins/com.st.stm32cube.ide.mcu.externaltools.gnu-tools-for-stm32.12.3.rel1.win32_1.0.200.202406191623/tools/bin/../lib/gcc/arm-none-eabi/12.3.1/thumb/v7e-m+fp/hard/crtbegin.o
 *(.bss*)
 .bss.Timer1    0x20000040        0x2 ./Core/Src/fatfs_sd.o
                0x20000040                Timer1
 .bss.Timer2    0x20000042        0x2 ./Core/Src/fatfs_sd.o
                0x20000042                Timer2
 .bss.CardType  0x20000044        0x1 ./Core/Src/fatfs_sd.o
 .bss.PowerFlag
                0x20000045        0x1 ./Core/Src/fatfs_sd.o
 *fill*         0x20000046        0x2 
 .bss.hspi1     0x20000048       0x58 ./Core/Src/main.o
                0x20000048                hspi1
 .bss.response  0x200000a0        0x1 ./Core/Src/main.o
                0x200000a0                response
 *fill*         0x200000a1        0x3 
 .bss.huart2    0x200000a4       0x48 ./Core/Src/main.o
                0x200000a4                huart2
 .bss.uwTick    0x200000ec        0x4 ./Drivers/STM32F4xx_HAL_Driver/Src/stm32f4xx_hal.o
                0x200000ec                uwTick
 .bss.retUSER   0x200000f0        0x1 ./FATFS/App/fatfs.o
                0x200000f0                retUSER
 *fill*         0x200000f1        0x3 
 .bss.USERPath  0x200000f4        0x4 ./FATFS/App/fatfs.o
                0x200000f4                USERPath
 .bss.FatFs     0x200000f8        0x4 ./Middlewares/Third_Party/FatFs/src/ff.o
 .bss.Fsid      0x200000fc        0x2 ./Middlewares/Third_Party/FatFs/src/ff.o
 *fill*         0x200000fe        0x2 
 .bss.Files     0x20000100       0x20 ./Middlewares/Third_Party/FatFs/src/ff.o
 .bss.LfnBuf    0x20000120      0x200 ./Middlewares/Third_Party/FatFs/src/ff.o
 .bss.disk      0x20000320        0xc ./Middlewares/Third_Party/FatFs/src/ff_gen_drv.o
                0x20000320                disk
 *(COMMON)
                0x2000032c                        . = ALIGN (0x4)
                0x2000032c                        _ebss = .
                0x2000032c                        __bss_end__ = _ebss

._user_heap_stack
                0x2000032c      0x604 load address 0x080079f8
                0x20000330                        . = ALIGN (0x8)
 *fill*         0x2000032c        0x4 
                [!provide]                        PROVIDE (end = .)
                0x20000330                        PROVIDE (_end = .)
                0x20000530                        . = (. + _Min_Heap_Size)
 *fill*         0x20000330      0x200 
                0x20000930                        . = (. + _Min_Stack_Size)
 *fill*         0x20000530      0x400 
                0x20000930                        . = ALIGN (0x8)

/DISCARD/
 libc.a(*)
 libm.a(*)
 libgcc.a(*)

.ARM.attributes
                0x00000000       0x30
 *(.ARM.attributes)
 .ARM.attributes
                0x00000000       0x22 C:/ST/STM32CubeIDE_1.16.0/STM32CubeIDE/plugins/com.st.stm32cube.ide.mcu.externaltools.gnu-tools-for-stm32.12.3.rel1.win32_1.0.200.202406191623/tools/bin/../lib/gcc/arm-none-eabi/12.3.1/thumb/v7e-m+fp/hard/crti.o
 .ARM.attributes
                0x00000022       0x34 C:/ST/STM32CubeIDE_1.16.0/STM32CubeIDE/plugins/com.st.stm32cube.ide.mcu.externaltools.gnu-tools-for-stm32.12.3.rel1.win32_1.0.200.202406191623/tools/bin/../lib/gcc/arm-none-eabi/12.3.1/thumb/v7e-m+fp/hard/crtbegin.o
 .ARM.attributes
                0x00000056       0x34 ./Core/Src/fatfs_sd.o
 .ARM.attributes
                0x0000008a       0x34 ./Core/Src/main.o
 .ARM.attributes
                0x000000be       0x34 ./Core/Src/stm32f4xx_hal_msp.o
 .ARM.attributes
                0x000000f2       0x34 ./Core/Src/stm32f4xx_it.o
 .ARM.attributes
                0x00000126       0x34 ./Core/Src/system_stm32f4xx.o
 .ARM.attributes
                0x0000015a       0x21 ./Core/Startup/startup_stm32f446retx.o
 .ARM.attributes
                0x0000017b       0x34 ./Drivers/STM32F4xx_HAL_Driver/Src/stm32f4xx_hal.o
 .ARM.attributes
                0x000001af       0x34 ./Drivers/STM32F4xx_HAL_Driver/Src/stm32f4xx_hal_cortex.o
 .ARM.attributes
                0x000001e3       0x34 ./Drivers/STM32F4xx_HAL_Driver/Src/stm32f4xx_hal_dma.o
 .ARM.attributes
                0x00000217       0x34 ./Drivers/STM32F4xx_HAL_Driver/Src/stm32f4xx_hal_gpio.o
 .ARM.attributes
                0x0000024b       0x34 ./Drivers/STM32F4xx_HAL_Driver/Src/stm32f4xx_hal_rcc.o
 .ARM.attributes
                0x0000027f       0x34 ./Drivers/STM32F4xx_HAL_Driver/Src/stm32f4xx_hal_rcc_ex.o
 .ARM.attributes
                0x000002b3       0x34 ./Drivers/STM32F4xx_HAL_Driver/Src/stm32f4xx_hal_spi.o
 .ARM.attributes
                0x000002e7       0x34 ./Drivers/STM32F4xx_HAL_Driver/Src/stm32f4xx_hal_uart.o
 .ARM.attributes
                0x0000031b       0x34 ./FATFS/App/fatfs.o
 .ARM.attributes
                0x0000034f       0x34 ./FATFS/Target/user_diskio.o
 .ARM.attributes
                0x00000383       0x34 ./Middlewares/Third_Party/FatFs/src/diskio.o
 .ARM.attributes
                0x000003b7       0x34 ./Middlewares/Third_Party/FatFs/src/ff.o
 .ARM.attributes
                0x000003eb       0x34 ./Middlewares/Third_Party/FatFs/src/ff_gen_drv.o
 .ARM.attributes
                0x0000041f       0x34 ./Middlewares/Third_Party/FatFs/src/option/ccsbcs.o
 .ARM.attributes
                0x00000453       0x34 C:/ST/STM32CubeIDE_1.16.0/STM32CubeIDE/plugins/com.st.stm32cube.ide.mcu.externaltools.gnu-tools-for-stm32.12.3.rel1.win32_1.0.200.202406191623/tools/bin/../lib/gcc/arm-none-eabi/12.3.1/../../../../arm-none-eabi/lib/thumb/v7e-m+fp/hard\libc_nano.a(libc_a-memset.o)
 .ARM.attributes
                0x00000487       0x34 C:/ST/STM32CubeIDE_1.16.0/STM32CubeIDE/plugins/com.st.stm32cube.ide.mcu.externaltools.gnu-tools-for-stm32.12.3.rel1.win32_1.0.200.202406191623/tools/bin/../lib/gcc/arm-none-eabi/12.3.1/../../../../arm-none-eabi/lib/thumb/v7e-m+fp/hard\libc_nano.a(libc_a-init.o)
 .ARM.attributes
                0x000004bb       0x17 C:/ST/STM32CubeIDE_1.16.0/STM32CubeIDE/plugins/com.st.stm32cube.ide.mcu.externaltools.gnu-tools-for-stm32.12.3.rel1.win32_1.0.200.202406191623/tools/bin/../lib/gcc/arm-none-eabi/12.3.1/../../../../arm-none-eabi/lib/thumb/v7e-m+fp/hard\libc_nano.a(libc_a-strlen.o)
 .ARM.attributes
                0x000004d2       0x22 C:/ST/STM32CubeIDE_1.16.0/STM32CubeIDE/plugins/com.st.stm32cube.ide.mcu.externaltools.gnu-tools-for-stm32.12.3.rel1.win32_1.0.200.202406191623/tools/bin/../lib/gcc/arm-none-eabi/12.3.1/thumb/v7e-m+fp/hard\libgcc.a(_aeabi_uldivmod.o)
 .ARM.attributes
                0x000004f4       0x34 C:/ST/STM32CubeIDE_1.16.0/STM32CubeIDE/plugins/com.st.stm32cube.ide.mcu.externaltools.gnu-tools-for-stm32.12.3.rel1.win32_1.0.200.202406191623/tools/bin/../lib/gcc/arm-none-eabi/12.3.1/thumb/v7e-m+fp/hard\libgcc.a(_udivmoddi4.o)
 .ARM.attributes
                0x00000528       0x22 C:/ST/STM32CubeIDE_1.16.0/STM32CubeIDE/plugins/com.st.stm32cube.ide.mcu.externaltools.gnu-tools-for-stm32.12.3.rel1.win32_1.0.200.202406191623/tools/bin/../lib/gcc/arm-none-eabi/12.3.1/thumb/v7e-m+fp/hard\libgcc.a(_dvmd_tls.o)
 .ARM.attributes
                0x0000054a       0x22 C:/ST/STM32CubeIDE_1.16.0/STM32CubeIDE/plugins/com.st.stm32cube.ide.mcu.externaltools.gnu-tools-for-stm32.12.3.rel1.win32_1.0.200.202406191623/tools/bin/../lib/gcc/arm-none-eabi/12.3.1/thumb/v7e-m+fp/hard/crtn.o
OUTPUT(Lab07.elf elf32-littlearm)
LOAD linker stubs
LOAD C:/ST/STM32CubeIDE_1.16.0/STM32CubeIDE/plugins/com.st.stm32cube.ide.mcu.externaltools.gnu-tools-for-stm32.12.3.rel1.win32_1.0.200.202406191623/tools/bin/../lib/gcc/arm-none-eabi/12.3.1/../../../../arm-none-eabi/lib/thumb/v7e-m+fp/hard\libc.a
LOAD C:/ST/STM32CubeIDE_1.16.0/STM32CubeIDE/plugins/com.st.stm32cube.ide.mcu.externaltools.gnu-tools-for-stm32.12.3.rel1.win32_1.0.200.202406191623/tools/bin/../lib/gcc/arm-none-eabi/12.3.1/../../../../arm-none-eabi/lib/thumb/v7e-m+fp/hard\libm.a
LOAD C:/ST/STM32CubeIDE_1.16.0/STM32CubeIDE/plugins/com.st.stm32cube.ide.mcu.externaltools.gnu-tools-for-stm32.12.3.rel1.win32_1.0.200.202406191623/tools/bin/../lib/gcc/arm-none-eabi/12.3.1/thumb/v7e-m+fp/hard\libgcc.a

.debug_info     0x00000000     0xf0c2
 .debug_info    0x00000000      0xc35 ./Core/Src/fatfs_sd.o
 .debug_info    0x00000c35     0x145a ./Core/Src/main.o
 .debug_info    0x0000208f      0xec4 ./Core/Src/stm32f4xx_hal_msp.o
 .debug_info    0x00002f53      0x657 ./Core/Src/stm32f4xx_it.o
 .debug_info    0x000035aa      0x54a ./Core/Src/system_stm32f4xx.o
 .debug_info    0x00003af4       0x30 ./Core/Startup/startup_stm32f446retx.o
 .debug_info    0x00003b24      0x99a ./Drivers/STM32F4xx_HAL_Driver/Src/stm32f4xx_hal.o
 .debug_info    0x000044be      0xdaa ./Drivers/STM32F4xx_HAL_Driver/Src/stm32f4xx_hal_cortex.o
 .debug_info    0x00005268      0x8e7 ./Drivers/STM32F4xx_HAL_Driver/Src/stm32f4xx_hal_dma.o
 .debug_info    0x00005b4f      0x70b ./Drivers/STM32F4xx_HAL_Driver/Src/stm32f4xx_hal_gpio.o
 .debug_info    0x0000625a      0x8eb ./Drivers/STM32F4xx_HAL_Driver/Src/stm32f4xx_hal_rcc.o
 .debug_info    0x00006b45      0x956 ./Drivers/STM32F4xx_HAL_Driver/Src/stm32f4xx_hal_rcc_ex.o
 .debug_info    0x0000749b     0x1525 ./Drivers/STM32F4xx_HAL_Driver/Src/stm32f4xx_hal_spi.o
 .debug_info    0x000089c0     0x2f4f ./Drivers/STM32F4xx_HAL_Driver/Src/stm32f4xx_hal_uart.o
 .debug_info    0x0000b90f      0x508 ./FATFS/App/fatfs.o
 .debug_info    0x0000be17      0x3a5 ./FATFS/Target/user_diskio.o
 .debug_info    0x0000c1bc      0x3df ./Middlewares/Third_Party/FatFs/src/diskio.o
 .debug_info    0x0000c59b     0x25ef ./Middlewares/Third_Party/FatFs/src/ff.o
 .debug_info    0x0000eb8a      0x37f ./Middlewares/Third_Party/FatFs/src/ff_gen_drv.o
 .debug_info    0x0000ef09      0x1b9 ./Middlewares/Third_Party/FatFs/src/option/ccsbcs.o

.debug_abbrev   0x00000000     0x27b3
 .debug_abbrev  0x00000000      0x2ee ./Core/Src/fatfs_sd.o
 .debug_abbrev  0x000002ee      0x33d ./Core/Src/main.o
 .debug_abbrev  0x0000062b      0x1cd ./Core/Src/stm32f4xx_hal_msp.o
 .debug_abbrev  0x000007f8      0x189 ./Core/Src/stm32f4xx_it.o
 .debug_abbrev  0x00000981      0x11a ./Core/Src/system_stm32f4xx.o
 .debug_abbrev  0x00000a9b       0x24 ./Core/Startup/startup_stm32f446retx.o
 .debug_abbrev  0x00000abf      0x214 ./Drivers/STM32F4xx_HAL_Driver/Src/stm32f4xx_hal.o
 .debug_abbrev  0x00000cd3      0x31d ./Drivers/STM32F4xx_HAL_Driver/Src/stm32f4xx_hal_cortex.o
 .debug_abbrev  0x00000ff0      0x264 ./Drivers/STM32F4xx_HAL_Driver/Src/stm32f4xx_hal_dma.o
 .debug_abbrev  0x00001254      0x1d4 ./Drivers/STM32F4xx_HAL_Driver/Src/stm32f4xx_hal_gpio.o
 .debug_abbrev  0x00001428      0x2b7 ./Drivers/STM32F4xx_HAL_Driver/Src/stm32f4xx_hal_rcc.o
 .debug_abbrev  0x000016df      0x20a ./Drivers/STM32F4xx_HAL_Driver/Src/stm32f4xx_hal_rcc_ex.o
 .debug_abbrev  0x000018e9      0x27a ./Drivers/STM32F4xx_HAL_Driver/Src/stm32f4xx_hal_spi.o
 .debug_abbrev  0x00001b63      0x30e ./Drivers/STM32F4xx_HAL_Driver/Src/stm32f4xx_hal_uart.o
 .debug_abbrev  0x00001e71      0x15e ./FATFS/App/fatfs.o
 .debug_abbrev  0x00001fcf      0x15c ./FATFS/Target/user_diskio.o
 .debug_abbrev  0x0000212b      0x181 ./Middlewares/Third_Party/FatFs/src/diskio.o
 .debug_abbrev  0x000022ac      0x28a ./Middlewares/Third_Party/FatFs/src/ff.o
 .debug_abbrev  0x00002536      0x19f ./Middlewares/Third_Party/FatFs/src/ff_gen_drv.o
 .debug_abbrev  0x000026d5       0xde ./Middlewares/Third_Party/FatFs/src/option/ccsbcs.o

.debug_aranges  0x00000000      0xd20
 .debug_aranges
                0x00000000       0xa8 ./Core/Src/fatfs_sd.o
 .debug_aranges
                0x000000a8       0x58 ./Core/Src/main.o
 .debug_aranges
                0x00000100       0x40 ./Core/Src/stm32f4xx_hal_msp.o
 .debug_aranges
                0x00000140       0x68 ./Core/Src/stm32f4xx_it.o
 .debug_aranges
                0x000001a8       0x28 ./Core/Src/system_stm32f4xx.o
 .debug_aranges
                0x000001d0       0x28 ./Core/Startup/startup_stm32f446retx.o
 .debug_aranges
                0x000001f8       0xf0 ./Drivers/STM32F4xx_HAL_Driver/Src/stm32f4xx_hal.o
 .debug_aranges
                0x000002e8      0x130 ./Drivers/STM32F4xx_HAL_Driver/Src/stm32f4xx_hal_cortex.o
 .debug_aranges
                0x00000418       0x90 ./Drivers/STM32F4xx_HAL_Driver/Src/stm32f4xx_hal_dma.o
 .debug_aranges
                0x000004a8       0x58 ./Drivers/STM32F4xx_HAL_Driver/Src/stm32f4xx_hal_gpio.o
 .debug_aranges
                0x00000500       0x88 ./Drivers/STM32F4xx_HAL_Driver/Src/stm32f4xx_hal_rcc.o
 .debug_aranges
                0x00000588       0x78 ./Drivers/STM32F4xx_HAL_Driver/Src/stm32f4xx_hal_rcc_ex.o
 .debug_aranges
                0x00000600      0x1d0 ./Drivers/STM32F4xx_HAL_Driver/Src/stm32f4xx_hal_spi.o
 .debug_aranges
                0x000007d0      0x208 ./Drivers/STM32F4xx_HAL_Driver/Src/stm32f4xx_hal_uart.o
 .debug_aranges
                0x000009d8       0x28 ./FATFS/App/fatfs.o
 .debug_aranges
                0x00000a00       0x40 ./FATFS/Target/user_diskio.o
 .debug_aranges
                0x00000a40       0x48 ./Middlewares/Third_Party/FatFs/src/diskio.o
 .debug_aranges
                0x00000a88      0x230 ./Middlewares/Third_Party/FatFs/src/ff.o
 .debug_aranges
                0x00000cb8       0x40 ./Middlewares/Third_Party/FatFs/src/ff_gen_drv.o
 .debug_aranges
                0x00000cf8       0x28 ./Middlewares/Third_Party/FatFs/src/option/ccsbcs.o

.debug_rnglists
                0x00000000      0xa18
 .debug_rnglists
                0x00000000       0x80 ./Core/Src/fatfs_sd.o
 .debug_rnglists
                0x00000080       0x41 ./Core/Src/main.o
 .debug_rnglists
                0x000000c1       0x2d ./Core/Src/stm32f4xx_hal_msp.o
 .debug_rnglists
                0x000000ee       0x49 ./Core/Src/stm32f4xx_it.o
 .debug_rnglists
                0x00000137       0x1a ./Core/Src/system_stm32f4xx.o
 .debug_rnglists
                0x00000151       0x19 ./Core/Startup/startup_stm32f446retx.o
 .debug_rnglists
                0x0000016a       0xaf ./Drivers/STM32F4xx_HAL_Driver/Src/stm32f4xx_hal.o
 .debug_rnglists
                0x00000219       0xe0 ./Drivers/STM32F4xx_HAL_Driver/Src/stm32f4xx_hal_cortex.o
 .debug_rnglists
                0x000002f9       0x70 ./Drivers/STM32F4xx_HAL_Driver/Src/stm32f4xx_hal_dma.o
 .debug_rnglists
                0x00000369       0x3f ./Drivers/STM32F4xx_HAL_Driver/Src/stm32f4xx_hal_gpio.o
 .debug_rnglists
                0x000003a8       0x66 ./Drivers/STM32F4xx_HAL_Driver/Src/stm32f4xx_hal_rcc.o
 .debug_rnglists
                0x0000040e       0x5e ./Drivers/STM32F4xx_HAL_Driver/Src/stm32f4xx_hal_rcc_ex.o
 .debug_rnglists
                0x0000046c      0x16f ./Drivers/STM32F4xx_HAL_Driver/Src/stm32f4xx_hal_spi.o
 .debug_rnglists
                0x000005db      0x1bc ./Drivers/STM32F4xx_HAL_Driver/Src/stm32f4xx_hal_uart.o
 .debug_rnglists
                0x00000797       0x19 ./FATFS/App/fatfs.o
 .debug_rnglists
                0x000007b0       0x2b ./FATFS/Target/user_diskio.o
 .debug_rnglists
                0x000007db       0x31 ./Middlewares/Third_Party/FatFs/src/diskio.o
 .debug_rnglists
                0x0000080c      0x1c6 ./Middlewares/Third_Party/FatFs/src/ff.o
 .debug_rnglists
                0x000009d2       0x2c ./Middlewares/Third_Party/FatFs/src/ff_gen_drv.o
 .debug_rnglists
                0x000009fe       0x1a ./Middlewares/Third_Party/FatFs/src/option/ccsbcs.o

.debug_macro    0x00000000    0x23018
 .debug_macro   0x00000000      0x1f7 ./Core/Src/fatfs_sd.o
 .debug_macro   0x000001f7      0xab4 ./Core/Src/fatfs_sd.o
 .debug_macro   0x00000cab      0x29b ./Core/Src/fatfs_sd.o
 .debug_macro   0x00000f46       0x2e ./Core/Src/fatfs_sd.o
 .debug_macro   0x00000f74       0x28 ./Core/Src/fatfs_sd.o
 .debug_macro   0x00000f9c       0x22 ./Core/Src/fatfs_sd.o
 .debug_macro   0x00000fbe       0x8e ./Core/Src/fatfs_sd.o
 .debug_macro   0x0000104c       0x51 ./Core/Src/fatfs_sd.o
 .debug_macro   0x0000109d      0x103 ./Core/Src/fatfs_sd.o
 .debug_macro   0x000011a0       0x6a ./Core/Src/fatfs_sd.o
 .debug_macro   0x0000120a      0x1df ./Core/Src/fatfs_sd.o
 .debug_macro   0x000013e9       0x1c ./Core/Src/fatfs_sd.o
 .debug_macro   0x00001405       0x22 ./Core/Src/fatfs_sd.o
 .debug_macro   0x00001427       0xfb ./Core/Src/fatfs_sd.o
 .debug_macro   0x00001522     0x1011 ./Core/Src/fatfs_sd.o
 .debug_macro   0x00002533      0x11f ./Core/Src/fatfs_sd.o
 .debug_macro   0x00002652    0x16749 ./Core/Src/fatfs_sd.o
 .debug_macro   0x00018d9b       0x6d ./Core/Src/fatfs_sd.o
 .debug_macro   0x00018e08     0x369a ./Core/Src/fatfs_sd.o
 .debug_macro   0x0001c4a2      0x189 ./Core/Src/fatfs_sd.o
 .debug_macro   0x0001c62b       0x5c ./Core/Src/fatfs_sd.o
 .debug_macro   0x0001c687      0xca5 ./Core/Src/fatfs_sd.o
 .debug_macro   0x0001d32c      0x9e9 ./Core/Src/fatfs_sd.o
 .debug_macro   0x0001dd15      0x115 ./Core/Src/fatfs_sd.o
 .debug_macro   0x0001de2a      0x1a0 ./Core/Src/fatfs_sd.o
 .debug_macro   0x0001dfca       0xa5 ./Core/Src/fatfs_sd.o
 .debug_macro   0x0001e06f      0x16d ./Core/Src/fatfs_sd.o
 .debug_macro   0x0001e1dc      0x287 ./Core/Src/fatfs_sd.o
 .debug_macro   0x0001e463       0x5f ./Core/Src/fatfs_sd.o
 .debug_macro   0x0001e4c2      0x236 ./Core/Src/fatfs_sd.o
 .debug_macro   0x0001e6f8      0x132 ./Core/Src/fatfs_sd.o
 .debug_macro   0x0001e82a      0x29c ./Core/Src/fatfs_sd.o
 .debug_macro   0x0001eac6       0x2e ./Core/Src/fatfs_sd.o
 .debug_macro   0x0001eaf4      0x127 ./Core/Src/fatfs_sd.o
 .debug_macro   0x0001ec1b       0xe8 ./Core/Src/fatfs_sd.o
 .debug_macro   0x0001ed03       0x89 ./Core/Src/fatfs_sd.o
 .debug_macro   0x0001ed8c      0x225 ./Core/Src/fatfs_sd.o
 .debug_macro   0x0001efb1      0x2aa ./Core/Src/fatfs_sd.o
 .debug_macro   0x0001f25b      0x126 ./Core/Src/fatfs_sd.o
 .debug_macro   0x0001f381       0x16 ./Core/Src/fatfs_sd.o
 .debug_macro   0x0001f397       0x7c ./Core/Src/fatfs_sd.o
 .debug_macro   0x0001f413       0x9a ./Core/Src/fatfs_sd.o
 .debug_macro   0x0001f4ad      0x365 ./Core/Src/main.o
 .debug_macro   0x0001f812       0x40 ./Core/Src/main.o
 .debug_macro   0x0001f852       0xeb ./Core/Src/main.o
 .debug_macro   0x0001f93d       0x2a ./Core/Src/main.o
 .debug_macro   0x0001f967       0x61 ./Core/Src/main.o
 .debug_macro   0x0001f9c8       0x43 ./Core/Src/main.o
 .debug_macro   0x0001fa0b       0x34 ./Core/Src/main.o
 .debug_macro   0x0001fa3f       0x16 ./Core/Src/main.o
 .debug_macro   0x0001fa55       0x35 ./Core/Src/main.o
 .debug_macro   0x0001fa8a       0x16 ./Core/Src/main.o
 .debug_macro   0x0001faa0       0x43 ./Core/Src/main.o
 .debug_macro   0x0001fae3       0x34 ./Core/Src/main.o
 .debug_macro   0x0001fb17       0x10 ./Core/Src/main.o
 .debug_macro   0x0001fb27       0x58 ./Core/Src/main.o
 .debug_macro   0x0001fb7f       0x8e ./Core/Src/main.o
 .debug_macro   0x0001fc0d       0x1c ./Core/Src/main.o
 .debug_macro   0x0001fc29      0x177 ./Core/Src/main.o
 .debug_macro   0x0001fda0      0x369 ./Core/Src/main.o
 .debug_macro   0x00020109       0x16 ./Core/Src/main.o
 .debug_macro   0x0002011f       0x29 ./Core/Src/main.o
 .debug_macro   0x00020148       0x12 ./Core/Src/main.o
 .debug_macro   0x0002015a       0xe2 ./Core/Src/main.o
 .debug_macro   0x0002023c       0x8e ./Core/Src/main.o
 .debug_macro   0x000202ca       0x16 ./Core/Src/main.o
 .debug_macro   0x000202e0       0x20 ./Core/Src/main.o
 .debug_macro   0x00020300       0x1c ./Core/Src/main.o
 .debug_macro   0x0002031c       0x10 ./Core/Src/main.o
 .debug_macro   0x0002032c       0x1c ./Core/Src/main.o
 .debug_macro   0x00020348       0x16 ./Core/Src/main.o
 .debug_macro   0x0002035e      0x146 ./Core/Src/main.o
 .debug_macro   0x000204a4      0x1d3 ./Core/Src/stm32f4xx_hal_msp.o
 .debug_macro   0x00020677      0x1dd ./Core/Src/stm32f4xx_it.o
 .debug_macro   0x00020854      0x1c4 ./Core/Src/system_stm32f4xx.o
 .debug_macro   0x00020a18      0x224 ./Drivers/STM32F4xx_HAL_Driver/Src/stm32f4xx_hal.o
 .debug_macro   0x00020c3c      0x1c4 ./Drivers/STM32F4xx_HAL_Driver/Src/stm32f4xx_hal_cortex.o
 .debug_macro   0x00020e00      0x1ca ./Drivers/STM32F4xx_HAL_Driver/Src/stm32f4xx_hal_dma.o
 .debug_macro   0x00020fca      0x1ca ./Drivers/STM32F4xx_HAL_Driver/Src/stm32f4xx_hal_gpio.o
 .debug_macro   0x00021194      0x1e8 ./Drivers/STM32F4xx_HAL_Driver/Src/stm32f4xx_hal_rcc.o
 .debug_macro   0x0002137c      0x1c4 ./Drivers/STM32F4xx_HAL_Driver/Src/stm32f4xx_hal_rcc_ex.o
 .debug_macro   0x00021540      0x1d3 ./Drivers/STM32F4xx_HAL_Driver/Src/stm32f4xx_hal_spi.o
 .debug_macro   0x00021713      0x1c5 ./Drivers/STM32F4xx_HAL_Driver/Src/stm32f4xx_hal_uart.o
 .debug_macro   0x000218d8      0x2f8 ./FATFS/App/fatfs.o
 .debug_macro   0x00021bd0       0xe5 ./FATFS/App/fatfs.o
 .debug_macro   0x00021cb5      0x315 ./FATFS/Target/user_diskio.o
 .debug_macro   0x00021fca       0x10 ./FATFS/Target/user_diskio.o
 .debug_macro   0x00021fda       0x56 ./FATFS/Target/user_diskio.o
 .debug_macro   0x00022030      0x2e5 ./Middlewares/Third_Party/FatFs/src/diskio.o
 .debug_macro   0x00022315      0x6f3 ./Middlewares/Third_Party/FatFs/src/ff.o
 .debug_macro   0x00022a08       0x58 ./Middlewares/Third_Party/FatFs/src/ff.o
 .debug_macro   0x00022a60      0x2e5 ./Middlewares/Third_Party/FatFs/src/ff_gen_drv.o
 .debug_macro   0x00022d45      0x2d3 ./Middlewares/Third_Party/FatFs/src/option/ccsbcs.o

.debug_line     0x00000000    0x139ca
 .debug_line    0x00000000      0xe47 ./Core/Src/fatfs_sd.o
 .debug_line    0x00000e47      0xb4e ./Core/Src/main.o
 .debug_line    0x00001995      0x7e5 ./Core/Src/stm32f4xx_hal_msp.o
 .debug_line    0x0000217a      0x822 ./Core/Src/stm32f4xx_it.o
 .debug_line    0x0000299c      0x7b9 ./Core/Src/system_stm32f4xx.o
 .debug_line    0x00003155       0x7a ./Core/Startup/startup_stm32f446retx.o
 .debug_line    0x000031cf      0xa22 ./Drivers/STM32F4xx_HAL_Driver/Src/stm32f4xx_hal.o
 .debug_line    0x00003bf1      0xd14 ./Drivers/STM32F4xx_HAL_Driver/Src/stm32f4xx_hal_cortex.o
 .debug_line    0x00004905      0xf92 ./Drivers/STM32F4xx_HAL_Driver/Src/stm32f4xx_hal_dma.o
 .debug_line    0x00005897      0xb9a ./Drivers/STM32F4xx_HAL_Driver/Src/stm32f4xx_hal_gpio.o
 .debug_line    0x00006431      0xdb9 ./Drivers/STM32F4xx_HAL_Driver/Src/stm32f4xx_hal_rcc.o
 .debug_line    0x000071ea     0x1429 ./Drivers/STM32F4xx_HAL_Driver/Src/stm32f4xx_hal_rcc_ex.o
 .debug_line    0x00008613     0x1d40 ./Drivers/STM32F4xx_HAL_Driver/Src/stm32f4xx_hal_spi.o
 .debug_line    0x0000a353     0x28f4 ./Drivers/STM32F4xx_HAL_Driver/Src/stm32f4xx_hal_uart.o
 .debug_line    0x0000cc47      0x925 ./FATFS/App/fatfs.o
 .debug_line    0x0000d56c      0x97b ./FATFS/Target/user_diskio.o
 .debug_line    0x0000dee7      0x997 ./Middlewares/Third_Party/FatFs/src/diskio.o
 .debug_line    0x0000e87e     0x3da6 ./Middlewares/Third_Party/FatFs/src/ff.o
 .debug_line    0x00012624      0x9b2 ./Middlewares/Third_Party/FatFs/src/ff_gen_drv.o
 .debug_line    0x00012fd6      0x9f4 ./Middlewares/Third_Party/FatFs/src/option/ccsbcs.o

.debug_str      0x00000000    0xcbe32
 .debug_str     0x00000000    0xc4028 ./Core/Src/fatfs_sd.o
                              0xc4345 (size before relaxing)
 .debug_str     0x000c4028     0x4574 ./Core/Src/main.o
                              0xc872d (size before relaxing)
 .debug_str     0x000c859c      0x5f2 ./Core/Src/stm32f4xx_hal_msp.o
                              0xc47f4 (size before relaxing)
 .debug_str     0x000c8b8e      0x106 ./Core/Src/stm32f4xx_it.o
                              0xc3fc8 (size before relaxing)
 .debug_str     0x000c8c94       0xdb ./Core/Src/system_stm32f4xx.o
                              0xc3b65 (size before relaxing)
 .debug_str     0x000c8d6f       0x44 ./Core/Startup/startup_stm32f446retx.o
                                 0x69 (size before relaxing)
 .debug_str     0x000c8db3      0x5e6 ./Drivers/STM32F4xx_HAL_Driver/Src/stm32f4xx_hal.o
                              0xc472a (size before relaxing)
 .debug_str     0x000c9399      0x354 ./Drivers/STM32F4xx_HAL_Driver/Src/stm32f4xx_hal_cortex.o
                              0xc4481 (size before relaxing)
 .debug_str     0x000c96ed      0x31a ./Drivers/STM32F4xx_HAL_Driver/Src/stm32f4xx_hal_dma.o
                              0xc3f5a (size before relaxing)
 .debug_str     0x000c9a07      0x121 ./Drivers/STM32F4xx_HAL_Driver/Src/stm32f4xx_hal_gpio.o
                              0xc3ce0 (size before relaxing)
 .debug_str     0x000c9b28      0x233 ./Drivers/STM32F4xx_HAL_Driver/Src/stm32f4xx_hal_rcc.o
                              0xc3f9e (size before relaxing)
 .debug_str     0x000c9d5b      0x324 ./Drivers/STM32F4xx_HAL_Driver/Src/stm32f4xx_hal_rcc_ex.o
                              0xc3fd1 (size before relaxing)
 .debug_str     0x000ca07f      0x539 ./Drivers/STM32F4xx_HAL_Driver/Src/stm32f4xx_hal_spi.o
                              0xc43fe (size before relaxing)
 .debug_str     0x000ca5b8      0x5d7 ./Drivers/STM32F4xx_HAL_Driver/Src/stm32f4xx_hal_uart.o
                              0xc4555 (size before relaxing)
 .debug_str     0x000cab8f       0x74 ./FATFS/App/fatfs.o
                              0xc7417 (size before relaxing)
 .debug_str     0x000cac03       0x5a ./FATFS/Target/user_diskio.o
                              0xc73cd (size before relaxing)
 .debug_str     0x000cac5d       0x52 ./Middlewares/Third_Party/FatFs/src/diskio.o
                              0xc7313 (size before relaxing)
 .debug_str     0x000cacaf     0x10a9 ./Middlewares/Third_Party/FatFs/src/ff.o
                              0xc861a (size before relaxing)
 .debug_str     0x000cbd58       0x91 ./Middlewares/Third_Party/FatFs/src/ff_gen_drv.o
                              0xc7364 (size before relaxing)
 .debug_str     0x000cbde9       0x49 ./Middlewares/Third_Party/FatFs/src/option/ccsbcs.o
                              0xc70e8 (size before relaxing)

.comment        0x00000000       0x43
 .comment       0x00000000       0x43 ./Core/Src/fatfs_sd.o
                                 0x44 (size before relaxing)
 .comment       0x00000043       0x44 ./Core/Src/main.o
 .comment       0x00000043       0x44 ./Core/Src/stm32f4xx_hal_msp.o
 .comment       0x00000043       0x44 ./Core/Src/stm32f4xx_it.o
 .comment       0x00000043       0x44 ./Core/Src/system_stm32f4xx.o
 .comment       0x00000043       0x44 ./Drivers/STM32F4xx_HAL_Driver/Src/stm32f4xx_hal.o
 .comment       0x00000043       0x44 ./Drivers/STM32F4xx_HAL_Driver/Src/stm32f4xx_hal_cortex.o
 .comment       0x00000043       0x44 ./Drivers/STM32F4xx_HAL_Driver/Src/stm32f4xx_hal_dma.o
 .comment       0x00000043       0x44 ./Drivers/STM32F4xx_HAL_Driver/Src/stm32f4xx_hal_gpio.o
 .comment       0x00000043       0x44 ./Drivers/STM32F4xx_HAL_Driver/Src/stm32f4xx_hal_rcc.o
 .comment       0x00000043       0x44 ./Drivers/STM32F4xx_HAL_Driver/Src/stm32f4xx_hal_rcc_ex.o
 .comment       0x00000043       0x44 ./Drivers/STM32F4xx_HAL_Driver/Src/stm32f4xx_hal_spi.o
 .comment       0x00000043       0x44 ./Drivers/STM32F4xx_HAL_Driver/Src/stm32f4xx_hal_uart.o
 .comment       0x00000043       0x44 ./FATFS/App/fatfs.o
 .comment       0x00000043       0x44 ./FATFS/Target/user_diskio.o
 .comment       0x00000043       0x44 ./Middlewares/Third_Party/FatFs/src/diskio.o
 .comment       0x00000043       0x44 ./Middlewares/Third_Party/FatFs/src/ff.o
 .comment       0x00000043       0x44 ./Middlewares/Third_Party/FatFs/src/ff_gen_drv.o
 .comment       0x00000043       0x44 ./Middlewares/Third_Party/FatFs/src/option/ccsbcs.o

.debug_frame    0x00000000     0x352c
 .debug_frame   0x00000000      0x28c ./Core/Src/fatfs_sd.o
 .debug_frame   0x0000028c      0x118 ./Core/Src/main.o
 .debug_frame   0x000003a4       0xc4 ./Core/Src/stm32f4xx_hal_msp.o
 .debug_frame   0x00000468      0x120 ./Core/Src/stm32f4xx_it.o
 .debug_frame   0x00000588       0x58 ./Core/Src/system_stm32f4xx.o
 .debug_frame   0x000005e0      0x374 ./Drivers/STM32F4xx_HAL_Driver/Src/stm32f4xx_hal.o
 .debug_frame   0x00000954      0x508 ./Drivers/STM32F4xx_HAL_Driver/Src/stm32f4xx_hal_cortex.o
 .debug_frame   0x00000e5c      0x250 ./Drivers/STM32F4xx_HAL_Driver/Src/stm32f4xx_hal_dma.o
 .debug_frame   0x000010ac      0x14c ./Drivers/STM32F4xx_HAL_Driver/Src/stm32f4xx_hal_gpio.o
 .debug_frame   0x000011f8      0x1f4 ./Drivers/STM32F4xx_HAL_Driver/Src/stm32f4xx_hal_rcc.o
 .debug_frame   0x000013ec      0x1e8 ./Drivers/STM32F4xx_HAL_Driver/Src/stm32f4xx_hal_rcc_ex.o
 .debug_frame   0x000015d4      0x828 ./Drivers/STM32F4xx_HAL_Driver/Src/stm32f4xx_hal_spi.o
 .debug_frame   0x00001dfc      0x954 ./Drivers/STM32F4xx_HAL_Driver/Src/stm32f4xx_hal_uart.o
 .debug_frame   0x00002750       0x4c ./FATFS/App/fatfs.o
 .debug_frame   0x0000279c       0xc4 ./FATFS/Target/user_diskio.o
 .debug_frame   0x00002860       0xec ./Middlewares/Third_Party/FatFs/src/diskio.o
 .debug_frame   0x0000294c      0xa0c ./Middlewares/Third_Party/FatFs/src/ff.o
 .debug_frame   0x00003358       0xc8 ./Middlewares/Third_Party/FatFs/src/ff_gen_drv.o
 .debug_frame   0x00003420       0x60 ./Middlewares/Third_Party/FatFs/src/option/ccsbcs.o
 .debug_frame   0x00003480       0x20 C:/ST/STM32CubeIDE_1.16.0/STM32CubeIDE/plugins/com.st.stm32cube.ide.mcu.externaltools.gnu-tools-for-stm32.12.3.rel1.win32_1.0.200.202406191623/tools/bin/../lib/gcc/arm-none-eabi/12.3.1/../../../../arm-none-eabi/lib/thumb/v7e-m+fp/hard\libc_nano.a(libc_a-memset.o)
 .debug_frame   0x000034a0       0x2c C:/ST/STM32CubeIDE_1.16.0/STM32CubeIDE/plugins/com.st.stm32cube.ide.mcu.externaltools.gnu-tools-for-stm32.12.3.rel1.win32_1.0.200.202406191623/tools/bin/../lib/gcc/arm-none-eabi/12.3.1/../../../../arm-none-eabi/lib/thumb/v7e-m+fp/hard\libc_nano.a(libc_a-init.o)
 .debug_frame   0x000034cc       0x2c C:/ST/STM32CubeIDE_1.16.0/STM32CubeIDE/plugins/com.st.stm32cube.ide.mcu.externaltools.gnu-tools-for-stm32.12.3.rel1.win32_1.0.200.202406191623/tools/bin/../lib/gcc/arm-none-eabi/12.3.1/thumb/v7e-m+fp/hard\libgcc.a(_aeabi_uldivmod.o)
 .debug_frame   0x000034f8       0x34 C:/ST/STM32CubeIDE_1.16.0/STM32CubeIDE/plugins/com.st.stm32cube.ide.mcu.externaltools.gnu-tools-for-stm32.12.3.rel1.win32_1.0.200.202406191623/tools/bin/../lib/gcc/arm-none-eabi/12.3.1/thumb/v7e-m+fp/hard\libgcc.a(_udivmoddi4.o)

.debug_line_str
                0x00000000       0x4d
 .debug_line_str
                0x00000000       0x4d ./Core/Startup/startup_stm32f446retx.o
