09:57:55 **** Incremental Build of configuration Debug for project ILI9341 ****
make -j8 all 
arm-none-eabi-size  ILI9341.elf 
   text	   data	    bss	    dec	    hex	filename
  82464	  92908	  27100	 202472	  316e8	ILI9341.elf
Finished building: default.size.stdout
 
09:57:57 **** Incremental Build of configuration Debug for project ILI9341 ****
make -j8 all 
arm-none-eabi-size  ILI9341.elf 
   text	   data	    bss	    dec	    hex	filename
  82464	  92908	  27100	 202472	  316e8	ILI9341.elf
Finished building: default.size.stdout
 
