10:19:32 **** Incremental Build of configuration Debug for project ProbandoRecepcionControles ****
make -j8 all 
arm-none-eabi-gcc "../Core/Src/main.c" -mcpu=cortex-m4 -std=gnu11 -g3 -DDEBUG -DUSE_HAL_DRIVER -DSTM32F446xx -c -I../Core/Inc -I../Drivers/STM32F4xx_HAL_Driver/Inc -I../Drivers/STM32F4xx_HAL_Driver/Inc/Legacy -I../Drivers/CMSIS/Device/ST/STM32F4xx/Include -I../Drivers/CMSIS/Include -O0 -ffunction-sections -fdata-sections -Wall -fstack-usage -fcyclomatic-complexity -MMD -MP -MF"Core/Src/main.d" -MT"Core/Src/main.o" --specs=nano.specs -mfpu=fpv4-sp-d16 -mfloat-abi=hard -mthumb -o "Core/Src/main.o"
arm-none-eabi-gcc -o "ProbandoRecepcionControles.elf" @"objects.list"   -mcpu=cortex-m4 -T"C:\Users\alesa\OneDrive\Documentos\GitHub\ElectronicaDigital2\ProbandoRecepcionControles\STM32F446RETX_FLASH.ld" --specs=nosys.specs -Wl,-Map="ProbandoRecepcionControles.map" -Wl,--gc-sections -static --specs=nano.specs -mfpu=fpv4-sp-d16 -mfloat-abi=hard -mthumb -Wl,--start-group -lc -lm -Wl,--end-group
Finished building target: ProbandoRecepcionControles.elf
 
arm-none-eabi-size  ProbandoRecepcionControles.elf 
arm-none-eabi-objdump -h -S ProbandoRecepcionControles.elf  > "ProbandoRecepcionControles.list"
   text	   data	    bss	    dec	    hex	filename
  12036	     12	   1732	  13780	   35d4	ProbandoRecepcionControles.elf
Finished building: default.size.stdout
 
Finished building: ProbandoRecepcionControles.list
 
10:19:41 **** Incremental Build of configuration Debug for project ProbandoRecepcionControles ****
make -j8 all 
arm-none-eabi-size  ProbandoRecepcionControles.elf 
   text	   data	    bss	    dec	    hex	filename
  12036	     12	   1732	  13780	   35d4	ProbandoRecepcionControles.elf
Finished building: default.size.stdout
 
10:20:19 **** Incremental Build of configuration Debug for project ProbandoRecepcionControles ****
make -j8 all 
arm-none-eabi-size  ProbandoRecepcionControles.elf 
   text	   data	    bss	    dec	    hex	filename
  12036	     12	   1732	  13780	   35d4	ProbandoRecepcionControles.elf
Finished building: default.size.stdout
 
