12:52:20 **** Incremental Build of configuration Debug for project ILI9341 ****
make -j8 all 
arm-none-eabi-gcc "../Core/Src/main.c" -mcpu=cortex-m4 -std=gnu11 -g3 -DDEBUG -DUSE_HAL_DRIVER -DSTM32F446xx -c -I../Core/Inc -I../Drivers/STM32F4xx_HAL_Driver/Inc -I../Drivers/STM32F4xx_HAL_Driver/Inc/Legacy -I../Drivers/CMSIS/Device/ST/STM32F4xx/Include -I../Drivers/CMSIS/Include -O0 -ffunction-sections -fdata-sections -Wall -fstack-usage -fcyclomatic-complexity -MMD -MP -MF"Core/Src/main.d" -MT"Core/Src/main.o" --specs=nano.specs -mfpu=fpv4-sp-d16 -mfloat-abi=hard -mthumb -o "Core/Src/main.o"
arm-none-eabi-gcc -o "ILI9341.elf" @"objects.list"   -mcpu=cortex-m4 -T"C:\Users\alesa\OneDrive\Documentos\GitHub\ElectronicaDigital2\ILI9341\STM32F446RETX_FLASH.ld" --specs=nosys.specs -Wl,-Map="ILI9341.map" -Wl,--gc-sections -static --specs=nano.specs -mfpu=fpv4-sp-d16 -mfloat-abi=hard -mthumb -Wl,--start-group -lc -lm -Wl,--end-group
Finished building target: ILI9341.elf
 
arm-none-eabi-size  ILI9341.elf 
arm-none-eabi-objdump -h -S ILI9341.elf  > "ILI9341.list"
   text	   data	    bss	    dec	    hex	filename
 335176	  92804	   2588	 430568	  691e8	ILI9341.elf
Finished building: default.size.stdout
 
Finished building: ILI9341.list
 

12:52:21 Build Finished. 0 errors, 0 warnings. (took 1s.572ms)

