18:38:33 **** Incremental Build of configuration Debug for project ProbandoSonido ****
make -j8 all 
arm-none-eabi-gcc "../Core/Src/main.c" -mcpu=cortex-m4 -std=gnu11 -g3 -DDEBUG -DUSE_HAL_DRIVER -DSTM32F446xx -c -I../Core/Inc -I../Drivers/STM32F4xx_HAL_Driver/Inc -I../Drivers/STM32F4xx_HAL_Driver/Inc/Legacy -I../Drivers/CMSIS/Device/ST/STM32F4xx/Include -I../Drivers/CMSIS/Include -O0 -ffunction-sections -fdata-sections -Wall -fstack-usage -fcyclomatic-complexity -MMD -MP -MF"Core/Src/main.d" -MT"Core/Src/main.o" --specs=nano.specs -mfpu=fpv4-sp-d16 -mfloat-abi=hard -mthumb -o "Core/Src/main.o"
arm-none-eabi-gcc -o "ProbandoSonido.elf" @"objects.list"   -mcpu=cortex-m4 -T"C:\Users\alesa\OneDrive\Documentos\GitHub\ElectronicaDigital2\ProbandoSonido\STM32F446RETX_FLASH.ld" --specs=nosys.specs -Wl,-Map="ProbandoSonido.map" -Wl,--gc-sections -static --specs=nano.specs -mfpu=fpv4-sp-d16 -mfloat-abi=hard -mthumb -Wl,--start-group -lc -lm -Wl,--end-group
Finished building target: ProbandoSonido.elf
 
arm-none-eabi-size  ProbandoSonido.elf 
arm-none-eabi-objdump -h -S ProbandoSonido.elf  > "ProbandoSonido.list"
   text	   data	    bss	    dec	    hex	filename
  13368	     12	   1716	  15096	   3af8	ProbandoSonido.elf
Finished building: default.size.stdout
 
Finished building: ProbandoSonido.list
 

18:38:34 Build Finished. 0 errors, 0 warnings. (took 1s.137ms)

